12-30 16:38:39.907  1161  1459 I hwcomposer: [DRMDEV] (0) failed to waitNextVsync: -1  
12-30 16:38:39.910  1774  2061 D MIUIInput: [MotionEvent] publisher action=0x1, deviceId=4, 2184193956, channel '64d56fd com.yourname.pdftoolkit.debug/com.yourname.pdftoolkit.ui.MainActivity (server)'
12-30 16:38:39.910  1774  2061 D MIUIInput: [MotionEvent] publisher action=0x1, deviceId=4, 2184193956, channel '[Gesture Monitor] onehanded-touch (server)'
12-30 16:38:39.910  1774  2061 D MIUIInput: [MotionEvent] publisher action=0x1, deviceId=4, 2184193956, channel '[Gesture Monitor] miui-gesture (server)'
12-30 16:38:39.910  1774  2063 W ServiceManagerCppClient: Failed to get isDeclared for vendor.mediatek.hardware.mtkpower.IMtkPowerService/default: Status(-1, EX_SECURITY): 'SELinux denied.'
12-30 16:38:39.911  1774  2063 I mtkpower_client: IMtkPowerService_isDeclared 0
12-30 16:38:39.911  1178  1204 I mtkpower@impl: [mtkPowerHint] hint:25, hold:80, ext:0, ext_hold:0
12-30 16:38:39.911  1178  1262 I libPowerHal: [perfLockAcq] idx:2 hdl:1817590 hint:25 pid:1178 duration:80 lock_user:mtkpower@1.0-se => ret_hdl:1817590
12-30 16:38:39.912  1178  1262 I libPowerHal: [perfLockRel] hdl:1817589, idx:0
12-30 16:38:39.915  1774  5852 I SmartPower: com.google.android.documentsui/10068(30421): idle->invisible(1477ms) R(become foreground) adj=905.
12-30 16:38:39.915  1774  5852 D WindowManager: Collecting in transition 29283: ActivityRecord{38b21c9 u0 com.google.android.documentsui/com.android.documentsui.picker.PickActivity init visibleRequested:false
12-30 16:38:39.915  1774  5852 D MiuiFreeFormManagerService: activeOrFullscreenFreeformTaskIfNeed startDefaultAr:false
12-30 16:38:39.915  1774  5852 D MiuiFreeFormManagerService: onStartActivityInner as = Task{d6fd571 #6517 type=standard A=11117:com.yourname.pdftoolkit.debug} op = null
12-30 16:38:39.915  1774  5852 W AppContinuityRouterStub: mNotificationPolicyService or activityRecord is null.
12-30 16:38:39.915  1229  1315 E BufferQueueDebug: [ActivityRecord{38b21c9 u0 com.google.android.documentsui/com.android.documentsui.picker.PickActivity t6517}#395082](this:0xb4000075d7b3ca30,id:-1,api:0,p:-1,c:-1) id info cannot be read from 'ActivityRecord{38b21c9 u0 com.google.android.documentsui/com.android.documentsui.picker.PickActivity t6517}#395082'
12-30 16:38:39.916  1229  1315 I BufferQueueDebug: [ActivityRecord{38b21c9 u0 com.google.android.documentsui/com.android.documentsui.picker.PickActivity t6517}#395082](this:0xb4000075d7b3ca30,id:-1,api:0,p:-1,c:-1) BufferQueue core=(1229:/system/bin/surfaceflinger)
12-30 16:38:39.917  1774  5852 D WindowManager: setLockTaskAuth: task=Task{d6fd571 #6517 type=standard A=11117:com.yourname.pdftoolkit.debug} mLockTaskAuth=LOCK_TASK_AUTH_PINNABLE
12-30 16:38:39.917  1774  5852 D MiuiFreeFormManagerService: onStartActivityInner as = Task{d6fd571 #6517 type=standard A=11117:com.yourname.pdftoolkit.debug} op = null
12-30 16:38:39.917  1178  1205 I mtkpower@impl: [setMode] type:5, enabled:1
12-30 16:38:39.917 15744 20388 D TaskStackChangeListeners: onTaskDescriptionChanged =  taskId = 6517
12-30 16:38:39.918  1178  1262 I libPowerHal: [perfLockAcq] idx:0 hdl:1817591 hint:11 pid:1178 duration:30000 lock_user:mtkpower@1.0-se => ret_hdl:1817591
12-30 16:38:39.918  1774  5852 D PerfMTKStubImpl: perfLockAcquire
12-30 16:38:39.918  1774  5852 I mtkpower_client: perf_lock_acq, hdl:1817577, dur:400, num:10, pid:1774, tid:5852
12-30 16:38:39.918  1178  1262 I libPowerHal: [PE] LAUNCH update cmd:300c000, param:15
12-30 16:38:39.919  1774  5852 W ServiceManagerCppClient: Failed to get isDeclared for vendor.mediatek.hardware.mtkpower.IMtkPowerService/default: Status(-1, EX_SECURITY): 'SELinux denied.'
12-30 16:38:39.919  1774  5852 I mtkpower_client: IMtkPowerService_isDeclared 0
12-30 16:38:39.919  1774  5852 I mtkpower_client: ret_hdl:1817592
12-30 16:38:39.919  1178  1262 I libPowerHal: [perfLockAcq] idx:4 hdl:1817592 hint:-1 pid:1774 duration:400 lock_user:system_server => ret_hdl:1817592
12-30 16:38:39.919  1178  1262 I libPowerHal: [setGPUFreq] system_server user set gpu freq min:0, max:-1
12-30 16:38:39.919  1178  1262 I libPowerHal: system_server: set gpu opp level: 0
12-30 16:38:39.919  1178  1262 I libPowerHal: system_server: set gpu opp level max: 0
12-30 16:38:39.919  1178  1262 I libPowerHal: [setGPUFreq] Soft min/max = (0, 0); Hard min/max = (33, 0)
12-30 16:38:39.919  1178  1262 I libPowerHal: [setGPUFreq] final min/max = (0, 0)
12-30 16:38:39.919  1178  1262 I libPowerHal: system_server: set gpu opp level: 0
12-30 16:38:39.919  1178  1262 I libPowerHal: system_server: set gpu opp level max: 0
12-30 16:38:39.920  1774  5852 I PowerHalWrapper: amsBoostNotify pid:31697,activity:com.yourname.pdftoolkit.ui.MainActivity, package:com.yourname.pdftoolkit.debug, mProcessCreatePackcom.yourname.pdftoolkit.debug 
12-30 16:38:39.920  1774  5852 I PowerHalWrapper: state: 0 
12-30 16:38:39.920  1774  5852 I mtkpower_client: [Legacy][PowerHal_Wrap_notifyAppState] com.yourname.pdftoolkit.debug/com.yourname.pdftoolkit.ui.MainActivity pid=31697 state:0
12-30 16:38:39.921  1774  5852 I PowerHalWrapper: amsBoostNotify AMS_BOOST_PROCESS_CREATE_BOOST:false 
12-30 16:38:39.921 11854 12036 I bt_shim_scanner: handle_remote_properties: handle_remote_properties Update device_type=0x2 addr_type=0x1
12-30 16:38:39.921  1774  5852 I PowerHalWrapper: <amsBoostResume> last:com.yourname.pdftoolkit.debug, next:com.google.android.documentsui 
12-30 16:38:39.922  1178  1262 I libPowerHal: [perfNotifyAppState] pack:com.yourname.pdftoolkit.debug, act:com.yourname.pdftoolkit.ui.MainActivity, state:0, pid:31697, uid:11117, fps:-1
12-30 16:38:39.922  1774  5852 W ServiceManagerCppClient: Failed to get isDeclared for vendor.mediatek.hardware.mtkpower.IMtkPowerService/default: Status(-1, EX_SECURITY): 'SELinux denied.'
12-30 16:38:39.922  1774  5852 I mtkpower_client: IMtkPowerService_isDeclared 0
12-30 16:38:39.922  1774  5852 W ServiceManagerCppClient: Failed to get isDeclared for vendor.mediatek.hardware.mtkpower.IMtkPowerService/default: Status(-1, EX_SECURITY): 'SELinux denied.'
12-30 16:38:39.922  1774  5852 I mtkpower_client: IMtkPowerService_isDeclared 0
12-30 16:38:39.922  1178  1262 I libPowerHal: [perfLockRel] hdl:1817578, idx:-1
12-30 16:38:39.923  1774  5852 D WindowManager: Collecting in transition 29283: ActivityRecord{38b21c9 u0 com.google.android.documentsui/com.android.documentsui.picker.PickActivity t6517} init visibleRequested:false
12-30 16:38:39.923  1774  5852 E Transition: Trying to add a ready-group twice: Display{#0 state=ON size=1080x2408 ROTATION_0}
12-30 16:38:39.923  1774  5852 D WindowManager: Requesting StartTransition: TransitionRecord{d71dbef id=29283 type=OPEN flags=0x0}
12-30 16:38:39.923  1178  1262 I libPowerHal: [perfLockAcq] idx:5 hdl:1817593 hint:22 pid:1178 duration:10000 lock_user:mtkpower@1.0-se => ret_hdl:1817593
12-30 16:38:39.923  1774  5852 I ActivityTaskManager: START u0 {act=android.intent.action.OPEN_DOCUMENT typ=*/* cmp=com.google.android.documentsui/com.android.documentsui.picker.PickActivity (has extras)} with LAUNCH_MULTIPLE from uid 11117 (BAL_ALLOW_VISIBLE_WINDOW) result code=0
12-30 16:38:39.924  3925 31678 I NearbyDiscovery: (REDACTED) BloomFilterAdvManager: Detected bloom filter but too far away, ignoring. %sm, %s
12-30 16:38:39.924  1161  1459 I hwcomposer: [DRMDEV] (0) failed to waitNextVsync: -1  
12-30 16:38:39.924  2633  2726 I SoScUtils: monitorTransitionRequest mRequestOpenTransition:null mRequestOpenTriggerTask:-1 mRequestCloseTransition:null mRequestCloseTriggerTask:-1 mRequestCloseStageType:-1
12-30 16:38:39.925  1774  5852 D WindowManager: Set transition=TransitionRecord{d71dbef id=29283 type=OPEN flags=0x0}, ready=false, SyncId=29283 used=true, override=false, defer=0, states=Display{#0 state=ON size=1080x2408 ROTATION_0}:false
12-30 16:38:39.925  1161  1438 E TRS     : DpAsyncBlitStream:: thie platform unsupport compress format
12-30 16:38:39.927  2633  2726 D MiuiFullScreenTaskRepository: setFocusedTask taskId=6517, displayId=0, topActivity=ComponentInfo{com.google.android.documentsui/com.android.documentsui.picker.PickActivity}
12-30 16:38:39.927  2633  2726 D MiuiFullScreenTaskRepository: addOrUpdateFullScreenTaskInfo taskId=6517, topActivity=ComponentInfo{com.google.android.documentsui/com.android.documentsui.picker.PickActivity}
12-30 16:38:39.928  1229  1229 I BufferQueueProducer: [FramebufferSurface](this:0xb4000076d69188d0,id:-1,api:1,p:1229,c:1229) queueBuffer: fps=12.02 dur=2163.41 max=1748.78 min=14.97
12-30 16:38:39.928  1161  1438 I hwcomposer: [HWCDisplay] [Display_0 (type:1)] fps:12.018025,dur:2163.42,max:1748.75,min:14.83  
12-30 16:38:39.932  1774  4333 D PerfMTKStubImpl: perfLockAcquire
12-30 16:38:39.932  1774  4333 I mtkpower_client: perf_lock_acq, hdl:1817592, dur:400, num:10, pid:1774, tid:4333
12-30 16:38:39.932  1774  4333 W ServiceManagerCppClient: Failed to get isDeclared for vendor.mediatek.hardware.mtkpower.IMtkPowerService/default: Status(-1, EX_SECURITY): 'SELinux denied.'
12-30 16:38:39.932  1774  4333 I mtkpower_client: IMtkPowerService_isDeclared 0
12-30 16:38:39.933  1774  4333 I mtkpower_client: ret_hdl:1817592
12-30 16:38:39.933  1178  1262 I libPowerHal: [perfLockAcq] idx:4 hdl:1817592 hint:-1 pid:1774 duration:400 lock_user:system_server => ret_hdl:1817592
12-30 16:38:39.933  1178  1262 I libPowerHal: [PU] scn:4, update
12-30 16:38:39.933  1774  4333 D WindowManager: Collecting in transition 29283: ActivityRecord{38b21c9 u0 com.google.android.documentsui/com.android.documentsui.picker.PickActivity t6517} init visibleRequested:false
12-30 16:38:39.933  1178  1262 I libPowerHal: [unsetGPUFreq] current min:0, max:0; scn_gpu_min:0, scn_gpu_max:-1; scn_gpu_min(HL):-1, scn_gpu_max(HL):-1
12-30 16:38:39.933  1178  1262 I libPowerHal: [setGPUFreq] Soft min/max = (0, 0); Hard min/max = (33, 0)
12-30 16:38:39.933  1178  1262 I libPowerHal: [setGPUFreq] final min/max = (0, 0)
12-30 16:38:39.933  1178  1262 I libPowerHal: system_server: set gpu opp level: 0
12-30 16:38:39.933  1178  1262 I libPowerHal: system_server: set gpu opp level max: 0
12-30 16:38:39.934  1774  4333 D WindowManager: Collecting in transition 29283: ActivityRecord{f2e9718 u0 com.yourname.pdftoolkit.debug/com.yourname.pdftoolkit.ui.MainActivity t6517} init visibleRequested:true
12-30 16:38:39.935  1774  4333 D WindowManager: Collecting in transition 29283: ActivityRecord{38b21c9 u0 com.google.android.documentsui/com.android.documentsui.picker.PickActivity t6517} init visibleRequested:true
12-30 16:38:39.935  2633  2726 D MiuiFullScreenTaskRepository: setFocusedTask taskId=6517, displayId=0, topActivity=ComponentInfo{com.google.android.documentsui/com.android.documentsui.picker.PickActivity}
12-30 16:38:39.935  2633  2726 D MiuiFullScreenTaskRepository: addOrUpdateFullScreenTaskInfo taskId=6517, topActivity=ComponentInfo{com.google.android.documentsui/com.android.documentsui.picker.PickActivity}
12-30 16:38:39.937 30421 31813 D libMEOW : meow new tls: 0xb400007d0f8f7800
12-30 16:38:39.937  1774  4333 W WindowManager: Changing focus from Window{64d56fd u0 com.yourname.pdftoolkit.debug/com.yourname.pdftoolkit.ui.MainActivity} to null displayId=0 Callers=com.android.server.wm.RootWindowContainer.updateFocusedWindowLocked:539 com.android.server.wm.WindowManagerService.updateFocusedWindowLocked:6779 com.android.server.wm.ActivityTaskManagerService.setLastResumedActivityUncheckLocked:5443 com.android.server.wm.ActivityTaskSupervisor.updateTopResumedActivityIfNeeded:2527 
12-30 16:38:39.937 30421 31813 D libMEOW : applied 0 plugin for [com.google.android.documentsui].
12-30 16:38:39.937 30421 31813 D libMEOW : rebuild call chain: 0xb400007c812ba8c0
12-30 16:38:39.937  1774  4333 D WindowManager: wms.Input focus has changed to null display=0 updateInputWindows = true
12-30 16:38:39.937 30421 31813 D libMEOW : meow delete tls: 0xb400007d0f8f7800
12-30 16:38:39.938  1774  4333 I PowerHalWrapper: amsBoostNotify pid:30421,activity:com.android.documentsui.picker.PickActivity, package:com.google.android.documentsui, mProcessCreatePackcom.yourname.pdftoolkit.debug 
12-30 16:38:39.938  1774  4333 I PowerHalWrapper: state: 1 
12-30 16:38:39.939  1178  1262 I libPowerHal: [perfNotifyAppState] pack:com.google.android.documentsui, act:com.android.documentsui.picker.PickActivity, state:1, pid:30421, uid:10068, fps:-1
12-30 16:38:39.939  1178  1262 I libPowerHal: [perfNotifyAppState] foreground:com.google.android.documentsui, pid:30421, uid:10068
12-30 16:38:39.939  1178  1262 E UxUtility: notifyAppState error = NULL
12-30 16:38:39.939  1178  1262 I TouchUtility: notifyAppState error = NULL
12-30 16:38:39.939  1178  1204 I mtkpower@impl: [notifyAppState] pc:0, com.yourname.pdftoolkit.debug => com.google.android.documentsui
12-30 16:38:39.939  1774  4333 I mtkpower_client: [Legacy][PowerHal_Wrap_notifyAppState] com.google.android.documentsui/com.android.documentsui.picker.PickActivity pid=30421 state:1
12-30 16:38:39.940  1774  4333 I PowerHalWrapper: amsBoostNotify AMS_BOOST_PROCESS_CREATE_BOOST:false 
12-30 16:38:39.941  1774  4333 D WindowManager: Collecting in transition 29283: ActivityRecord{38b21c9 u0 com.google.android.documentsui/com.android.documentsui.picker.PickActivity t6517} init visibleRequested:true
12-30 16:38:39.941  1774  4333 W AppContinuityRouterStub: mNotificationPolicyService or activityRecord is null.
12-30 16:38:39.941  1774  4333 D WindowManager: Set transition=TransitionRecord{d71dbef id=29283 type=OPEN flags=0x0}, ready=true, SyncId=29283 
12-30 16:38:39.941  1229  1229 I BpBinder: onLastStrongRef automatically unlinking death recipients: 
12-30 16:38:39.942  1774  4333 W AppContinuityRouterStub: mNotificationPolicyService or activityRecord is null.
12-30 16:38:39.942  1161  1438 E TRS     : DpAsyncBlitStream:: thie platform unsupport compress format
12-30 16:38:39.947  1774  1845 D SurfaceComposerClient: Transaction::apply InputWindowCommands.focusRequests timestamp=2184193993637031, windowName=<null>
12-30 16:38:39.948  1229  1316 I SurfaceFlinger: sf.setTransactionState focusRequest transactionId:7619275073728 frontWin:<null>
12-30 16:38:39.950  1774  1844 D ActivityManager: mediaResourceManagerBinder get success
12-30 16:38:39.950  1436  8219 D ResourceManagerService: update package name: com.google.android.documentsui
12-30 16:38:39.951  1436  8219 D ResourceManagerService: packageName: com.google.android.documentsui, uid : 10068, hashCode : 16699598
12-30 16:38:39.951  1436  8219 D ResourceManagerService: ResourceManagerService::setCodecsVppMode
12-30 16:38:39.951  1436  8219 D ResourceManagerService: all codecs setVppMode return fail
12-30 16:38:39.951  1774  1842 D Aurogon :  uid = 10068 switch to FG
12-30 16:38:39.951  6016 26664 D PMonitor:  onForegroundActivitiesChanged:pid = 30421,activity-uid=10068,foregroundActivities=true
12-30 16:38:39.954 15744 20388 D TaskStackChangeListeners: onTaskDescriptionChanged =  taskId = 6517
12-30 16:38:39.956  6724 27600 D PerfEngineController: ForegroundInfo{mForegroundPackageName='com.google.android.documentsui', mForegroundUid=10068, mForegroundPid=30421, mLastForegroundPackageName='com.yourname.pdftoolkit.debug', mLastForegroundUid=11117, mLastForegroundPid=31697, mMultiWindowForegroundPackageName='com.google.android.documentsui', mMultiWindowForegroundUid=10068, mFlags=0}
12-30 16:38:39.956 15744 20388 D TaskStackChangeListeners: onTaskDescriptionChanged =  taskId = 6517
12-30 16:38:39.956 15744 15108 D AppObserver: ForegroundInfo{mForegroundPackageName='com.google.android.documentsui', mForegroundUid=10068, mForegroundPid=30421, mLastForegroundPackageName='com.yourname.pdftoolkit.debug', mLastForegroundUid=11117, mLastForegroundPid=31697, mMultiWindowForegroundPackageName='com.google.android.documentsui', mMultiWindowForegroundUid=10068, mFlags=0}
12-30 16:38:39.956  6728 11395 I GST     : forePkg: com.google.android.documentsui, preForePkg: com.yourname.pdftoolkit.debug
12-30 16:38:39.956  5378 23180 I ProcessMonitor: onForegroundInfoChanged: ForegroundInfo{mForegroundPackageName='com.google.android.documentsui', mForegroundUid=10068, mForegroundPid=30421, mLastForegroundPackageName='com.yourname.pdftoolkit.debug', mLastForegroundUid=11117, mLastForegroundPid=31697, mMultiWindowForegroundPackageName='com.google.android.documentsui', mMultiWindowForegroundUid=10068, mFlags=0}
12-30 16:38:39.958  5378  7123 D v1      : myUserId = 0	currentUserId0
12-30 16:38:39.961 30421 30421 D DecorView[]: getWindowModeFromSystem  windowmode is 1
12-30 16:38:39.961  1774  2125 I MiuiNetworkPolicy: updateUidState uid = 10068, uidState = 2
12-30 16:38:39.963 30421 30421 D ScrollerOptimizationManager: registerConfigChangedListener
12-30 16:38:39.963 30421 30421 D ScrollerOptimizationManager: registerConfigChangedListener
12-30 16:38:39.965  5378 23180 I GameBoosterService: onForegroundInfoChanged: Cur=com.google.android.documentsui	 last=com.yourname.pdftoolkit.debug
12-30 16:38:39.965 30421 30421 D ScrollerOptimizationManager: registerConfigChangedListener
12-30 16:38:39.966 30421 30421 D ScrollerOptimizationManager: registerConfigChangedListener
12-30 16:38:39.967 30421 30421 D ScrollerOptimizationManager: registerConfigChangedListener
12-30 16:38:39.967  5378 23180 D GameBoosterService: onGameStatusChange foreground:ForegroundInfo{mForegroundPackageName='com.google.android.documentsui', mForegroundUid=10068, mForegroundPid=30421, mLastForegroundPackageName='com.yourname.pdftoolkit.debug', mLastForegroundUid=11117, mLastForegroundPid=31697, mMultiWindowForegroundPackageName='com.google.android.documentsui', mMultiWindowForegroundUid=10068, mFlags=0}
12-30 16:38:39.967  5378 23180 I VideoBoxUtils: isSupportVideoBox: false
12-30 16:38:39.967  5378 23180 I VideoToolBoxService: vtb is closed!!!
12-30 16:38:39.967 30421 30421 D ScrollerOptimizationManager: registerConfigChangedListener
12-30 16:38:39.967 30712 31092 E msys    : E[N MQTT]onConnectError(562)=>Connect Error: folly::AsyncSocketException: AsyncSocketException: connect failed, type = Socket not open, errno = 110 (Connection timed out)
12-30 16:38:39.969  1229  1229 I SurfaceFlinger: sf.transactionReadyTimelineCheck focusRequest transactionId:7619275073728 vsyncId: -1
12-30 16:38:39.969  1229  1229 I BufferQueueProducer: [com.yourname.pdftoolkit.debug/com.yourname.pdftoolkit.ui.MainActivity#395076](this:0xb4000075d7ba1a30,id:-1,api:0,p:-1,c:1229) queueBuffer: fps=9.09 dur=2090.75 max=1793.17 min=16.43
12-30 16:38:39.969  1229  1229 D SurfaceFlinger: Focus addInputWindowCommands timestamp=2184193993637031, windowName=<null>
12-30 16:38:39.969  1229  1229 D SurfaceFlinger: Find Focus windowName=<null>, notVisible=1
12-30 16:38:39.969  1229  1229 D Layer   : Focus: com.miui.miwallpaper.wallpaperservice.MiuiKeyguardPictorialWallpaper#353513 isHiddenByPolicy s.flags&layer_state_t::eLayerHidden=1
12-30 16:38:39.969  1229  1229 D Layer   : Focus: isHiddenByPolicy parent com.miui.miwallpaper.wallpaperservice.MiuiKeyguardPictorialWallpaper#353513 is hidden cause not visible
12-30 16:38:39.969  1229  1229 D SurfaceFlinger: Focus inVisible Reason:isVisibleForInput(){hasInputInfo()?canReceiveInput():isVisible()}=0 has=1 can{!isHiddenByPolicy()&&(mBuffer==nullptr||getAlpha()>0.0f)}=0 Hidden=1 Buf=0 getA=0
12-30 16:38:39.969  1229  1229 D SurfaceFlinger: Find Focus windowName=<null>, notVisible=1
12-30 16:38:39.969  1229  1229 D Layer   : Focus: com.miui.miwallpaper.wallpaperservice.ImageWallpaper#353510 isHiddenByPolicy s.flags&layer_state_t::eLayerHidden=1
12-30 16:38:39.969  1229  1229 D Layer   : Focus: isHiddenByPolicy parent com.miui.miwallpaper.wallpaperservice.ImageWallpaper#353510 is hidden cause not visible
12-30 16:38:39.969  1229  1229 D SurfaceFlinger: Focus inVisible Reason:isVisibleForInput(){hasInputInfo()?canReceiveInput():isVisible()}=0 has=1 can{!isHiddenByPolicy()&&(mBuffer==nullptr||getAlpha()>0.0f)}=0 Hidden=1 Buf=0 getA=1
12-30 16:38:39.970  1229  1808 D SurfaceFlinger: updateWinowInfo=1, setFocusedWindow timestamp=2184193993637031, windowName=<null>
12-30 16:38:39.970 30421 30421 D ScrollerOptimizationManager: registerConfigChangedListener
12-30 16:38:39.970  1161  1438 E TRS     : DpAsyncBlitStream:: thie platform unsupport compress format
12-30 16:38:39.972 30712 30950 W RealtimeClientManager: Channel state: MqttChannelState{mConnectionState=DISCONNECTED, mDisconnectionReason=null, mLastConnectionMs=0, mLastDisconnectMs=3569438316}
12-30 16:38:39.975 15744 15108 D TaskStackChangeListeners: onTaskDescriptionChanged =  taskId = 6517
12-30 16:38:39.986  1161  1438 E TRS     : DpAsyncBlitStream:: thie platform unsupport compress format
12-30 16:38:39.989 30421 30421 E oid.documentsui: No package ID ff found for resource ID 0xffffffff.
12-30 16:38:39.992  1178  1262 I mtkpower@impl: [powerd_req] TIMER_MSG_PERF_LOCK_TIMEOUT hdl:1817590
12-30 16:38:39.992  1178  1262 I libPowerHal: [perfLockRel] hdl:1817590, idx:2
12-30 16:38:39.992  1178  1262 I libPowerHal: [PD] MTKPOWER_HINT_APP_TOUCH update cmd:410000 param:0
12-30 16:38:39.992  1178  1262 I libPowerHal: [PD] MTKPOWER_HINT_APP_TOUCH update cmd:3408600 param:0
12-30 16:38:39.993  1453  1588 D ULogGuard: Monitoring: 16 threads, 0 requests, 0 time-bombs; 3 guards. ResetFlags = 0x7
12-30 16:38:39.994 30421 30421 D ScrollerOptimizationManager: registerConfigChangedListener
12-30 16:38:39.995 30421 30421 W SelectionTracker: Setting gestureTooltypes is likely to result in unexpected behavior.
12-30 16:38:39.996 30421 30421 E oid.documentsui: No package ID ff found for resource ID 0xffffffff.
12-30 16:38:39.999  1229  1971 D SurfaceFlinger: [SF client] NEW(0xb4000075e9ee5b80) for (30421:com.google.android.documentsui)
12-30 16:38:40.000  1774  4115 I SmartPower: com.android.externalstorage/10091(30492): idle->background(4492ms) R(content provider start ContentProviderRecord{aadb818 u0 com.android.externalstorage/.ExternalStorageProvider}) adj=0.
12-30 16:38:40.000  1774  2125 I MiuiNetworkPolicy: updateUidState uid = 10091, uidState = 3
12-30 16:38:40.001 30421 30469 W libc    : Access denied finding property "ro.vendor.display.iris_x7.support"
12-30 16:38:40.001 30421 30421 D VRI[PickActivity]: hardware acceleration = true, forceHwAccelerated = false
12-30 16:38:40.002  1229  1971 E BufferQueueDebug: [aa35c32 com.google.android.documentsui/com.android.documentsui.picker.PickActivity#395083](this:0xb4000075d7bb4a30,id:-1,api:0,p:-1,c:-1) id info cannot be read from 'aa35c32 com.google.android.documentsui/com.android.documentsui.picker.PickActivity#395083'
12-30 16:38:40.002  1229  1971 I BufferQueueDebug: [aa35c32 com.google.android.documentsui/com.android.documentsui.picker.PickActivity#395083](this:0xb4000075d7bb4a30,id:-1,api:0,p:-1,c:-1) BufferQueue core=(1229:/system/bin/surfaceflinger)
12-30 16:38:40.003  1161  1438 E TRS     : DpAsyncBlitStream:: thie platform unsupport compress format
12-30 16:38:40.008  2633  7141 D MiuiFreeformModeObserver: activityResumed() intent Intent { cmp=com.google.android.documentsui/com.android.documentsui.picker.PickActivity (has extras) }
12-30 16:38:40.009 30421 30421 E oid.documentsui: No package ID ff found for resource ID 0xffffffff.
12-30 16:38:40.009 15744 15744 D RecentsImpl: mActivityStateObserver com.android.documentsui.picker.PickActivity
12-30 16:38:40.009 15744 15744 W RecentsImpl: onResumed className=com.android.documentsui.picker.PickActivity   mIsInAnotherPro=false   isKeyguardLocked=false   mSecuritySpaceGuideShown=false
12-30 16:38:40.010 15744 15807 W RecentsImpl: disableTouchBySwipeStatusBar    disable=false
12-30 16:38:40.010 15744 15808 D RecentsImpl: showNavStubView
12-30 16:38:40.010 15744 15807 D GestureStubView_Touch: disableTouchBySwipeStatusBar    old=false   new=false
12-30 16:38:40.010 15744 15808 D NavStubView_Touch: setKeepHidden    old=false   new=false
12-30 16:38:40.010 15744 15807 D GestureStubView_Touch: disableTouchBySwipeStatusBar    old=false   new=false
12-30 16:38:40.010 15744 15807 W RecentsImpl: disableBackStubWindow    disableTouch=false
12-30 16:38:40.010 15744 15807 D GestureStubView_Touch: disableTouch    old=false   new=false
12-30 16:38:40.010 15744 15807 D GestureStubView_Touch: disableTouch    old=false   new=false
12-30 16:38:40.010 15744 15807 D RecentsImpl: showBackStubWindow  hasNavigationBar=true
12-30 16:38:40.010 15744 15807 D GestureStubView_Touch: setKeepHidden    old=false   new=false
12-30 16:38:40.010 15744 15807 W GestureStubView: adaptRotation   currentRotation=0   mRotation=0
12-30 16:38:40.010 15744 15807 D GestureStubView: resetRenderProperty: showGestureStub   isLayoutParamChanged=false
12-30 16:38:40.010 15744 15807 D GestureStubView_Touch: disableTouch    old=false   new=false
12-30 16:38:40.010 15744 15807 D GestureStubView: showGestureStub
12-30 16:38:40.010 15744 15807 D GestureStubView_Touch: setKeepHidden    old=false   new=false
12-30 16:38:40.010 15744 15807 W GestureStubView: adaptRotation   currentRotation=0   mRotation=0
12-30 16:38:40.010 15744 15807 D GestureStubView: resetRenderProperty: showGestureStub   isLayoutParamChanged=false
12-30 16:38:40.010 15744 15807 D GestureStubView_Touch: disableTouch    old=false   new=false
12-30 16:38:40.011 15744 15807 D GestureStubView: showGestureStub
12-30 16:38:40.011  1774  5607 D CoreBackPreview: Window{aa35c32 u0 com.google.android.documentsui/com.android.documentsui.picker.PickActivity}: Setting back callback OnBackInvokedCallbackInfo{mCallback=android.window.IOnBackInvokedCallback$Stub$Proxy@8a30f39, mPriority=0, mIsAnimationCallback=false}
12-30 16:38:40.014  1229  1971 E BufferQueueDebug: [com.google.android.documentsui/com.android.documentsui.picker.PickActivity#395084](this:0xb4000075d7bbaa30,id:-1,api:0,p:-1,c:-1) id info cannot be read from 'com.google.android.documentsui/com.android.documentsui.picker.PickActivity#395084'
12-30 16:38:40.014  1229  1971 I BufferQueueDebug: [com.google.android.documentsui/com.android.documentsui.picker.PickActivity#395084](this:0xb4000075d7bbaa30,id:-1,api:0,p:-1,c:-1) BufferQueue core=(1229:/system/bin/surfaceflinger)
12-30 16:38:40.017  2633  2726 D MiuiFullScreenTaskRepository: setFocusedTask taskId=6517, displayId=0, topActivity=ComponentInfo{com.google.android.documentsui/com.android.documentsui.picker.PickActivity}
12-30 16:38:40.017  2633  2726 D MiuiFullScreenTaskRepository: addOrUpdateFullScreenTaskInfo taskId=6517, topActivity=ComponentInfo{com.google.android.documentsui/com.android.documentsui.picker.PickActivity}
12-30 16:38:40.017  1774  4115 W WindowManager: Changing focus from null to Window{aa35c32 u0 com.google.android.documentsui/com.android.documentsui.picker.PickActivity} displayId=0 Callers=com.android.server.wm.RootWindowContainer.updateFocusedWindowLocked:539 com.android.server.wm.WindowManagerService.updateFocusedWindowLocked:6779 com.android.server.wm.WindowManagerService.relayoutWindow:2894 com.android.server.wm.Session.relayout:263 
12-30 16:38:40.018  1229  1971 E BufferQueueDebug: [Surface(name=8ee3c46 StatusBar)/@0xb1e778 - animation-leash of insets_animation#395085](this:0xb4000075d7bbda30,id:-1,api:0,p:-1,c:-1) id info cannot be read from 'Surface(name=8ee3c46 StatusBar)/@0xb1e778 - animation-leash of insets_animation#395085'
12-30 16:38:40.018  1229  1971 I BufferQueueDebug: [Surface(name=8ee3c46 StatusBar)/@0xb1e778 - animation-leash of insets_animation#395085](this:0xb4000075d7bbda30,id:-1,api:0,p:-1,c:-1) BufferQueue core=(1229:/system/bin/surfaceflinger)
12-30 16:38:40.018  1774  4115 D WindowManager: wms.Input focus has changed to Window{aa35c32 u0 com.google.android.documentsui/com.android.documentsui.picker.PickActivity} display=0 updateInputWindows = true
12-30 16:38:40.019 15744 15807 D GestureStubView: gatherTransparentRegion: need render w:54  h:1444
12-30 16:38:40.019 15744 15807 D GestureStubView: gatherTransparentRegion: need render w:54  h:1444
12-30 16:38:40.020  1774  4115 I WindowManager: Relayout Window{aa35c32 u0 com.google.android.documentsui/com.android.documentsui.picker.PickActivity}: oldVis=4 newVis=0 focusMayChange = true requestedWidth = 1080 requestedHeight = 2408 outFrames = ClientWindowFrames{frame=[0,0][1080,2408] display=[0,0][1080,2408] parentFrame=[0,0][0,0]} outSurfaceControl = Surface(name=com.google.android.documentsui/com.android.documentsui.picker.PickActivity)/@0xea63f8a
12-30 16:38:40.020  1161  1438 E TRS     : DpAsyncBlitStream:: thie platform unsupport compress format
12-30 16:38:40.021 30421 30421 D BufferQueueConsumer: [](id:76d500000003,api:0,p:-1,c:30421) connect: controlledByApp=false
12-30 16:38:40.022  1774  1845 D SurfaceComposerClient: Transaction::apply InputWindowCommands.focusRequests timestamp=2184194067588031, windowName=aa35c32 com.google.android.documentsui/com.android.documentsui.picker.PickActivity
12-30 16:38:40.022  1229  1315 I SurfaceFlinger: sf.setTransactionState focusRequest transactionId:7619275073735 frontWin:aa35c32 com.google.android.documentsui/com.android.documentsui.picker.PickActivity
12-30 16:38:40.023  6724  7336 E PowerKeeper.Thermal: ProcessInfo java.lang.NumberFormatException: For input string: "CPU usage from 531897ms to 231697ms ago (2025-12-30 16"
12-30 16:38:40.024 30421 30469 E OpenGLRenderer: Unable to match the desired swap behavior.
12-30 16:38:40.027 15744 15108 D TaskStackChangeListeners: onTaskDescriptionChanged =  taskId = 6517
12-30 16:38:40.035  1229  1229 I SurfaceFlinger: sf.transactionReadyTimelineCheck focusRequest transactionId:7619275073735 vsyncId: -1
12-30 16:38:40.035  1229  1229 D SurfaceFlinger: Focus addInputWindowCommands timestamp=2184194067588031, windowName=aa35c32 com.google.android.documentsui/com.android.documentsui.picker.PickActivity
12-30 16:38:40.036  1229  1229 D SurfaceFlinger: Find Focus windowName=aa35c32 com.google.android.documentsui/com.android.documentsui.picker.PickActivity, notVisible=1
12-30 16:38:40.036  1229  1229 D Layer   : Focus: ActivityRecord{38b21c9 u0 com.google.android.documentsui/com.android.documentsui.picker.PickActivity t6517}#395082 isHiddenByPolicy s.flags&layer_state_t::eLayerHidden=1
12-30 16:38:40.036  1229  1229 D Layer   : Focus: isHiddenByPolicy parent ActivityRecord{38b21c9 u0 com.google.android.documentsui/com.android.documentsui.picker.PickActivity t6517}#395082 is hidden cause not visible
12-30 16:38:40.036  1229  1229 D SurfaceFlinger: Focus inVisible Reason:isVisibleForInput(){hasInputInfo()?canReceiveInput():isVisible()}=0 has=1 can{!isHiddenByPolicy()&&(mBuffer==nullptr||getAlpha()>0.0f)}=0 Hidden=1 Buf=1 getA=1
12-30 16:38:40.037  1229  1808 D SurfaceFlinger: updateWinowInfo=1, setFocusedWindow timestamp=2184194067588031, windowName=aa35c32 com.google.android.documentsui/com.android.documentsui.picker.PickActivity
12-30 16:38:40.037  1161  1438 E TRS     : DpAsyncBlitStream:: thie platform unsupport compress format
12-30 16:38:40.042 15744 15108 D RecentsModel: onTaskStackChangedBackground
12-30 16:38:40.042 15744 15883 D RecentsModel: onTaskStackChangedBackground    MSG_TASK_STACK_CHANGE
12-30 16:38:40.042 15744 15883 D RecentsModel: preloadRecents
12-30 16:38:40.042 15744 15883 W RecentsModel: getRunningTask
12-30 16:38:40.043 15744 15108 D RecentsModel: onTaskStackChangedBackground
12-30 16:38:40.043 15744 15108 D EventBus: No subscribers registered for event class com.miui.home.recents.messages.RecentTasksChangedEvent
12-30 16:38:40.043 15744 15108 D EventBus: No subscribers registered for event class org.greenrobot.eventbus.NoSubscriberEvent
12-30 16:38:40.043  5378  7123 I SCTaskStackListener: onTaskStackChanged! inSplit = false
12-30 16:38:40.044  5378 23180 I SCTaskStackListener: onTaskStackChanged! inSplit = false
12-30 16:38:40.045 15744 15883 W RecentsModel: getRunningTask   taskInfo=TaskInfo{userId=0 taskId=6517 displayId=0 isRunning=true baseIntent=Intent { act=android.intent.action.MAIN cat=[android.intent.category.LAUNCHER] flg=0x10200000 cmp=com.yourname.pdftoolkit.debug/com.yourname.pdftoolkit.ui.MainActivity } baseActivity=ComponentInfo{com.yourname.pdftoolkit.debug/com.yourname.pdftoolkit.ui.MainActivity} topActivity=ComponentInfo{com.google.android.documentsui/com.android.documentsui.picker.PickActivity} origActivity=null realActivity=ComponentInfo{com.yourname.pdftoolkit.debug/com.yourname.pdftoolkit.ui.MainActivity} numActivities=2 lastActiveTime=3569438389 supportsSplitScreenMultiWindow=true supportsMultiWindow=true resizeMode=1 isResizeable=true minWidth=-1 minHeight=-1 defaultMinSize=200 token=WCT{android.window.IWindowContainerToken$Stub$Proxy@efe69} topActivityType=1 pictureInPictureParams=null shouldDockBigOverlays=false launchIntoPipHostTaskId=-1 lastParentTaskIdBeforePip=-1 displayCutoutSafeInsets=Rect(0, 76 - 0, 0) topActivityInfo=ActivityInfo{61c80ee com.android.documentsui.picker.PickActivity} launchCookies=[] positionInParent=Point(0, 0) parentTaskId=-1 isFocused=true isVisible=true isVisibleRequested=true isSleeping=false topActivityInSizeCompat=false topActivityEligibleForLetterboxEducation= false topActivityLetterboxed= false isFromDoubleTap= false topActivityLetterboxVerticalPosition= -1 topActivityLetterboxHorizontalPosition= -1 topActivityLetterboxWidth=-1 topActivityLetterboxHeight=-1 locusId=null displayAreaFeatureId=1 cameraCompatControlState=hidden mIsCastMode=false mTopActivityMediaSize=null mTopActivityRecordName=ActivityRecord{38b21c9 u0 com.google.android.documentsui/com.android.documentsui.picker.PickActivity t6517} mTopActivityOrientation=-1 mTopActivityWindowIsNowVisible=false isTranslucent=false isEmbedded=false shouldBeVisible=true mBehindAppLockPkg=null mOriginatingUid=0}
12-30 16:38:40.045 15744 15883 W RecentsModel: getTaskInfoIgnoreHomeAndFreeform   taskInfo=ComponentInfo{com.yourname.pdftoolkit.debug/com.yourname.pdftoolkit.ui.MainActivity}
12-30 16:38:40.046  2633  2633 I FocusedNotifPromptContr: onTopActivityMayChanged: topActivity=com.google.android.documentsui
12-30 16:38:40.046  2633  2633 I FocusedNotifPromptContr: topActivityMayChanged: topActivity=com.google.android.documentsui
12-30 16:38:40.046  2633  2633 D KeyguardEditorHelper: onTopActivityMayChanged, topActivity=ComponentInfo{com.google.android.documentsui/com.android.documentsui.picker.PickActivity}; mState=IDEL
12-30 16:38:40.047 15744 15883 E ActivityManagerWrapper: get all recent tasks force including 6517
12-30 16:38:40.050 15744 15883 E ActivityManagerWrapper: getRecentTasks: size=1
12-30 16:38:40.050 15744 15883 E ActivityManagerWrapper: getRecentTasks: mainTaskId=6517   userId=0   windowMode=1   baseIntent=Intent { act=android.intent.action.MAIN flag=270532608 cmp=ComponentInfo{com.yourname.pdftoolkit.debug/com.yourname.pdftoolkit.ui.MainActivity} }
12-30 16:38:40.051  1229  1229 I BufferQueueDebug: [Surface(name=8ee3c46 StatusBar)/@0xb1e778 - animation-leash of insets_animation#395077](this:0xb4000075d7ba4a30,id:-1,api:0,p:-1,c:1229) onDestructor()
12-30 16:38:40.052  1161  1438 E TRS     : DpAsyncBlitStream:: thie platform unsupport compress format
12-30 16:38:40.060 15744 15883 D RecentsModel: onTaskStackChangedBackground    MSG_TASK_STACK_CHANGE
12-30 16:38:40.060 15744 15883 D RecentsModel: preloadRecents
12-30 16:38:40.060 15744 15883 W RecentsModel: getRunningTask
12-30 16:38:40.062 15744 15883 W RecentsModel: getRunningTask   taskInfo=TaskInfo{userId=0 taskId=6517 displayId=0 isRunning=true baseIntent=Intent { act=android.intent.action.MAIN cat=[android.intent.category.LAUNCHER] flg=0x10200000 cmp=com.yourname.pdftoolkit.debug/com.yourname.pdftoolkit.ui.MainActivity } baseActivity=ComponentInfo{com.yourname.pdftoolkit.debug/com.yourname.pdftoolkit.ui.MainActivity} topActivity=ComponentInfo{com.google.android.documentsui/com.android.documentsui.picker.PickActivity} origActivity=null realActivity=ComponentInfo{com.yourname.pdftoolkit.debug/com.yourname.pdftoolkit.ui.MainActivity} numActivities=2 lastActiveTime=3569438406 supportsSplitScreenMultiWindow=true supportsMultiWindow=true resizeMode=1 isResizeable=true minWidth=-1 minHeight=-1 defaultMinSize=200 token=WCT{android.window.IWindowContainerToken$Stub$Proxy@f7f998f} topActivityType=1 pictureInPictureParams=null shouldDockBigOverlays=false launchIntoPipHostTaskId=-1 lastParentTaskIdBeforePip=-1 displayCutoutSafeInsets=Rect(0, 76 - 0, 0) topActivityInfo=ActivityInfo{db8241c com.android.documentsui.picker.PickActivity} launchCookies=[] positionInParent=Point(0, 0) parentTaskId=-1 isFocused=true isVisible=true isVisibleRequested=true isSleeping=false topActivityInSizeCompat=false topActivityEligibleForLetterboxEducation= false topActivityLetterboxed= false isFromDoubleTap= false topActivityLetterboxVerticalPosition= -1 topActivityLetterboxHorizontalPosition= -1 topActivityLetterboxWidth=-1 topActivityLetterboxHeight=-1 locusId=null displayAreaFeatureId=1 cameraCompatControlState=hidden mIsCastMode=false mTopActivityMediaSize=null mTopActivityRecordName=ActivityRecord{38b21c9 u0 com.google.android.documentsui/com.android.documentsui.picker.PickActivity t6517} mTopActivityOrientation=-1 mTopActivityWindowIsNowVisible=false isTranslucent=false isEmbedded=false shouldBeVisible=true mBehindAppLockPkg=null mOriginatingUid=0}
12-30 16:38:40.062 15744 15883 W RecentsModel: getTaskInfoIgnoreHomeAndFreeform   taskInfo=ComponentInfo{com.yourname.pdftoolkit.debug/com.yourname.pdftoolkit.ui.MainActivity}
12-30 16:38:40.064 15744 15883 E ActivityManagerWrapper: get all recent tasks force including 6517
12-30 16:38:40.065  2628  2628 D TelephonyManager: requestModemActivityInfo: Sending result to app: ModemActivityInfo{ mTimestamp=3569438408 mSleepTimeMs=1435315463 mIdleTimeMs=465631252 mActivityStatsTechSpecificInfo=[{mRat=UNKNOWN,mFrequencyRange=UNKNOWN,mTxTimeMs[]=[2058, 23112, 2418863, 17290076, 30658359],mRxTimeMs=621208755}]}
12-30 16:38:40.067 15744 15883 E ActivityManagerWrapper: getRecentTasks: size=1
12-30 16:38:40.067 15744 15883 E ActivityManagerWrapper: getRecentTasks: mainTaskId=6517   userId=0   windowMode=1   baseIntent=Intent { act=android.intent.action.MAIN flag=270532608 cmp=ComponentInfo{com.yourname.pdftoolkit.debug/com.yourname.pdftoolkit.ui.MainActivity} }
12-30 16:38:40.068  1161  1438 E TRS     : DpAsyncBlitStream:: thie platform unsupport compress format
12-30 16:38:40.080 30421 30421 D VRI[PickActivity]: vri.reportNextDraw android.view.ViewRootImpl.performTraversals:4376 android.view.ViewRootImpl.doTraversal:2992 android.view.ViewRootImpl$TraversalRunnable.run:10469 android.view.Choreographer$CallbackRecord.run:1671 android.view.Choreographer$CallbackRecord.run:1680 
12-30 16:38:40.082 30421 30421 D VRI[PickActivity]: vri.Setup new sync=wmsSync-VRI[PickActivity]#6
12-30 16:38:40.083 15744 15108 D TaskStackChangeListeners: onTaskDescriptionChanged =  taskId = 6517
12-30 16:38:40.084  1161  1438 E TRS     : DpAsyncBlitStream:: thie platform unsupport compress format
12-30 16:38:40.093 30421 30469 D BLASTBufferQueue: [VRI[PickActivity]#3](f:0,a:1) acquireNextBufferLocked size=1080x2408 mFrameNumber=1 applyTransaction=true mTimestamp=2184194139372646(auto) mPendingTransactions.size=0 graphicBufferId=130657200111631 transform=0
12-30 16:38:40.093 30421 30421 D VRI[PickActivity]: vri.reportDrawFinished
12-30 16:38:40.094  1229  1318 E surfaceflinger: == MALI DEBUG ===eglp_winsys_populate_image_templates ==12288
12-30 16:38:40.094  1774  4115 W WindowManager: finishDrawingWindow: Window{aa35c32 u0 com.google.android.documentsui/com.android.documentsui.picker.PickActivity} mDrawState=DRAW_PENDING
12-30 16:38:40.094  1774  4115 D WindowManager: wms.finishDrawingLocked: mDrawState=COMMIT_DRAW_PENDING Window{aa35c32 u0 com.google.android.documentsui/com.android.documentsui.picker.PickActivity} in Surface(name=com.google.android.documentsui/com.android.documentsui.picker.PickActivity)/@0xe48fd73
12-30 16:38:40.096  1774  1845 I SmartPower: com.google.android.documentsui/10068(30421): invisible->visible(182ms) R(become visible) adj=0.
12-30 16:38:40.096  1774  1845 W WindowManager: real show surface com.google.android.documentsui/com.android.documentsui.picker.PickActivity sc:Surface(name=com.google.android.documentsui/com.android.documentsui.picker.PickActivity)/@0xe48fd73
12-30 16:38:40.097  1774  1845 D WindowManager: Final targets: [ActivityRecord{38b21c9 u0 com.google.android.documentsui/com.android.documentsui.picker.PickActivity t6517}, ActivityRecord{f2e9718 u0 com.yourname.pdftoolkit.debug/com.yourname.pdftoolkit.ui.MainActivity t6517}]
12-30 16:38:40.097  1229  1971 E BufferQueueDebug: [Transition Root: ActivityRecord{38b21c9 u0 com.google.android.documentsui/com.android.documentsui.picker.PickActivity t6517}#395086](this:0xb4000075ea312a30,id:-1,api:0,p:-1,c:-1) id info cannot be read from 'Transition Root: ActivityRecord{38b21c9 u0 com.google.android.documentsui/com.android.documentsui.picker.PickActivity t6517}#395086'
12-30 16:38:40.097  1229  1971 I BufferQueueDebug: [Transition Root: ActivityRecord{38b21c9 u0 com.google.android.documentsui/com.android.documentsui.picker.PickActivity t6517}#395086](this:0xb4000075ea312a30,id:-1,api:0,p:-1,c:-1) BufferQueue core=(1229:/system/bin/surfaceflinger)
12-30 16:38:40.097 11854 12052 I BtGatt.ScanManager: msg.what = MSG_CHECK_SCAN_STATUS, msg.arg1 = CHECK_BACKGROUND_TIMEOUT
12-30 16:38:40.098  1774  1845 D WindowManager: Calling onTransitionReady info={id=29283 t=OPEN f=0x0 trk=0 r=[0@Point(0, 0)] c=[{null m=OPEN f=FILLS_TASK leash=Surface(name=ActivityRecord{38b21c9 u0 com.google.android.documentsui/com.android.documentsui.picker.PickActivity t6517})/@0x10938a9 sb=Rect(0, 0 - 0, 0) eb=Rect(0, 0 - 1080, 2408) d=-1->0 r=-1->0:-1},{null m=TO_BACK f=FILLS_TASK leash=Surface(name=ActivityRecord{f2e9718 u0 com.yourname.pdftoolkit.debug/com.yourname.pdftoolkit.ui.MainActivity t6517})/@0x6a201d3 sb=Rect(0, 0 - 1080, 2408) eb=Rect(0, 0 - 1080, 2408) d=0}] noAni=[false]}, mToken=Token{9abfdcf TransitionRecord{d71dbef id=29283 type=OPEN flags=0x0}}
12-30 16:38:40.099  1774  1845 I BLASTSyncEngine: finishNow: after onTransactionReady, mSyncId=29283
12-30 16:38:40.100 30421 30421 E oid.documentsui: No package ID ff found for resource ID 0xffffffff.
12-30 16:38:40.100  1229  1315 E BufferQueueDebug: [2a07dd0 ActivityRecordInputSink com.google.android.documentsui/com.android.documentsui.picker.PickActivity#395087](this:0xb4000075d7b8ba30,id:-1,api:0,p:-1,c:-1) id info cannot be read from '2a07dd0 ActivityRecordInputSink com.google.android.documentsui/com.android.documentsui.picker.PickActivity#395087'
12-30 16:38:40.100  1229  1315 I BufferQueueDebug: [2a07dd0 ActivityRecordInputSink com.google.android.documentsui/com.android.documentsui.picker.PickActivity#395087](this:0xb4000075d7b8ba30,id:-1,api:0,p:-1,c:-1) BufferQueue core=(1229:/system/bin/surfaceflinger)
12-30 16:38:40.100  2633  2726 D MiuiFreeformAnimation: startAnimation change: {null m=OPEN f=FILLS_TASK leash=Surface(name=ActivityRecord{38b21c9 u0 com.google.android.documentsui/com.android.documentsui.picker.PickActivity t6517})/@0x442c903 sb=Rect(0, 0 - 0, 0) eb=Rect(0, 0 - 1080, 2408) d=-1->0 r=-1->0:-1} info.getType(): 1
12-30 16:38:40.100  2633  2726 D MiuiFreeformAnimation: startAnimation change: {null m=TO_BACK f=FILLS_TASK leash=Surface(name=ActivityRecord{f2e9718 u0 com.yourname.pdftoolkit.debug/com.yourname.pdftoolkit.ui.MainActivity t6517})/@0x500b080 sb=Rect(0, 0 - 1080, 2408) eb=Rect(0, 0 - 1080, 2408) d=0} info.getType(): 1
12-30 16:38:40.100  2633  2726 W MiuiTaskTransitionHandler: Receive an unknown transition, token=android.os.BinderProxy@dfd3714, type=1
12-30 16:38:40.101  2633  2726 D TransitionAnimationHelper:  overrideType == ANIM_FROM_STYLE 
12-30 16:38:40.101  2633  2726 D TransitionAnimationHelper:  load animation:  type = 1 enter = false animAttr = 5 isTask = false translucent = false
12-30 16:38:40.102  1229  1315 E BufferQueueDebug: [DefaultTransition Dim Layer for - Surface(name=ActivityRecord{f2e9718 u0 com.yourname.pdftoolkit.debug/com.yourname.pdftoolkit.ui.MainActivity t6517})/@0x500b080#395088](this:0xb4000075d7b8ea30,id:-1,api:0,p:-1,c:-1) id info cannot be read from 'DefaultTransition Dim Layer for - Surface(name=ActivityRecord{f2e9718 u0 com.yourname.pdftoolkit.debug/com.yourname.pdftoolkit.ui.MainActivity t6517})/@0x500b080#395088'
12-30 16:38:40.102  1229  1315 I BufferQueueDebug: [DefaultTransition Dim Layer for - Surface(name=ActivityRecord{f2e9718 u0 com.yourname.pdftoolkit.debug/com.yourname.pdftoolkit.ui.MainActivity t6517})/@0x500b080#395088](this:0xb4000075d7b8ea30,id:-1,api:0,p:-1,c:-1) BufferQueue core=(1229:/system/bin/surfaceflinger)
12-30 16:38:40.102  1161  1438 E TRS     : DpAsyncBlitStream:: thie platform unsupport compress format
12-30 16:38:40.103  2633  2726 D TransitionAnimationHelper:  overrideType == ANIM_FROM_STYLE 
12-30 16:38:40.103  2633  2726 D TransitionAnimationHelper:  load animation:  type = 1 enter = true animAttr = 4 isTask = false translucent = false
12-30 16:38:40.106  2633  2774 D ShellTransitions: speed ui!!!!!!!!!!!
12-30 16:38:40.110  1774  1803 I ActivityTaskManager: Displayed com.google.android.documentsui/com.android.documentsui.picker.PickActivity for user 0: +181ms
12-30 16:38:40.111 30421 30421 D DefaultSelectionTracker: Ignoring onDataSetChange. No active selection.
12-30 16:38:40.117  1229  1229 I BufferQueueProducer: [StatusBar#102](this:0xb40000761f4cca30,id:-1,api:0,p:-1,c:1229) queueBuffer: fps=0.48 dur=2090.40 max=2090.40 min=2090.40
12-30 16:38:40.119  1161  1438 E TRS     : DpAsyncBlitStream:: thie platform unsupport compress format
12-30 16:38:40.135  1161  1438 E TRS     : DpAsyncBlitStream:: thie platform unsupport compress format
12-30 16:38:40.154  1161  1438 E TRS     : DpAsyncBlitStream:: thie platform unsupport compress format
12-30 16:38:40.168  1161  1438 E TRS     : DpAsyncBlitStream:: thie platform unsupport compress format
12-30 16:38:40.184  1161  1438 E TRS     : DpAsyncBlitStream:: thie platform unsupport compress format
12-30 16:38:40.201  1161  1438 E TRS     : DpAsyncBlitStream:: thie platform unsupport compress format
12-30 16:38:40.206  1774  2232 I mtkpower_client: perf_lock_acq, hdl:1817588, dur:0, num:2, pid:1774, tid:2232
12-30 16:38:40.206  1774  2232 W ServiceManagerCppClient: Failed to get isDeclared for vendor.mediatek.hardware.mtkpower.IMtkPowerService/default: Status(-1, EX_SECURITY): 'SELinux denied.'
12-30 16:38:40.206  1774  2232 I mtkpower_client: IMtkPowerService_isDeclared 0
12-30 16:38:40.207  1774  2232 I mtkpower_client: ret_hdl:1817594
12-30 16:38:40.207  1178  1262 I libPowerHal: [perfLockAcq] idx:2 hdl:1817594 hint:-1 pid:1774 duration:0 lock_user:system_server => ret_hdl:1817594
12-30 16:38:40.207  1178  1262 I libPowerHal: [PE] system_server update cmd:2004200, param:31725
12-30 16:38:40.208  1774  2232 I mtkpower_client: perf_lock_rel, hdl:1817594, tid:2232
12-30 16:38:40.209  1774  2232 W ServiceManagerCppClient: Failed to get isDeclared for vendor.mediatek.hardware.mtkpower.IMtkPowerService/default: Status(-1, EX_SECURITY): 'SELinux denied.'
12-30 16:38:40.209  1774  2232 I mtkpower_client: IMtkPowerService_isDeclared 0
12-30 16:38:40.210  1178  1262 I libPowerHal: [perfLockRel] hdl:1817594, idx:2
12-30 16:38:40.210  1178  1262 I libPowerHal: [PD] system_server update cmd:2004200 param:0
12-30 16:38:40.217  1161  1438 E TRS     : DpAsyncBlitStream:: thie platform unsupport compress format
12-30 16:38:40.234  1161  1438 E TRS     : DpAsyncBlitStream:: thie platform unsupport compress format
12-30 16:38:40.236 15744 15108 D TaskStackChangeListeners: onTaskDescriptionChanged =  taskId = 6517
12-30 16:38:40.251  1161  1438 E TRS     : DpAsyncBlitStream:: thie platform unsupport compress format
12-30 16:38:40.264 30421 30421 E oid.documentsui: No package ID ff found for resource ID 0xffffffff.
12-30 16:38:40.267  1161  1438 E TRS     : DpAsyncBlitStream:: thie platform unsupport compress format
12-30 16:38:40.270 15744 15108 D TaskStackChangeListeners: onTaskDescriptionChanged =  taskId = 6517
12-30 16:38:40.284  1161  1438 E TRS     : DpAsyncBlitStream:: thie platform unsupport compress format
12-30 16:38:40.290  1229  1318 E surfaceflinger: == MALI DEBUG ===eglp_winsys_populate_image_templates ==12288
12-30 16:38:40.300  1161  1438 E TRS     : DpAsyncBlitStream:: thie platform unsupport compress format
12-30 16:38:40.316  1161  1438 E TRS     : DpAsyncBlitStream:: thie platform unsupport compress format
12-30 16:38:40.321 30421 30421 I HandWritingStubImpl: refreshLastKeyboardType: 1
12-30 16:38:40.321 30421 30421 I HandWritingStubImpl: getCurrentKeyboardType: 1
12-30 16:38:40.322  1774  5607 I ImeTracker: com.google.android.documentsui:5c947f89: onRequestHide at ORIGIN_SERVER_HIDE_INPUT reason HIDE_UNSPECIFIED_WINDOW
12-30 16:38:40.322  1774  5607 I ImeTracker: com.google.android.documentsui:5c947f89: onCancelled at PHASE_SERVER_SHOULD_HIDE
12-30 16:38:40.322  6724 27601 D MirrorManager:  sendAcceptInput 0 0
12-30 16:38:40.323  1229  1971 D MI-SF   : updateScene: module = 270 (Unknown), value = 0, pkg = com.google.android.documentsui
12-30 16:38:40.323 13757 13757 I GoogleInputMethodService: GoogleInputMethodService.onFinishInput():2092 
12-30 16:38:40.324 13757 13757 I Module  : DeviceLockedStatusModuleProvider$Module.updateDeviceLockedStatus():103 repeatCheckTimes = 0, locked = false
12-30 16:38:40.324 13757 13757 I GoogleInputMethodService: GoogleInputMethodService.onStartInput():1349 onStartInput(EditorInfo{EditorInfo{packageName=com.google.android.documentsui, inputType=0, inputTypeString=NULL, enableLearning=false, autoCorrection=false, autoComplete=false, imeOptions=0, privateImeOptions=null, actionName=UNSPECIFIED, actionLabel=null, initialSelStart=-1, initialSelEnd=-1, initialCapsMode=0, label=null, fieldId=0, fieldName=null, extras=Bundle[mParcelledData.dataSize=72], hintText=null, hintLocales=[]}}, false)
