12-30 16:38:32.563  2633  2726 D MiuiFreeformAnimation: startAnimation change: {null m=TO_BACK f=FILLS_TASK leash=Surface(name=ActivityRecord{f2e9718 u0 com.yourname.pdftoolkit.debug/com.yourname.pdftoolkit.ui.MainActivity t6517})/@0xaff3895 sb=Rect(0, 0 - 1080, 2408) eb=Rect(0, 0 - 1080, 2408) d=0} info.getType(): 1
12-30 16:38:32.563  2633  2726 W MiuiTaskTransitionHandler: Receive an unknown transition, token=android.os.BinderProxy@28ff7d9, type=1
12-30 16:38:32.563  1229  1229 I BufferQueueDebug: [Surface(name=8ee3c46 StatusBar)/@0xb1e778 - animation-leash of insets_animation#395064](this:0xb40000760a1fea30,id:-1,api:0,p:-1,c:1229) onDestructor()
12-30 16:38:32.564  2633  2726 D TransitionAnimationHelper:  overrideType == ANIM_FROM_STYLE 
12-30 16:38:32.564  2633  2726 D TransitionAnimationHelper:  load animation:  type = 1 enter = false animAttr = 5 isTask = false translucent = false
12-30 16:38:32.565  1229  1971 E BufferQueueDebug: [DefaultTransition Dim Layer for - Surface(name=ActivityRecord{f2e9718 u0 com.yourname.pdftoolkit.debug/com.yourname.pdftoolkit.ui.MainActivity t6517})/@0xaff3895#395074](this:0xb4000075d7b9ea30,id:-1,api:0,p:-1,c:-1) id info cannot be read from 'DefaultTransition Dim Layer for - Surface(name=ActivityRecord{f2e9718 u0 com.yourname.pdftoolkit.debug/com.yourname.pdftoolkit.ui.MainActivity t6517})/@0xaff3895#395074'
12-30 16:38:32.565  1229  1971 I BufferQueueDebug: [DefaultTransition Dim Layer for - Surface(name=ActivityRecord{f2e9718 u0 com.yourname.pdftoolkit.debug/com.yourname.pdftoolkit.ui.MainActivity t6517})/@0xaff3895#395074](this:0xb4000075d7b9ea30,id:-1,api:0,p:-1,c:-1) BufferQueue core=(1229:/system/bin/surfaceflinger)
12-30 16:38:32.565  1161  1438 E TRS     : DpAsyncBlitStream:: thie platform unsupport compress format
12-30 16:38:32.566  2633  2726 D TransitionAnimationHelper:  overrideType == ANIM_FROM_STYLE 
12-30 16:38:32.566  2633  2726 D TransitionAnimationHelper:  load animation:  type = 1 enter = true animAttr = 4 isTask = false translucent = false
12-30 16:38:32.566  1774  1803 I ActivityTaskManager: Displayed com.google.android.documentsui/com.android.documentsui.picker.PickActivity for user 0: +191ms
12-30 16:38:32.568  2633  2774 D ShellTransitions: speed ui!!!!!!!!!!!
12-30 16:38:32.572  1774  5445 V AS.AudioDeviceBroker: requestedCommunicationDevice: null mAudioModeOwner: AudioModeInfo: mMode=MODE_NORMAL, mPid=0, mUid=0
12-30 16:38:32.573  1774  2818 V AS.AudioDeviceBroker: requestedCommunicationDevice: null mAudioModeOwner: AudioModeInfo: mMode=MODE_NORMAL, mPid=0, mUid=0
12-30 16:38:32.578 30421 30421 E oid.documentsui: No package ID ff found for resource ID 0xffffffff.
12-30 16:38:32.580  1229  1229 I BufferQueueProducer: [StatusBar#102](this:0xb40000761f4cca30,id:-1,api:0,p:-1,c:1229) queueBuffer: fps=0.39 dur=2558.83 max=2558.83 min=2558.83
12-30 16:38:32.582  1161  1438 E TRS     : DpAsyncBlitStream:: thie platform unsupport compress format
12-30 16:38:32.587 15744 20388 D TaskStackChangeListeners: onTaskDescriptionChanged =  taskId = 6517
12-30 16:38:32.598  1161  1438 E TRS     : DpAsyncBlitStream:: thie platform unsupport compress format
12-30 16:38:32.619  1161  1438 E TRS     : DpAsyncBlitStream:: thie platform unsupport compress format
12-30 16:38:32.631  1161  1438 E TRS     : DpAsyncBlitStream:: thie platform unsupport compress format
12-30 16:38:32.641  1774  2125 I MiuiNetworkPolicy: updateUidState uid = 10962, uidState = 19
12-30 16:38:32.643  1774  2125 I MiuiNetworkPolicy: updateUidState uid = 10962, uidState = 11
12-30 16:38:32.647  1161  1438 E TRS     : DpAsyncBlitStream:: thie platform unsupport compress format
12-30 16:38:32.653 30421 30421 E oid.documentsui: No package ID ff found for resource ID 0xffffffff.
12-30 16:38:32.655  1229  1318 E surfaceflinger: == MALI DEBUG ===eglp_winsys_populate_image_templates ==12288
12-30 16:38:32.656 15744 20388 D TaskStackChangeListeners: onTaskDescriptionChanged =  taskId = 6517
12-30 16:38:32.664  1161  1438 E TRS     : DpAsyncBlitStream:: thie platform unsupport compress format
12-30 16:38:32.680  1161  1438 E TRS     : DpAsyncBlitStream:: thie platform unsupport compress format
12-30 16:38:32.697  1161  1438 E TRS     : DpAsyncBlitStream:: thie platform unsupport compress format
12-30 16:38:32.701 30421 30421 D DefaultSelectionTracker: Ignoring onDataSetChange. No active selection.
12-30 16:38:32.703 30421 30421 I HandWritingStubImpl: refreshLastKeyboardType: 1
12-30 16:38:32.703 30421 30421 I HandWritingStubImpl: getCurrentKeyboardType: 1
12-30 16:38:32.704  1774  4333 I ImeTracker: com.google.android.documentsui:10b7105: onRequestHide at ORIGIN_SERVER_HIDE_INPUT reason HIDE_UNSPECIFIED_WINDOW
12-30 16:38:32.704  1774  4333 I ImeTracker: com.google.android.documentsui:10b7105: onCancelled at PHASE_SERVER_SHOULD_HIDE
12-30 16:38:32.704  6724 10407 D MirrorManager:  sendAcceptInput 0 0
12-30 16:38:32.705  1229  1318 E surfaceflinger: == MALI DEBUG ===eglp_winsys_populate_image_templates ==12288
12-30 16:38:32.706 13757 13757 I GoogleInputMethodService: GoogleInputMethodService.onFinishInput():2092 
12-30 16:38:32.707  1229  1315 D MI-SF   : updateScene: module = 270 (Unknown), value = 0, pkg = com.google.android.documentsui
12-30 16:38:32.707  1229  1316 E BufferQueueDebug: [Surface(name=f32605b InputMethod)/@0xd41c36 - animation-leash of insets_animation#395075](this:0xb40000760a21da30,id:-1,api:0,p:-1,c:-1) id info cannot be read from 'Surface(name=f32605b InputMethod)/@0xd41c36 - animation-leash of insets_animation#395075'
12-30 16:38:32.707 13757 13757 I Module  : DeviceLockedStatusModuleProvider$Module.updateDeviceLockedStatus():103 repeatCheckTimes = 0, locked = false
12-30 16:38:32.707  1229  1316 I BufferQueueDebug: [Surface(name=f32605b InputMethod)/@0xd41c36 - animation-leash of insets_animation#395075](this:0xb40000760a21da30,id:-1,api:0,p:-1,c:-1) BufferQueue core=(1229:/system/bin/surfaceflinger)
12-30 16:38:32.707 13757 13757 I GoogleInputMethodService: GoogleInputMethodService.onStartInput():1349 onStartInput(EditorInfo{EditorInfo{packageName=com.google.android.documentsui, inputType=0, inputTypeString=NULL, enableLearning=false, autoCorrection=false, autoComplete=false, imeOptions=0, privateImeOptions=null, actionName=UNSPECIFIED, actionLabel=null, initialSelStart=-1, initialSelEnd=-1, initialCapsMode=0, label=null, fieldId=0, fieldName=null, extras=Bundle[mParcelledData.dataSize=72], hintText=null, hintLocales=[]}}, false)
12-30 16:38:32.708 13757 13757 I Module  : DeviceLockedStatusModuleProvider$Module.updateDeviceLockedStatus():103 repeatCheckTimes = 1, locked = false
12-30 16:38:32.710  1774  4333 W PackageConfigPersister: App-specific configuration not found for packageName: com.google.android.documentsui and userId: 0
12-30 16:38:32.714  1161  1438 E TRS     : DpAsyncBlitStream:: thie platform unsupport compress format
12-30 16:38:32.728  1229  1229 I BufferQueueDebug: [Surface(name=f32605b InputMethod)/@0xd41c36 - animation-leash of insets_animation#395067](this:0xb4000075ea2bfa30,id:-1,api:0,p:-1,c:1229) onDestructor()
12-30 16:38:32.730  1161  1438 E TRS     : DpAsyncBlitStream:: thie platform unsupport compress format
12-30 16:38:32.731  1178  1240 I libPerfCtl: xgfGetFPS pid:2633 fps:62
12-30 16:38:32.731  1178  1240 I libPerfCtl: xgfGetFPS pid:30421 fps:-1
12-30 16:38:32.731  1178  1240 I libPerfCtl: xgfGetFPS pid:31697 fps:65
12-30 16:38:32.746  1161  1438 E TRS     : DpAsyncBlitStream:: thie platform unsupport compress format
12-30 16:38:32.763  1161  1438 E TRS     : DpAsyncBlitStream:: thie platform unsupport compress format
12-30 16:38:32.779  1161  1438 E TRS     : DpAsyncBlitStream:: thie platform unsupport compress format
12-30 16:38:32.796  1161  1438 E TRS     : DpAsyncBlitStream:: thie platform unsupport compress format
12-30 16:38:32.810  1178  1262 I mtkpower@impl: [powerd_req] TIMER_MSG_PERF_LOCK_TIMEOUT hdl:1817567
12-30 16:38:32.810  1178  1262 I libPowerHal: [perfLockRel] hdl:1817567, idx:2
12-30 16:38:32.810  1178  1262 I libPowerHal: [unsetGPUFreq] current min:0, max:0; scn_gpu_min:0, scn_gpu_max:-1; scn_gpu_min(HL):-1, scn_gpu_max(HL):-1
12-30 16:38:32.810  1178  1262 I libPowerHal: system_server: set gpu opp level: 33
12-30 16:38:32.812  1178  1262 I libPowerHal: system_server: set gpu opp level max: 0
12-30 16:38:32.812  1161  1438 E TRS     : DpAsyncBlitStream:: thie platform unsupport compress format
12-30 16:38:32.812  1178  1262 I libPowerHal: [setGPUFreq] Soft min/max = (33, 0); Hard min/max = (33, 0)
12-30 16:38:32.813  1178  1262 I libPowerHal: [setGPUFreq] final min/max = (33, 0)
12-30 16:38:32.813  1178  1262 I libPowerHal: system_server: set gpu opp level: 33
12-30 16:38:32.813  1178  1262 I libPowerHal: system_server: set gpu opp level max: 0
12-30 16:38:32.829  1161  1438 E TRS     : DpAsyncBlitStream:: thie platform unsupport compress format
12-30 16:38:32.832 15744 20388 D TaskStackChangeListeners: onTaskDescriptionChanged =  taskId = 6517
12-30 16:38:32.845  1161  1438 E TRS     : DpAsyncBlitStream:: thie platform unsupport compress format
12-30 16:38:32.862  1161  1438 E TRS     : DpAsyncBlitStream:: thie platform unsupport compress format
12-30 16:38:32.879  1161  1438 E TRS     : DpAsyncBlitStream:: thie platform unsupport compress format
12-30 16:38:32.880  1229  1318 E surfaceflinger: == MALI DEBUG ===eglp_winsys_populate_image_templates ==12288
12-30 16:38:32.887  1178  1205 I mtkpower@impl: [setMode] type:5, enabled:0
12-30 16:38:32.887  1774  4333 W AppContinuityRouterStub: mNotificationPolicyService or activityRecord is null.
12-30 16:38:32.887  1774  4333 I PowerHalWrapper: amsBoostStop AMS_BOOST_PACK_SWITCH:true, AMS_BOOST_ACT_SWITCH:false, AMS_BOOST_PROCESS_CREATE:false 
12-30 16:38:32.888  1178  1262 I libPowerHal: [perfLockRel] hdl:1817566, idx:0
12-30 16:38:32.888  1178  1262 I libPowerHal: [PD] LAUNCH update cmd:300c000 param:0
12-30 16:38:32.888  1774  4333 W ServiceManagerCppClient: Failed to get isDeclared for vendor.mediatek.hardware.mtkpower.IMtkPowerService/default: Status(-1, EX_SECURITY): 'SELinux denied.'
12-30 16:38:32.888  1774  4333 I mtkpower_client: IMtkPowerService_isDeclared 0
12-30 16:38:32.890  1178  1204 I mtkpower@impl: [mtkPowerHint] hint:22, hold:0, ext:30, ext_hold:2000
12-30 16:38:32.890  1178  1262 I libPowerHal: [perfLockRel] hdl:1817568, idx:3
12-30 16:38:32.891  1178  1262 I libPowerHal: MTKPOWER_HINT_PACK_SWITCH: cpu_ctrl set cpu freq: -1 -1 -1 -1
12-30 16:38:32.891  1178  1262 I libPowerHal: [PD] MTKPOWER_HINT_PACK_SWITCH update cmd:1000000, param:-1
12-30 16:38:32.891  1178  1262 I libPowerHal: [PD] MTKPOWER_HINT_PACK_SWITCH update cmd:1408300 param:0
12-30 16:38:32.891  1178  1262 I libPowerHal: [PD] MTKPOWER_HINT_PACK_SWITCH update cmd:1000000 param:-1
12-30 16:38:32.892  1178  1262 I libPowerHal: [perfLockAcq] idx:0 hdl:1817569 hint:30 pid:1178 duration:2000 lock_user:mtkpower@1.0-se => ret_hdl:1817569
12-30 16:38:32.892  1178  1262 I libPowerHal: [PE] MTKPOWER_HINT_EXT_LAUNCH update cmd:1000000, param:1
12-30 16:38:32.893  1178  1262 I libPowerHal: [PE] MTKPOWER_HINT_EXT_LAUNCH update cmd:2020000, param:15
12-30 16:38:32.893  1178  1262 I libPowerHal: [PE] MTKPOWER_HINT_EXT_LAUNCH update cmd:1408300, param:40
12-30 16:38:32.893  1178  1262 I libPowerHal: [PE] MTKPOWER_HINT_EXT_LAUNCH update cmd:1000000 param:1
12-30 16:38:32.896  1161  1438 E TRS     : DpAsyncBlitStream:: thie platform unsupport compress format
12-30 16:38:32.912  1161  1438 E TRS     : DpAsyncBlitStream:: thie platform unsupport compress format
12-30 16:38:32.928  1161  1438 E TRS     : DpAsyncBlitStream:: thie platform unsupport compress format
12-30 16:38:32.945  1161  1438 E TRS     : DpAsyncBlitStream:: thie platform unsupport compress format
12-30 16:38:32.962  1161  1438 E TRS     : DpAsyncBlitStream:: thie platform unsupport compress format
12-30 16:38:32.979  1161  1438 E TRS     : DpAsyncBlitStream:: thie platform unsupport compress format
12-30 16:38:32.995  1161  1438 E TRS     : DpAsyncBlitStream:: thie platform unsupport compress format
12-30 16:38:33.011  1161  1438 E TRS     : DpAsyncBlitStream:: thie platform unsupport compress format
12-30 16:38:33.028  1161  1438 E TRS     : DpAsyncBlitStream:: thie platform unsupport compress format
12-30 16:38:33.045  1161  1438 E TRS     : DpAsyncBlitStream:: thie platform unsupport compress format
12-30 16:38:33.061  1161  1438 E TRS     : DpAsyncBlitStream:: thie platform unsupport compress format
12-30 16:38:33.077  1161  1438 E TRS     : DpAsyncBlitStream:: thie platform unsupport compress format
12-30 16:38:33.095  1161  1438 E TRS     : DpAsyncBlitStream:: thie platform unsupport compress format
12-30 16:38:33.097  2633  2726 D SoScUtils: monitorTransitionFinished transition:android.os.BinderProxy@28ff7d9 transaction: android.view.SurfaceControl$Transaction@5827513 mRequestCloseTransition:null mRequestOpenTransition:null mStartTransition:null mRequestOpenTriggerTask:-1 mRequestCloseTriggerTask:-1 mOrientationTransition: null mMainStartingTask:-1 mSideStartingTask:-1
12-30 16:38:33.108  1774  1844 W AppContinuityRouterStub: mNotificationPolicyService or activityRecord is null.
12-30 16:38:33.108  1774  1844 I SmartPower: com.yourname.pdftoolkit.debug/11117(31697): visible->invisible(18068ms) R(become invisible) adj=200.
12-30 16:38:33.108  1774  1844 I SmartPower: com.yourname.pdftoolkit.debug/11117(31697): invisible->background(1ms) R(become background) adj=200.
12-30 16:38:33.108  1774  1844 I PowerHalWrapper: amsBoostNotify pid:31697,activity:com.yourname.pdftoolkit.ui.MainActivity, package:com.yourname.pdftoolkit.debug, mProcessCreatePackcom.yourname.pdftoolkit.debug 
12-30 16:38:33.108  1774  1844 I PowerHalWrapper: state: 0 
12-30 16:38:33.109  1774  1844 I mtkpower_client: [Legacy][PowerHal_Wrap_notifyAppState] com.yourname.pdftoolkit.debug/com.yourname.pdftoolkit.ui.MainActivity pid=31697 state:0
12-30 16:38:33.109  1178  1262 I libPowerHal: [perfNotifyAppState] pack:com.yourname.pdftoolkit.debug, act:com.yourname.pdftoolkit.ui.MainActivity, state:0, pid:31697, uid:11117, fps:-1
12-30 16:38:33.109  1774  1844 I PowerHalWrapper: amsBoostNotify AMS_BOOST_PROCESS_CREATE_BOOST:false 
12-30 16:38:33.112  1161  1438 E TRS     : DpAsyncBlitStream:: thie platform unsupport compress format
12-30 16:38:33.112  1774  2125 I MiuiNetworkPolicy: updateUidState uid = 11117, uidState = 15
12-30 16:38:33.123 31697 31725 E dftoolkit.debug: mali-debug: still pending callback,wait...
12-30 16:38:33.125  1229  1229 I BufferQueueDebug: [DefaultTransition Dim Layer for - Surface(name=ActivityRecord{f2e9718 u0 com.yourname.pdftoolkit.debug/com.yourname.pdftoolkit.ui.MainActivity t6517})/@0xaff3895#395074](this:0xb4000075d7b9ea30,id:-1,api:0,p:-1,c:1229) onDestructor()
12-30 16:38:33.125  1229  1229 I BufferQueueDebug: [Transition Root: ActivityRecord{c44aab0 u0 com.google.android.documentsui/com.android.documentsui.picker.PickActivity t6517}#395072](this:0xb4000075ea3eca30,id:-1,api:0,p:-1,c:1229) onDestructor()
12-30 16:38:33.127  1161  1438 E TRS     : DpAsyncBlitStream:: thie platform unsupport compress format
12-30 16:38:33.129 31697 31725 D OpenGLRenderer: endAllActiveAnimators on 0xb400007c8e0d3600 (UnprojectedRipple) with handle 0xb400007d09baea00
12-30 16:38:33.131 31697 31697 W MiuiStubRegistry: Failed to collect stub providers in android.magicpointer.util.MiuiMagicPointerUtilsStubHeadManifest$$: /system_ext/framework/miui-framework-pointer-pad.jar not exist
12-30 16:38:33.142  1229  1229 I BufferQueueDebug: [ee44afb ActivityRecordInputSink com.yourname.pdftoolkit.debug/com.yourname.pdftoolkit.ui.MainActivity#395059](this:0xb4000075d7b2aa30,id:-1,api:0,p:-1,c:1229) onDestructor()
12-30 16:38:33.144  1161  1438 E TRS     : DpAsyncBlitStream:: thie platform unsupport compress format
12-30 16:38:33.159  1161  1438 E TRS     : DpAsyncBlitStream:: thie platform unsupport compress format
12-30 16:38:33.162 31697 31749 D BLASTBufferQueue: [VRI[MainActivity]#0](f:0,a:1) destructor()
12-30 16:38:33.162 31697 31749 D BufferQueueConsumer: [VRI[MainActivity]#0(BLAST Consumer)0](id:7bd100000000,api:0,p:-1,c:31697) disconnect
12-30 16:38:33.173  6016 26664 D PMonitor:  onForegroundActivitiesChanged:pid = 31697,activity-uid=11117,foregroundActivities=false
12-30 16:38:33.173  1774  1842 D Aurogon :  uid = 11117 switch to BG
12-30 16:38:33.177  1161  1438 E TRS     : DpAsyncBlitStream:: thie platform unsupport compress format
12-30 16:38:33.191  1229  1229 I BufferQueueDebug: [com.yourname.pdftoolkit.debug/com.yourname.pdftoolkit.ui.MainActivity#395063](this:0xb40000760a1fba30,id:-1,api:0,p:-1,c:1229) onDestructor()
12-30 16:38:33.194  1161  1438 E TRS     : DpAsyncBlitStream:: thie platform unsupport compress format
12-30 16:38:33.294 11854 12036 I bt_shim_scanner: handle_remote_properties: handle_remote_properties Update device_type=0x2 addr_type=0x1
12-30 16:38:33.300  3925 31678 I NearbyDiscovery: (REDACTED) BloomFilterAdvManager: Detected bloom filter but too far away, ignoring. %sm, %s
12-30 16:38:33.575  1774  4333 V AS.AudioDeviceBroker: requestedCommunicationDevice: null mAudioModeOwner: AudioModeInfo: mMode=MODE_NORMAL, mPid=0, mUid=0
12-30 16:38:33.576  1774  4333 V AS.AudioDeviceBroker: requestedCommunicationDevice: null mAudioModeOwner: AudioModeInfo: mMode=MODE_NORMAL, mPid=0, mUid=0
12-30 16:38:33.628  1774  2063 W ServiceManagerCppClient: Failed to get isDeclared for vendor.mediatek.hardware.mtkpower.IMtkPowerService/default: Status(-1, EX_SECURITY): 'SELinux denied.'
12-30 16:38:33.628  1774  2061 D MIUIInput: [MotionEvent] publisher action=0x0, deviceId=4, 2184187672, channel '3e27074 com.google.android.documentsui/com.android.documentsui.picker.PickActivity (server)'
12-30 16:38:33.628  1774  2063 I mtkpower_client: IMtkPowerService_isDeclared 0
12-30 16:38:33.628  1774  2061 D MIUIInput: [MotionEvent] publisher action=0x0, deviceId=4, 2184187672, channel '[Gesture Monitor] onehanded-touch (server)'
12-30 16:38:33.628  1774  2061 D MIUIInput: [MotionEvent] publisher action=0x0, deviceId=4, 2184187672, channel '[Gesture Monitor] miui-gesture (server)'
12-30 16:38:33.629  1178  1262 I libPowerHal: [perfLockAcq] idx:1 hdl:1817570 hint:25 pid:1178 duration:1000 lock_user:mtkpower@1.0-se => ret_hdl:1817570
12-30 16:38:33.630  1178  1262 I libPowerHal: MTKPOWER_HINT_APP_TOUCH: cpu_ctrl set cpu freq: 2000000 -1 2203000 -1
12-30 16:38:33.631  1178  1262 I libPowerHal: [PE] MTKPOWER_HINT_APP_TOUCH update cmd:1000000, param:0
12-30 16:38:33.631  1178  1262 I libPowerHal: [PE] MTKPOWER_HINT_APP_TOUCH update cmd:410000, param:1
12-30 16:38:33.631  1178  1262 I libPowerHal: [PE] MTKPOWER_HINT_APP_TOUCH update cmd:1408300, param:100
12-30 16:38:33.631  1178  1262 I libPowerHal: [PE] MTKPOWER_HINT_APP_TOUCH update cmd:3408600 param:1
12-30 16:38:33.631  1178  1262 I libPowerHal: [PE] MTKPOWER_HINT_APP_TOUCH update cmd:1000000 param:0
12-30 16:38:33.631  1178  1262 I libPowerHal: [perfLockRel] hdl:1817565, idx:-1
12-30 16:38:33.654  1229  1229 I BufferQueueProducer: [com.google.android.documentsui/com.android.documentsui.picker.PickActivity#395070](this:0xb40000760a17aa30,id:-1,api:0,p:-1,c:1229) queueBuffer: fps=11.00 dur=1090.58 max=627.58 min=16.33
12-30 16:38:33.655  1161  1438 E TRS     : DpAsyncBlitStream:: thie platform unsupport compress format
12-30 16:38:33.659  1229  1229 I BufferQueueProducer: [FramebufferSurface](this:0xb4000076d69188d0,id:-1,api:1,p:1229,c:1229) queueBuffer: fps=39.02 dur=1281.45 max=464.49 min=11.78
12-30 16:38:33.660  1161  1438 I hwcomposer: [HWCDisplay] [Display_0 (type:1)] fps:39.018913,dur:1281.43,max:464.49,min:11.66  
12-30 16:38:33.671  1450  1469 E WifiStandalone: conditional wait timedout
12-30 16:38:33.674  1774  1842 D PerfMTKStubImpl: perfLockAcquire
12-30 16:38:33.674  1774  1842 I mtkpower_client: perf_lock_acq, hdl:1817555, dur:2000, num:8, pid:1774, tid:1842
12-30 16:38:33.675  1774  1842 W ServiceManagerCppClient: Failed to get isDeclared for vendor.mediatek.hardware.mtkpower.IMtkPowerService/default: Status(-1, EX_SECURITY): 'SELinux denied.'
12-30 16:38:33.675  1774  1842 I mtkpower_client: IMtkPowerService_isDeclared 0
12-30 16:38:33.675  1774  1842 I mtkpower_client: ret_hdl:1817571
12-30 16:38:33.676  1178  1262 I libPowerHal: [perfLockAcq] idx:2 hdl:1817571 hint:-1 pid:1774 duration:2000 lock_user:system_server => ret_hdl:1817571
12-30 16:38:33.676  1178  1262 I libPowerHal: [setGPUFreq] system_server user set gpu freq min:0, max:-1
12-30 16:38:33.676  1178  1262 I libPowerHal: system_server: set gpu opp level: 0
12-30 16:38:33.676  1178  1262 I libPowerHal: system_server: set gpu opp level max: 0
12-30 16:38:33.677  1178  1262 I libPowerHal: [setGPUFreq] Soft min/max = (0, 0); Hard min/max = (33, 0)
12-30 16:38:33.677  1178  1262 I libPowerHal: [setGPUFreq] final min/max = (0, 0)
12-30 16:38:33.677  1178  1262 I libPowerHal: system_server: set gpu opp level: 0
12-30 16:38:33.677  1178  1262 I libPowerHal: system_server: set gpu opp level max: 0
12-30 16:38:33.677  1450  1469 E WifiStandalone: write_to_file write kernel_log error, errno = 9(Bad file descriptor)
12-30 16:38:33.689 15744 20388 D TaskStackChangeListeners: onTaskDescriptionChanged =  taskId = 6517
12-30 16:38:33.704  1161  1438 E TRS     : DpAsyncBlitStream:: thie platform unsupport compress format
12-30 16:38:33.705 15744 20388 D TaskStackChangeListeners: onTaskDescriptionChanged =  taskId = 6517
12-30 16:38:33.719  1161  1438 E TRS     : DpAsyncBlitStream:: thie platform unsupport compress format
12-30 16:38:33.719 15744 20388 D TaskStackChangeListeners: onTaskDescriptionChanged =  taskId = 6517
12-30 16:38:33.731  1178  1240 I libPerfCtl: xgfGetFPS pid:2633 fps:-1
12-30 16:38:33.731  1178  1240 I libPerfCtl: xgfGetFPS pid:30421 fps:56
12-30 16:38:33.731  1178  1240 I libPowerHal: [updateFPS] pid(30421) : -1 => 60
12-30 16:38:33.732  1178  1262 I libPowerHal: [perfNotifyAppState] pack:com.google.android.documentsui, act:com.android.documentsui.picker.PickActivity, state:5, pid:30421, uid:10068, fps:60
12-30 16:38:33.733  1178  1262 E UxUtility: notifyAppState error = NULL
12-30 16:38:33.733  1178  1262 I TouchUtility: notifyAppState error = NULL
12-30 16:38:33.733  1178  1240 I libPerfCtl: xgfGetFPS pid:31697 fps:60
12-30 16:38:33.735  1161  1438 E TRS     : DpAsyncBlitStream:: thie platform unsupport compress format
12-30 16:38:33.737 15744 20388 D TaskStackChangeListeners: onTaskDescriptionChanged =  taskId = 6517
12-30 16:38:33.751  1161  1438 E TRS     : DpAsyncBlitStream:: thie platform unsupport compress format
12-30 16:38:33.752 15744 20388 D TaskStackChangeListeners: onTaskDescriptionChanged =  taskId = 6517
12-30 16:38:33.768  1161  1438 E TRS     : DpAsyncBlitStream:: thie platform unsupport compress format
12-30 16:38:33.769 15744 20388 D TaskStackChangeListeners: onTaskDescriptionChanged =  taskId = 6517
12-30 16:38:33.774  1774  2125 D MiuiNetworkPolicy: updateLimit mLimitEnabled=false,enabled=true,mNetworkPriorityMode=255,mThermalForceMode=0
12-30 16:38:33.775  1774  2125 I MiuiNetworkPolicy: getEnableLimitTimeout when thermal mode is:0
12-30 16:38:33.785  1161  1438 E TRS     : DpAsyncBlitStream:: thie platform unsupport compress format
12-30 16:38:33.802  1161  1438 E TRS     : DpAsyncBlitStream:: thie platform unsupport compress format
12-30 16:38:33.817  1161  1438 E TRS     : DpAsyncBlitStream:: thie platform unsupport compress format
12-30 16:38:33.833  1229  1229 I BufferQueueProducer: [StatusBar#102](this:0xb40000761f4cca30,id:-1,api:0,p:-1,c:1229) queueBuffer: fps=7.18 dur=1252.90 max=1120.87 min=16.22
12-30 16:38:33.834  1161  1438 E TRS     : DpAsyncBlitStream:: thie platform unsupport compress format
12-30 16:38:33.850  1161  1438 E TRS     : DpAsyncBlitStream:: thie platform unsupport compress format
12-30 16:38:33.867  1161  1438 E TRS     : DpAsyncBlitStream:: thie platform unsupport compress format
12-30 16:38:33.883  1161  1438 E TRS     : DpAsyncBlitStream:: thie platform unsupport compress format
12-30 16:38:33.900  1161  1438 E TRS     : DpAsyncBlitStream:: thie platform unsupport compress format
12-30 16:38:33.916  1161  1438 E TRS     : DpAsyncBlitStream:: thie platform unsupport compress format
12-30 16:38:33.933  1161  1438 E TRS     : DpAsyncBlitStream:: thie platform unsupport compress format
12-30 16:38:33.949  1161  1438 E TRS     : DpAsyncBlitStream:: thie platform unsupport compress format
12-30 16:38:33.966  1774  2061 D MIUIInput: [MotionEvent] publisher action=0x1, deviceId=4, 2184188012, channel '3e27074 com.google.android.documentsui/com.android.documentsui.picker.PickActivity (server)'
12-30 16:38:33.966  1774  2061 D MIUIInput: [MotionEvent] publisher action=0x1, deviceId=4, 2184188012, channel '[Gesture Monitor] onehanded-touch (server)'
12-30 16:38:33.966  1161  1438 E TRS     : DpAsyncBlitStream:: thie platform unsupport compress format
12-30 16:38:33.966  1774  2063 W ServiceManagerCppClient: Failed to get isDeclared for vendor.mediatek.hardware.mtkpower.IMtkPowerService/default: Status(-1, EX_SECURITY): 'SELinux denied.'
12-30 16:38:33.966  1774  2061 D MIUIInput: [MotionEvent] publisher action=0x1, deviceId=4, 2184188012, channel '[Gesture Monitor] miui-gesture (server)'
12-30 16:38:33.966  1774  2063 I mtkpower_client: IMtkPowerService_isDeclared 0
12-30 16:38:33.966  1178  1204 I mtkpower@impl: [mtkPowerHint] hint:25, hold:80, ext:0, ext_hold:0
12-30 16:38:33.966  1774  1842 D PerfMTKStubImpl: perfLockRelease
12-30 16:38:33.966  1774  1842 I mtkpower_client: perf_lock_rel, hdl:1817557, tid:1842
12-30 16:38:33.966 30421 30421 D SplineOverScroller: mFlingDuration: 1368,mFlingDistance: 417.20928955078125,mVelocity: 947
12-30 16:38:33.967  1178  1262 I libPowerHal: [perfLockAcq] idx:3 hdl:1817572 hint:25 pid:1178 duration:80 lock_user:mtkpower@1.0-se => ret_hdl:1817572
12-30 16:38:33.967  1774  1842 W ServiceManagerCppClient: Failed to get isDeclared for vendor.mediatek.hardware.mtkpower.IMtkPowerService/default: Status(-1, EX_SECURITY): 'SELinux denied.'
12-30 16:38:33.967  1774  1842 I mtkpower_client: IMtkPowerService_isDeclared 0
12-30 16:38:33.967  1178  1262 I libPowerHal: [perfLockRel] hdl:1817570, idx:1
12-30 16:38:33.968  1774  1842 D PerfMTKStubImpl: perfLockAcquire
12-30 16:38:33.968  1774  1842 I mtkpower_client: perf_lock_acq, hdl:1817557, dur:263, num:8, pid:1774, tid:1842
12-30 16:38:33.968  1178  1262 I libPowerHal: [perfLockRel] hdl:1817557, idx:-1
12-30 16:38:33.968  1774  1842 W ServiceManagerCppClient: Failed to get isDeclared for vendor.mediatek.hardware.mtkpower.IMtkPowerService/default: Status(-1, EX_SECURITY): 'SELinux denied.'
12-30 16:38:33.969  1774  1842 I mtkpower_client: IMtkPowerService_isDeclared 0
12-30 16:38:33.969  1774  1842 I mtkpower_client: ret_hdl:1817573
12-30 16:38:33.969  1774  1842 D PerfMTKStubImpl: mtkPowerHint
12-30 16:38:33.969  1178  1262 I libPowerHal: [perfLockAcq] idx:1 hdl:1817573 hint:-1 pid:1774 duration:263 lock_user:system_server => ret_hdl:1817573
12-30 16:38:33.969  1178  1262 I libPowerHal: [setGPUFreq] system_server user set gpu freq min:0, max:-1
12-30 16:38:33.969  1178  1262 I libPowerHal: system_server: set gpu opp level max: 0
12-30 16:38:33.969  1774  1842 W ServiceManagerCppClient: Failed to get isDeclared for vendor.mediatek.hardware.mtkpower.IMtkPowerService/default: Status(-1, EX_SECURITY): 'SELinux denied.'
12-30 16:38:33.969  1774  1842 I mtkpower_client: IMtkPowerService_isDeclared 0
12-30 16:38:33.970  1178  1204 E mtkpower@impl: [mtkPowerHint] unsupport hint:900
12-30 16:38:33.970  1774  1842 E MTKBoostFramework: mtkPowerHint java.lang.NullPointerException: Attempt to invoke virtual method 'int java.lang.Integer.intValue()' on a null object reference
12-30 16:38:33.970  1774  1842 D PerfMTKStubImpl: perfLockRelease
12-30 16:38:33.970  1774  1842 I mtkpower_client: perf_lock_rel, hdl:1817571, tid:1842
12-30 16:38:33.970  1774  1842 W ServiceManagerCppClient: Failed to get isDeclared for vendor.mediatek.hardware.mtkpower.IMtkPowerService/default: Status(-1, EX_SECURITY): 'SELinux denied.'
12-30 16:38:33.970  1774  1842 I mtkpower_client: IMtkPowerService_isDeclared 0
12-30 16:38:33.971  1178  1262 I libPowerHal: [setGPUFreq] Soft min/max = (0, 0); Hard min/max = (33, 0)
12-30 16:38:33.971  1178  1262 I libPowerHal: [setGPUFreq] final min/max = (0, 0)
12-30 16:38:33.971  1178  1262 I libPowerHal: system_server: set gpu opp level: 0
12-30 16:38:33.971  1178  1262 I libPowerHal: system_server: set gpu opp level max: 0
12-30 16:38:33.972  1178  1262 I libPowerHal: [perfLockRel] hdl:1817571, idx:2
12-30 16:38:33.972  1178  1262 I libPowerHal: [unsetGPUFreq] current min:0, max:0; scn_gpu_min:0, scn_gpu_max:-1; scn_gpu_min(HL):-1, scn_gpu_max(HL):-1
12-30 16:38:33.972  1178  1262 I libPowerHal: [setGPUFreq] Soft min/max = (0, 0); Hard min/max = (33, 0)
12-30 16:38:33.972  1178  1262 I libPowerHal: [setGPUFreq] final min/max = (0, 0)
12-30 16:38:33.972  1178  1262 I libPowerHal: system_server: set gpu opp level: 0
12-30 16:38:33.973  1178  1262 I libPowerHal: system_server: set gpu opp level max: 0
12-30 16:38:33.982  1161  1438 E TRS     : DpAsyncBlitStream:: thie platform unsupport compress format
12-30 16:38:33.992  1453  1588 D ULogGuard: Monitoring: 16 threads, 0 requests, 0 time-bombs; 3 guards. ResetFlags = 0x7
12-30 16:38:33.999  1161  1438 E TRS     : DpAsyncBlitStream:: thie platform unsupport compress format
12-30 16:38:34.015  1161  1438 E TRS     : DpAsyncBlitStream:: thie platform unsupport compress format
12-30 16:38:34.032  1161  1438 E TRS     : DpAsyncBlitStream:: thie platform unsupport compress format
12-30 16:38:34.047  1178  1262 I mtkpower@impl: [powerd_req] TIMER_MSG_PERF_LOCK_TIMEOUT hdl:1817572
12-30 16:38:34.047  1178  1262 I libPowerHal: [perfLockRel] hdl:1817572, idx:3
12-30 16:38:34.048  1178  1262 I libPowerHal: MTKPOWER_HINT_APP_TOUCH: cpu_ctrl set cpu freq: 1800000 -1 2000000 -1
12-30 16:38:34.048  1178  1262 I libPowerHal: [PD] MTKPOWER_HINT_APP_TOUCH update cmd:410000 param:0
12-30 16:38:34.048  1178  1262 I libPowerHal: [PD] MTKPOWER_HINT_APP_TOUCH update cmd:1408300 param:40
12-30 16:38:34.048  1161  1438 E TRS     : DpAsyncBlitStream:: thie platform unsupport compress format
12-30 16:38:34.049  1178  1262 I libPowerHal: [PD] MTKPOWER_HINT_APP_TOUCH update cmd:3408600 param:0
12-30 16:38:34.065  1161  1438 E TRS     : DpAsyncBlitStream:: thie platform unsupport compress format
12-30 16:38:34.081  1161  1438 E TRS     : DpAsyncBlitStream:: thie platform unsupport compress format
12-30 16:38:34.098  1161  1438 E TRS     : DpAsyncBlitStream:: thie platform unsupport compress format
12-30 16:38:34.115  1161  1438 E TRS     : DpAsyncBlitStream:: thie platform unsupport compress format
12-30 16:38:34.131  1161  1438 E TRS     : DpAsyncBlitStream:: thie platform unsupport compress format
12-30 16:38:34.148  1161  1438 E TRS     : DpAsyncBlitStream:: thie platform unsupport compress format
12-30 16:38:34.164  1161  1438 E TRS     : DpAsyncBlitStream:: thie platform unsupport compress format
12-30 16:38:34.181  1161  1438 E TRS     : DpAsyncBlitStream:: thie platform unsupport compress format
12-30 16:38:34.197  1161  1438 E TRS     : DpAsyncBlitStream:: thie platform unsupport compress format
12-30 16:38:34.214  1161  1438 E TRS     : DpAsyncBlitStream:: thie platform unsupport compress format
12-30 16:38:34.230  1161  1438 E TRS     : DpAsyncBlitStream:: thie platform unsupport compress format
12-30 16:38:34.235  1178  1262 I mtkpower@impl: [powerd_req] TIMER_MSG_PERF_LOCK_TIMEOUT hdl:1817573
12-30 16:38:34.235  1178  1262 I libPowerHal: [perfLockRel] hdl:1817573, idx:1
12-30 16:38:34.235  1178  1262 I libPowerHal: system_server: cpu_ctrl set cpu freq: -1 -1 -1 -1
12-30 16:38:34.235  1178  1262 I libPowerHal: [unsetGPUFreq] current min:0, max:0; scn_gpu_min:0, scn_gpu_max:-1; scn_gpu_min(HL):-1, scn_gpu_max(HL):-1
12-30 16:38:34.235  1178  1262 I libPowerHal: system_server: set gpu opp level: 33
12-30 16:38:34.236  1178  1262 I libPowerHal: system_server: set gpu opp level max: 0
12-30 16:38:34.236  1178  1262 I libPowerHal: [setGPUFreq] Soft min/max = (33, 0); Hard min/max = (33, 0)
12-30 16:38:34.236  1178  1262 I libPowerHal: [setGPUFreq] final min/max = (33, 0)
12-30 16:38:34.236  1178  1262 I libPowerHal: system_server: set gpu opp level: 33
12-30 16:38:34.236  1178  1262 I libPowerHal: system_server: set gpu opp level max: 0
12-30 16:38:34.236  1178  1262 I libPowerHal: [PD] system_server update cmd:1000000, param:1
12-30 16:38:34.237  1178  1262 I libPowerHal: [PD] system_server update cmd:1000000 param:1
12-30 16:38:34.247  1161  1438 E TRS     : DpAsyncBlitStream:: thie platform unsupport compress format
12-30 16:38:34.264  1161  1438 E TRS     : DpAsyncBlitStream:: thie platform unsupport compress format
12-30 16:38:34.280  1161  1438 E TRS     : DpAsyncBlitStream:: thie platform unsupport compress format
12-30 16:38:34.291 15744 20807 E SQLiteLog: (284) automatic index on s1(t)
12-30 16:38:34.291 15744 20807 E SQLiteLog: (284) automatic index on s1(t)
12-30 16:38:34.297  1161  1438 E TRS     : DpAsyncBlitStream:: thie platform unsupport compress format
12-30 16:38:34.313  1161  1438 E TRS     : DpAsyncBlitStream:: thie platform unsupport compress format
12-30 16:38:34.330  1161  1438 E TRS     : DpAsyncBlitStream:: thie platform unsupport compress format
12-30 16:38:34.347  1161  1438 E TRS     : DpAsyncBlitStream:: thie platform unsupport compress format
12-30 16:38:34.364  1161  1438 E TRS     : DpAsyncBlitStream:: thie platform unsupport compress format
12-30 16:38:34.380  1161  1438 E TRS     : DpAsyncBlitStream:: thie platform unsupport compress format
12-30 16:38:34.397  1161  1438 E TRS     : DpAsyncBlitStream:: thie platform unsupport compress format
12-30 16:38:34.413  1161  1438 E TRS     : DpAsyncBlitStream:: thie platform unsupport compress format
12-30 16:38:34.430  1161  1438 E TRS     : DpAsyncBlitStream:: thie platform unsupport compress format
12-30 16:38:34.446  1161  1438 E TRS     : DpAsyncBlitStream:: thie platform unsupport compress format
12-30 16:38:34.463  1161  1438 E TRS     : DpAsyncBlitStream:: thie platform unsupport compress format
12-30 16:38:34.479  1161  1438 E TRS     : DpAsyncBlitStream:: thie platform unsupport compress format
12-30 16:38:34.496  1161  1438 E TRS     : DpAsyncBlitStream:: thie platform unsupport compress format
12-30 16:38:34.512  1161  1438 E TRS     : DpAsyncBlitStream:: thie platform unsupport compress format
12-30 16:38:34.529  1161  1438 E TRS     : DpAsyncBlitStream:: thie platform unsupport compress format
12-30 16:38:34.545  1161  1438 E TRS     : DpAsyncBlitStream:: thie platform unsupport compress format
12-30 16:38:34.562  1161  1438 E TRS     : DpAsyncBlitStream:: thie platform unsupport compress format
12-30 16:38:34.578  1161  1438 E TRS     : DpAsyncBlitStream:: thie platform unsupport compress format
12-30 16:38:34.582  1774  2818 V AS.AudioDeviceBroker: requestedCommunicationDevice: null mAudioModeOwner: AudioModeInfo: mMode=MODE_NORMAL, mPid=0, mUid=0
12-30 16:38:34.583  1774  2818 V AS.AudioDeviceBroker: requestedCommunicationDevice: null mAudioModeOwner: AudioModeInfo: mMode=MODE_NORMAL, mPid=0, mUid=0
12-30 16:38:34.595  1161  1438 E TRS     : DpAsyncBlitStream:: thie platform unsupport compress format
12-30 16:38:34.611  1161  1438 E TRS     : DpAsyncBlitStream:: thie platform unsupport compress format
12-30 16:38:34.616  1774  2061 D MIUIInput: [MotionEvent] publisher action=0x0, deviceId=4, 2184188661, channel '3e27074 com.google.android.documentsui/com.android.documentsui.picker.PickActivity (server)'
12-30 16:38:34.616  1774  2063 W ServiceManagerCppClient: Failed to get isDeclared for vendor.mediatek.hardware.mtkpower.IMtkPowerService/default: Status(-1, EX_SECURITY): 'SELinux denied.'
12-30 16:38:34.616  1774  2063 I mtkpower_client: IMtkPowerService_isDeclared 0
12-30 16:38:34.616  1774  2061 D MIUIInput: [MotionEvent] publisher action=0x0, deviceId=4, 2184188661, channel '[Gesture Monitor] onehanded-touch (server)'
12-30 16:38:34.617  1774  2061 D MIUIInput: [MotionEvent] publisher action=0x0, deviceId=4, 2184188661, channel '[Gesture Monitor] miui-gesture (server)'
12-30 16:38:34.618  1178  1262 I libPowerHal: [perfLockAcq] idx:1 hdl:1817574 hint:25 pid:1178 duration:1000 lock_user:mtkpower@1.0-se => ret_hdl:1817574
12-30 16:38:34.619  1178  1262 I libPowerHal: MTKPOWER_HINT_APP_TOUCH: cpu_ctrl set cpu freq: 2000000 -1 2203000 -1
12-30 16:38:34.619  1178  1262 I libPowerHal: [PE] MTKPOWER_HINT_APP_TOUCH update cmd:1000000, param:0
12-30 16:38:34.619  1178  1262 I libPowerHal: [PE] MTKPOWER_HINT_APP_TOUCH update cmd:410000, param:1
12-30 16:38:34.620  1178  1262 I libPowerHal: [PE] MTKPOWER_HINT_APP_TOUCH update cmd:1408300, param:100
12-30 16:38:34.620  1178  1262 I libPowerHal: [PE] MTKPOWER_HINT_APP_TOUCH update cmd:3408600 param:1
12-30 16:38:34.620  1178  1262 I libPowerHal: [PE] MTKPOWER_HINT_APP_TOUCH update cmd:1000000 param:0
12-30 16:38:34.620  1178  1262 I libPowerHal: [perfLockRel] hdl:1817572, idx:-1
12-30 16:38:34.627  1161  1438 E TRS     : DpAsyncBlitStream:: thie platform unsupport compress format
12-30 16:38:34.643  1161  1438 E TRS     : DpAsyncBlitStream:: thie platform unsupport compress format
12-30 16:38:34.659  1229  1229 I BufferQueueProducer: [com.google.android.documentsui/com.android.documentsui.picker.PickActivity#395070](this:0xb40000760a17aa30,id:-1,api:0,p:-1,c:1229) queueBuffer: fps=58.68 dur=1005.39 max=49.51 min=14.48
12-30 16:38:34.660  1161  1438 E TRS     : DpAsyncBlitStream:: thie platform unsupport compress format
12-30 16:38:34.663  1229  1229 I BufferQueueProducer: [FramebufferSurface](this:0xb4000076d69188d0,id:-1,api:1,p:1229,c:1229) queueBuffer: fps=58.79 dur=1003.62 max=46.34 min=13.69
12-30 16:38:34.663  1161  1438 I hwcomposer: [HWCDisplay] [Display_0 (type:1)] fps:58.786968,dur:1003.62,max:46.33,min:13.47  
12-30 16:38:34.710  1161  1438 E TRS     : DpAsyncBlitStream:: thie platform unsupport compress format
12-30 16:38:34.729  1774  2061 D MIUIInput: [MotionEvent] publisher action=0x1, deviceId=4, 2184188775, channel '3e27074 com.google.android.documentsui/com.android.documentsui.picker.PickActivity (server)'
12-30 16:38:34.729  1774  2061 D MIUIInput: [MotionEvent] publisher action=0x1, deviceId=4, 2184188775, channel '[Gesture Monitor] onehanded-touch (server)'
12-30 16:38:34.729  1774  2063 W ServiceManagerCppClient: Failed to get isDeclared for vendor.mediatek.hardware.mtkpower.IMtkPowerService/default: Status(-1, EX_SECURITY): 'SELinux denied.'
12-30 16:38:34.729  1774  2061 D MIUIInput: [MotionEvent] publisher action=0x1, deviceId=4, 2184188775, channel '[Gesture Monitor] miui-gesture (server)'
12-30 16:38:34.729  1774  2063 I mtkpower_client: IMtkPowerService_isDeclared 0
12-30 16:38:34.729  1178  1204 I mtkpower@impl: [mtkPowerHint] hint:25, hold:80, ext:0, ext_hold:0
12-30 16:38:34.730  1178  1262 I libPowerHal: [perfLockAcq] idx:2 hdl:1817575 hint:25 pid:1178 duration:80 lock_user:mtkpower@1.0-se => ret_hdl:1817575
12-30 16:38:34.730  1178  1262 I libPowerHal: [perfLockRel] hdl:1817574, idx:1
12-30 16:38:34.732  1178  1240 I libPerfCtl: xgfGetFPS pid:2633 fps:-1
12-30 16:38:34.732  1178  1240 I libPerfCtl: xgfGetFPS pid:30421 fps:57
12-30 16:38:34.732  1178  1240 I libPerfCtl: xgfGetFPS pid:31697 fps:-1
12-30 16:38:34.742  1161  1438 E TRS     : DpAsyncBlitStream:: thie platform unsupport compress format
12-30 16:38:34.743  1774  4333 D MiuiSoScManagerStub: supportSoScMinimizedMode:true
12-30 16:38:34.744  1774  4333 D MiuiSoScManagerStub: taskInSoScFullMode:false
12-30 16:38:34.744  1774  4333 D WindowManager: Requesting StartTransition: TransitionRecord{a8626b1 id=29282 type=CLOSE flags=0x0}
12-30 16:38:34.745  1774  4333 D WindowManager: Collecting in transition 29282: ActivityRecord{c44aab0 u0 com.google.android.documentsui/com.android.documentsui.picker.PickActivity t6517 f}} init visibleRequested:true
12-30 16:38:34.745  1774  4333 D WindowManager: Collecting in transition 29282: ActivityRecord{c44aab0 u0 com.google.android.documentsui/com.android.documentsui.picker.PickActivity t6517 f}} init visibleRequested:true
12-30 16:38:34.746  1774  4333 I PowerHalWrapper: amsBoostNotify pid:30421,activity:com.android.documentsui.picker.PickActivity, package:com.google.android.documentsui, mProcessCreatePackcom.yourname.pdftoolkit.debug 
12-30 16:38:34.746  1774  4333 I PowerHalWrapper: state: 0 
12-30 16:38:34.747  1774  4333 I mtkpower_client: [Legacy][PowerHal_Wrap_notifyAppState] com.google.android.documentsui/com.android.documentsui.picker.PickActivity pid=30421 state:0
12-30 16:38:34.747  1774  4333 I PowerHalWrapper: amsBoostNotify AMS_BOOST_PROCESS_CREATE_BOOST:false 
12-30 16:38:34.748  1178  1262 I libPowerHal: [perfNotifyAppState] pack:com.google.android.documentsui, act:com.android.documentsui.picker.PickActivity, state:0, pid:30421, uid:10068, fps:60
12-30 16:38:34.749  1774  4333 I PowerHalWrapper: <amsBoostResume> last:com.google.android.documentsui, next:com.yourname.pdftoolkit.debug 
12-30 16:38:34.749  2628  2628 W Settings: Setting airplane_mode_on has moved from android.provider.Settings.System to android.provider.Settings.Global, returning read-only value.
12-30 16:38:34.750  1774  4333 W ServiceManagerCppClient: Failed to get isDeclared for vendor.mediatek.hardware.mtkpower.IMtkPowerService/default: Status(-1, EX_SECURITY): 'SELinux denied.'
12-30 16:38:34.750  1774  4333 I mtkpower_client: IMtkPowerService_isDeclared 0
12-30 16:38:34.750  1178  1262 I libPowerHal: [perfLockRel] hdl:1817569, idx:0
12-30 16:38:34.750  1178  1262 I libPowerHal: [PD] MTKPOWER_HINT_EXT_LAUNCH update cmd:2020000 param:1
12-30 16:38:34.750  1774  4333 W ServiceManagerCppClient: Failed to get isDeclared for vendor.mediatek.hardware.mtkpower.IMtkPowerService/default: Status(-1, EX_SECURITY): 'SELinux denied.'
12-30 16:38:34.750  1774  4333 I mtkpower_client: IMtkPowerService_isDeclared 0
12-30 16:38:34.751  2633  2895 D MobileStatusTracker(6): onSignalStrengthsChanged signalStrength=SignalStrength:{mCdma=CellSignalStrengthCdma: cdmaDbm=2147483647 cdmaEcio=2147483647 evdoDbm=2147483647 evdoEcio=2147483647 evdoSnr=2147483647 miuiLevel=0 mOptimizedLevel=0 level=0,mGsm=CellSignalStrengthGsm: rssi=2147483647 ber=2147483647 mTa=2147483647 miuiLevel=0 mLevel=0,mWcdma=CellSignalStrengthWcdma: ss=2147483647 ber=2147483647 rscp=2147483647 ecno=2147483647 miuiLevel=0 mOptimizedLevel=0 level=0,mTdscdma=CellSignalStrengthTdscdma: rssi=2147483647 ber=2147483647 rscp=2147483647 miuiLevel=0 mOptimizedLevel=0 level=0,mLte=CellSignalStrengthLte: rssi=2147483647 rsrp=2147483647 rsrq=2147483647 rssnr=2147483647 cqiTableIndex=2147483647 cqi=2147483647 ta=2147483647 miuiLevel=0 mOptimizedLevel=0 level=0 parametersUseForLevel=0,mNr=CellSignalStrengthNr:{ csiRsrp = 2147483647 csiRsrq = 2147483647 csiCqiTableIndex = 2147483647 csiCqiReport = [] ssRsrp = -92 ssRsrq = -3 ssSinr = 24 miuiLevel = 5 mOptimizedLevel = 0 level = 1 parametersUseForLevel = 0 timingAdvance = 2147483647 },primary=CellSignalStrengthNr,mNrAsPrimaryInNrNsa=false}
12-30 16:38:34.751  2633  2895 D NetworkController.MobileSignalController(6): update5GConnectState: true
12-30 16:38:34.751  2633  2895 D NetworkController.MobileSignalController(6): ss use aosp level not 0, 5
12-30 16:38:34.751  2633  2895 D NetworkController.MobileSignalController(6): Show 5G icon, SA
12-30 16:38:34.752  1178  1262 I libPowerHal: [perfLockAcq] idx:0 hdl:1817576 hint:22 pid:1178 duration:10000 lock_user:mtkpower@1.0-se => ret_hdl:1817576
12-30 16:38:34.753  1774  5445 D WindowManager: Set transition=TransitionRecord{a8626b1 id=29282 type=CLOSE flags=0x0}, ready=false, SyncId=29282 used=true, override=false, defer=0, states=Display{#0 state=ON size=1080x2408 ROTATION_0}:false
12-30 16:38:34.754  1774  1845 D WindowManager: wms.Focus not requested for window=Window{3e27074 u0 com.google.android.documentsui/com.android.documentsui.picker.PickActivity} because it has no surface or is not focusable.
12-30 16:38:34.754  2633  2726 D MiuiFullScreenTaskRepository: setFocusedTask taskId=6517, displayId=0, topActivity=ComponentInfo{com.yourname.pdftoolkit.debug/com.yourname.pdftoolkit.ui.MainActivity}
12-30 16:38:34.754  2633  2726 D MiuiFullScreenTaskRepository: addOrUpdateFullScreenTaskInfo taskId=6517, topActivity=ComponentInfo{com.yourname.pdftoolkit.debug/com.yourname.pdftoolkit.ui.MainActivity}
12-30 16:38:34.755  1774  2818 D PerfMTKStubImpl: perfLockAcquire
12-30 16:38:34.755  1774  2818 I mtkpower_client: perf_lock_acq, hdl:1817567, dur:400, num:10, pid:1774, tid:2818
12-30 16:38:34.756  1774  2818 W ServiceManagerCppClient: Failed to get isDeclared for vendor.mediatek.hardware.mtkpower.IMtkPowerService/default: Status(-1, EX_SECURITY): 'SELinux denied.'
12-30 16:38:34.756  1774  2818 I mtkpower_client: IMtkPowerService_isDeclared 0
12-30 16:38:34.757  1774  2818 I mtkpower_client: ret_hdl:1817577
12-30 16:38:34.757  1178  1262 I libPowerHal: [perfLockAcq] idx:1 hdl:1817577 hint:-1 pid:1774 duration:400 lock_user:system_server => ret_hdl:1817577
12-30 16:38:34.757  1178  1262 I libPowerHal: [setGPUFreq] system_server user set gpu freq min:0, max:-1
12-30 16:38:34.757  1178  1262 I libPowerHal: system_server: set gpu opp level: 0
12-30 16:38:34.757  1774  2818 D WindowManager: Collecting in transition 29282: ActivityRecord{f2e9718 u0 com.yourname.pdftoolkit.debug/com.yourname.pdftoolkit.ui.MainActivity t6517} init visibleRequested:false
12-30 16:38:34.757  1178  1262 I libPowerHal: system_server: set gpu opp level max: 0
12-30 16:38:34.758  1178  1262 I libPowerHal: [setGPUFreq] Soft min/max = (0, 0); Hard min/max = (33, 0)
12-30 16:38:34.758  1178  1262 I libPowerHal: [setGPUFreq] final min/max = (0, 0)
12-30 16:38:34.758  1178  1262 I libPowerHal: system_server: set gpu opp level: 0
12-30 16:38:34.758  1178  1262 I libPowerHal: system_server: set gpu opp level max: 0
12-30 16:38:34.759  1774  2818 W WindowManager: Changing focus from Window{3e27074 u0 com.google.android.documentsui/com.android.documentsui.picker.PickActivity} to null displayId=0 Callers=com.android.server.wm.RootWindowContainer.updateFocusedWindowLocked:539 com.android.server.wm.WindowManagerService.updateFocusedWindowLocked:6779 com.android.server.wm.ActivityTaskManagerService.setLastResumedActivityUncheckLocked:5443 com.android.server.wm.ActivityTaskSupervisor.updateTopResumedActivityIfNeeded:2527 
12-30 16:38:34.759  1774  2818 D WindowManager: wms.Input focus has changed to null display=0 updateInputWindows = true
12-30 16:38:34.759  1161  1438 E TRS     : DpAsyncBlitStream:: thie platform unsupport compress format
12-30 16:38:34.759  1774  2818 I PowerHalWrapper: amsBoostNotify pid:31697,activity:com.yourname.pdftoolkit.ui.MainActivity, package:com.yourname.pdftoolkit.debug, mProcessCreatePackcom.yourname.pdftoolkit.debug 
12-30 16:38:34.759  1774  2818 I PowerHalWrapper: state: 1 
12-30 16:38:34.760  1774  2818 I mtkpower_client: [Legacy][PowerHal_Wrap_notifyAppState] com.yourname.pdftoolkit.debug/com.yourname.pdftoolkit.ui.MainActivity pid=31697 state:1
12-30 16:38:34.760  1178  1262 I libPowerHal: [perfNotifyAppState] pack:com.yourname.pdftoolkit.debug, act:com.yourname.pdftoolkit.ui.MainActivity, state:1, pid:31697, uid:11117, fps:60
12-30 16:38:34.760  1178  1262 I libPowerHal: [perfNotifyAppState] foreground:com.yourname.pdftoolkit.debug, pid:31697, uid:11117
12-30 16:38:34.761  1774  2818 I PowerHalWrapper: amsBoostNotify AMS_BOOST_PROCESS_CREATE_BOOST:false 
12-30 16:38:34.761  1774  1844 D ActivityManager: mediaResourceManagerBinder get success
12-30 16:38:34.761  1436  8219 D ResourceManagerService: update package name: com.yourname.pdftoolkit.debug
12-30 16:38:34.762  1774  2818 W AppContinuityRouterStub: mNotificationPolicyService or activityRecord is null.
12-30 16:38:34.762  1436  8219 D ResourceManagerService: packageName: com.yourname.pdftoolkit.debug, uid : 11117, hashCode : 34373462
12-30 16:38:34.762  1436  8219 D ResourceManagerService: ResourceManagerService::setCodecsVppMode
12-30 16:38:34.762  1436  8219 D ResourceManagerService: all codecs setVppMode return fail
12-30 16:38:34.762  1178  1262 E UxUtility: notifyAppState error = NULL
12-30 16:38:34.762  1178  1262 I TouchUtility: notifyAppState error = NULL
12-30 16:38:34.762  1774  2818 I SmartPower: com.yourname.pdftoolkit.debug/11117(31697): background->invisible(1654ms) R(become foreground) adj=700.
12-30 16:38:34.763  2633  2726 D MiuiFullScreenTaskRepository: setFocusedTask taskId=6517, displayId=0, topActivity=ComponentInfo{com.yourname.pdftoolkit.debug/com.yourname.pdftoolkit.ui.MainActivity}
12-30 16:38:34.763  2633  2726 D MiuiFullScreenTaskRepository: addOrUpdateFullScreenTaskInfo taskId=6517, topActivity=ComponentInfo{com.yourname.pdftoolkit.debug/com.yourname.pdftoolkit.ui.MainActivity}
12-30 16:38:34.763  1178  1204 I mtkpower@impl: [notifyAppState] pc:0, com.google.android.documentsui => com.yourname.pdftoolkit.debug
12-30 16:38:34.764  1774  2818 D WindowManager: Collecting in transition 29282: ActivityRecord{f2e9718 u0 com.yourname.pdftoolkit.debug/com.yourname.pdftoolkit.ui.MainActivity t6517} init visibleRequested:true
12-30 16:38:34.764  1774  2818 W AppContinuityRouterStub: mNotificationPolicyService or activityRecord is null.
12-30 16:38:34.764  1774  2818 D WindowManager: Set transition=TransitionRecord{a8626b1 id=29282 type=CLOSE flags=0x0}, ready=true, SyncId=29282 
12-30 16:38:34.765  1774  2818 W AppContinuityRouterStub: mNotificationPolicyService or activityRecord is null.
12-30 16:38:34.765 31697 31697 D CompatibilityChangeReporter: Compat change id reported: 78294732; UID 11117; state: ENABLED
