12-30 16:38:15.137  5378  7123 D GameBoosterService: onGameStatusChange foreground:ForegroundInfo{mForegroundPackageName='com.yourname.pdftoolkit.debug', mForegroundUid=11117, mForegroundPid=31697, mLastForegroundPackageName='com.mi.android.globallauncher', mLastForegroundUid=10073, mLastForegroundPid=15744, mMultiWindowForegroundPackageName='com.yourname.pdftoolkit.debug', mMultiWindowForegroundUid=11117, mFlags=1}
12-30 16:38:15.137  5378  7123 I VideoBoxUtils: isSupportVideoBox: false
12-30 16:38:15.137  5378  7123 I VideoToolBoxService: vtb is closed!!!
12-30 16:38:15.137 31697 31697 D CompatibilityChangeReporter: Compat change id reported: 171979766; UID 11117; state: ENABLED
12-30 16:38:15.138 31697 31697 D CompatibilityChangeReporter: Compat change id reported: 242716250; UID 11117; state: ENABLED
12-30 16:38:15.142  1161  1438 E TRS     : DpAsyncBlitStream:: thie platform unsupport compress format
12-30 16:38:15.156  1774  2125 I MiuiNetworkPolicy: updateUidState uid = 10057, uidState = 8
12-30 16:38:15.159  1161  1438 E TRS     : DpAsyncBlitStream:: thie platform unsupport compress format
12-30 16:38:15.168 31377 31475 I BugleDataModel: ActionExecutorImpl: ACTION_EXECUTE_QUEUED_SendReportAction
12-30 16:38:15.168 31377 31441 I BugleDataModel: ExecuteActionRunnable: running action SendReportAction
12-30 16:38:15.170 31377 31441 I BugleDataModel: ActionExecutorImpl: ACTION_BACKGROUND_QUEUED_SendReportAction
12-30 16:38:15.170 31697 31697 D nativeloader: Configuring clns-4 for other apk /data/app/~~sLgAUkyrZQ_XaAPJbBs_nQ==/com.yourname.pdftoolkit.debug-th_yWLUgFEqtOBfEVXYMOw==/base.apk. target_sdk_version=35, uses_libraries=, library_path=/data/app/~~sLgAUkyrZQ_XaAPJbBs_nQ==/com.yourname.pdftoolkit.debug-th_yWLUgFEqtOBfEVXYMOw==/lib/arm64:/data/app/~~sLgAUkyrZQ_XaAPJbBs_nQ==/com.yourname.pdftoolkit.debug-th_yWLUgFEqtOBfEVXYMOw==/base.apk!/lib/arm64-v8a, permitted_path=/data:/mnt/expand:/data/user/0/com.yourname.pdftoolkit.debug
12-30 16:38:15.175  1161  1438 E TRS     : DpAsyncBlitStream:: thie platform unsupport compress format
12-30 16:38:15.186 31697 31697 D nativeloader: Load libframework-connectivity-jni.so using APEX ns com_android_tethering for caller /apex/com.android.tethering/javalib/framework-connectivity.jar: ok
12-30 16:38:15.190 31697 31697 V GraphicsEnvironment: Currently set values for:
12-30 16:38:15.190 31377 31443 I BugleDataModel: ActionExecutorImpl: ACTION_RESPONSE_QUEUED_SendReportAction
12-30 16:38:15.190 31697 31697 V GraphicsEnvironment:   angle_gl_driver_selection_pkgs=[]
12-30 16:38:15.190 31697 31697 V GraphicsEnvironment:   angle_gl_driver_selection_values=[]
12-30 16:38:15.192  1161  1438 E TRS     : DpAsyncBlitStream:: thie platform unsupport compress format
12-30 16:38:15.192 31697 31697 V GraphicsEnvironment: ANGLE GameManagerService for com.yourname.pdftoolkit.debug: false
12-30 16:38:15.192 31697 31697 V GraphicsEnvironment: com.yourname.pdftoolkit.debug is not listed in per-application setting
12-30 16:38:15.193 31697 31697 V GraphicsEnvironment: App is not on the allowlist for updatable production driver.
12-30 16:38:15.194  1774  2125 I MiuiNetworkPolicy: updateUidState uid = 10057, uidState = 10
12-30 16:38:15.195  1774  4333 W JobScheduler: Job didn't exist in JobStore: 
12-30 16:38:15.201 31697 31697 I ForceDarkHelperStubImpl: initialize for com.yourname.pdftoolkit.debug , ForceDarkOrigin
12-30 16:38:15.203 31697 31697 D nativeloader: Load libforcedarkimpl.so using system ns (caller=/system_ext/framework/miui-framework.jar): ok
12-30 16:38:15.203 31697 31697 D OpenGLRenderer: JNI_OnLoad success
12-30 16:38:15.203 31697 31697 I MiuiForceDarkConfig: setConfig density:2.750000, mainRule:0, secondaryRule:0, tertiaryRule:0
12-30 16:38:15.205  6724  7336 E PowerKeeper.Thermal: ProcessInfo java.lang.NumberFormatException: For input string: "CPU usage from 507081ms to 206881ms ago (2025-12-30 16"
12-30 16:38:15.207  1774  2125 I MiuiNetworkPolicy: updateUidState uid = 10057, uidState = 19
12-30 16:38:15.208  1161  1438 E TRS     : DpAsyncBlitStream:: thie platform unsupport compress format
12-30 16:38:15.216 31697 31697 D CompatibilityChangeReporter: Compat change id reported: 183155436; UID 11117; state: ENABLED
12-30 16:38:15.225  1161  1438 E TRS     : DpAsyncBlitStream:: thie platform unsupport compress format
12-30 16:38:15.248  1161  1438 E TRS     : DpAsyncBlitStream:: thie platform unsupport compress format
12-30 16:38:15.257 15744 15808 D LauncherSoscController: Shell transition animation end, run: null
12-30 16:38:15.257 15744 15744 D RemoteAnimationAdapterCompat: animationFinishedCallback   start
12-30 16:38:15.258  1161  1438 E TRS     : DpAsyncBlitStream:: thie platform unsupport compress format
12-30 16:38:15.259  2633  2726 D SoScUtils: monitorTransitionFinished transition:android.os.BinderProxy@960424a transaction: android.view.SurfaceControl$Transaction@345ef87 mRequestCloseTransition:null mRequestOpenTransition:null mStartTransition:null mRequestOpenTriggerTask:-1 mRequestCloseTriggerTask:-1 mOrientationTransition: null mMainStartingTask:-1 mSideStartingTask:-1
12-30 16:38:15.260  1774  4115 I ActivityManager: Flag disabled. Ignoring finishAttachApplication from uid: 11117. pid: 31697
12-30 16:38:15.263 21310 21310 I MiuiWallpaper-MiuiKeyguardPictorialWallpaper: onVisibilityChanged, visible = false
12-30 16:38:15.264 21310 21310 I MiuiWallpaper-ImageWallpaper: onVisibilityChanged, visible = false
12-30 16:38:15.265 31697 31697 I M-ProMotion: M-ProMotion is disabled
12-30 16:38:15.277  2633  2726 D MiuiFullScreenTaskRepository: setFocusedTask taskId=6517, displayId=0, topActivity=ComponentInfo{com.yourname.pdftoolkit.debug/com.yourname.pdftoolkit.ui.MainActivity}
12-30 16:38:15.277  2633  2726 D MiuiFullScreenTaskRepository: addOrUpdateFullScreenTaskInfo taskId=6517, topActivity=ComponentInfo{com.yourname.pdftoolkit.debug/com.yourname.pdftoolkit.ui.MainActivity}
12-30 16:38:15.278  2633  2726 D MiuiFreeformModeController: onFocusTaskChanged taskInfo: TaskInfo{userId=0 taskId=6517 displayId=0 isRunning=true baseIntent=Intent { act=android.intent.action.MAIN cat=[android.intent.category.LAUNCHER] flg=0x10200000 cmp=com.yourname.pdftoolkit.debug/com.yourname.pdftoolkit.ui.MainActivity } baseActivity=ComponentInfo{com.yourname.pdftoolkit.debug/com.yourname.pdftoolkit.ui.MainActivity} topActivity=ComponentInfo{com.yourname.pdftoolkit.debug/com.yourname.pdftoolkit.ui.MainActivity} origActivity=null realActivity=ComponentInfo{com.yourname.pdftoolkit.debug/com.yourname.pdftoolkit.ui.MainActivity} numActivities=1 lastActiveTime=3569413467 supportsSplitScreenMultiWindow=true supportsMultiWindow=true resizeMode=1 isResizeable=true minWidth=-1 minHeight=-1 defaultMinSize=200 token=WCT{android.window.IWindowContainerToken$Stub$Proxy@d2c4eb4} topActivityType=1 pictureInPictureParams=null shouldDockBigOverlays=false launchIntoPipHostTaskId=-1 lastParentTaskIdBeforePip=-1 displayCutoutSafeInsets=Rect(0, 76 - 0, 0) topActivityInfo=ActivityInfo{f108add com.yourname.pdftoolkit.ui.MainActivity} launchCookies=[] positionInParent=Point(0, 0) parentTaskId=-1 isFocused=true isVisible=true isVisibleRequested=true isSleeping=false topActivityInSizeCompat=false topActivityEligibleForLetterboxEducation= false topActivityLetterboxed= false isFromDoubleTap= false topActivityLetterboxVerticalPosition= -1 topActivityLetterboxHorizontalPosition= -1 topActivityLetterboxWidth=-1 topActivityLetterboxHeight=-1 locusId=null displayAreaFeatureId=1 cameraCompatControlState=hidden mIsCastMode=false mTopActivityMediaSize=null mTopActivityRecordName=ActivityRecord{f2e9718 u0 com.yourname.pdftoolkit.debug/com.yourname.pdftoolkit.ui.MainActivity t6517} mTopActivityOrientation=-1 mTopActivityWindowIsNowVisible=false isTranslucent=false isEmbedded=false shouldBeVisible=true mBehindAppLockPkg=null mOriginatingUid=0}
12-30 16:38:15.278  2633  2726 D MiuiDesktopModeController: onFocusTaskChanged newFocus: TaskInfo{userId=0 taskId=6517 displayId=0 isRunning=true baseIntent=Intent { act=android.intent.action.MAIN cat=[android.intent.category.LAUNCHER] flg=0x10200000 cmp=com.yourname.pdftoolkit.debug/com.yourname.pdftoolkit.ui.MainActivity } baseActivity=ComponentInfo{com.yourname.pdftoolkit.debug/com.yourname.pdftoolkit.ui.MainActivity} topActivity=ComponentInfo{com.yourname.pdftoolkit.debug/com.yourname.pdftoolkit.ui.MainActivity} origActivity=null realActivity=ComponentInfo{com.yourname.pdftoolkit.debug/com.yourname.pdftoolkit.ui.MainActivity} numActivities=1 lastActiveTime=3569413467 supportsSplitScreenMultiWindow=true supportsMultiWindow=true resizeMode=1 isResizeable=true minWidth=-1 minHeight=-1 defaultMinSize=200 token=WCT{android.window.IWindowContainerToken$Stub$Proxy@d2c4eb4} topActivityType=1 pictureInPictureParams=null shouldDockBigOverlays=false launchIntoPipHostTaskId=-1 lastParentTaskIdBeforePip=-1 displayCutoutSafeInsets=Rect(0, 76 - 0, 0) topActivityInfo=ActivityInfo{f108add com.yourname.pdftoolkit.ui.MainActivity} launchCookies=[] positionInParent=Point(0, 0) parentTaskId=-1 isFocused=true isVisible=true isVisibleRequested=true isSleeping=false topActivityInSizeCompat=false topActivityEligibleForLetterboxEducation= false topActivityLetterboxed= false isFromDoubleTap= false topActivityLetterboxVerticalPosition= -1 topActivityLetterboxHorizontalPosition= -1 topActivityLetterboxWidth=-1 topActivityLetterboxHeight=-1 locusId=null displayAreaFeatureId=1 cameraCompatControlState=hidden mIsCastMode=false mTopActivityMediaSize=null mTopActivityRecordName=ActivityRecord{f2e9718 u0 com.yourname.pdftoolkit.debug/com.yourname.pdftoolkit.ui.MainActivity t6517} mTopActivityOrientation=-1 mTopActivityWindowIsNowVisible=false isTranslucent=false isEmbedded=false shouldBeVisible=true mBehindAppLockPkg=null mOriginatingUid=0}
12-30 16:38:15.278  2633  2726 D MiuiFullScreenTaskRepository: addOrUpdateFullScreenTaskInfo taskId=5203, topActivity=ComponentInfo{com.mi.android.globallauncher/com.miui.home.launcher.Launcher}
12-30 16:38:15.280  1774  2232 I SmartPower: com.mi.globalminusscreen/10314(28300): visible->invisible(12885ms) R(become invisible) adj=100.
12-30 16:38:15.280  1774  2232 I SmartPower: com.mi.globalminusscreen/10314(28300): invisible->background(1ms) R(become background) adj=100.
12-30 16:38:15.281  1774  2185 I SmartPower: com.miui.analytics/10104(28301): idle->background(9883ms) R(add to whitelist) adj=100.
12-30 16:38:15.286 28300 28300 D BLASTBufferQueue: [VRI[globalminusscreen]#23](f:0,a:1) destructor()
12-30 16:38:15.287 28300 28300 D BufferQueueConsumer: [VRI[globalminusscreen]#23(BLAST Consumer)23](id:6e8c00000017,api:0,p:-1,c:28300) disconnect
12-30 16:38:15.291 15744 15744 D RemoteAnimationAdapterCompat: animationFinishedCallback   end
12-30 16:38:15.291 15744 15744 E LauncherAnimationRunner: finish: mFinishRunnable.run
12-30 16:38:15.292  1161  1438 E TRS     : DpAsyncBlitStream:: thie platform unsupport compress format
12-30 16:38:15.292 31697 31727 D libMEOW : meow new tls: 0xb400007d0f8bc340
12-30 16:38:15.292 31697 31727 D libMEOW : meow reload base cfg path: na
12-30 16:38:15.292 31697 31727 D libMEOW : meow reload overlay cfg path: na
12-30 16:38:15.292 31697 31727 D libMEOW : applied 0 plugin for [com.yourname.pdftoolkit.debug].
12-30 16:38:15.292 31697 31727 D libMEOW : rebuild call chain: 0xb400007d0f8ce240
12-30 16:38:15.293 31697 31727 D libMEOW : meow delete tls: 0xb400007d0f8bc340
12-30 16:38:15.298  1161  1438 E TRS     : DpAsyncBlitStream:: thie platform unsupport compress format
12-30 16:38:15.300 15744 23982 D TaskStackChangeListeners: onTaskDescriptionChanged =  taskId = 6517
12-30 16:38:15.304 31697 31697 W libc    : Access denied finding property "ro.vendor.df.effect.conflict"
12-30 16:38:15.298 31697 31697 W dftoolkit.debug: type=1400 audit(0.0:67597588): avc:  denied  { read } for  name="u:object_r:vendor_displayfeature_prop:s0" dev="tmpfs" ino=11480 scontext=u:r:untrusted_app:s0:c93,c260,c512,c768 tcontext=u:object_r:vendor_displayfeature_prop:s0 tclass=file permissive=0 app=com.linkedin.android
12-30 16:38:15.305 31697 31697 D MainActivity: Handling intent action: android.intent.action.MAIN, data: null
12-30 16:38:15.306  1229  1229 I BufferQueueDebug: [98dc1b1 ActivityRecordInputSink com.mi.android.globallauncher/com.miui.home.launcher.Launcher#395040](this:0xb40000760a32da30,id:-1,api:0,p:-1,c:1229) onDestructor()
12-30 16:38:15.307  1161  1438 E TRS     : DpAsyncBlitStream:: thie platform unsupport compress format
12-30 16:38:15.313  2628  2628 W Settings: Setting airplane_mode_on has moved from android.provider.Settings.System to android.provider.Settings.Global, returning read-only value.
12-30 16:38:15.316  2633  2726 D MiuiFullScreenTaskRepository: setFocusedTask taskId=6517, displayId=0, topActivity=ComponentInfo{com.yourname.pdftoolkit.debug/com.yourname.pdftoolkit.ui.MainActivity}
12-30 16:38:15.316  2633  2726 D MiuiFullScreenTaskRepository: addOrUpdateFullScreenTaskInfo taskId=6517, topActivity=ComponentInfo{com.yourname.pdftoolkit.debug/com.yourname.pdftoolkit.ui.MainActivity}
12-30 16:38:15.318 15744 15744 D BLASTBufferQueue: [VRI[Launcher]#2224](f:0,a:1) destructor()
12-30 16:38:15.318  2633  2895 D MobileStatusTracker(6): onSignalStrengthsChanged signalStrength=SignalStrength:{mCdma=CellSignalStrengthCdma: cdmaDbm=2147483647 cdmaEcio=2147483647 evdoDbm=2147483647 evdoEcio=2147483647 evdoSnr=2147483647 miuiLevel=0 mOptimizedLevel=0 level=0,mGsm=CellSignalStrengthGsm: rssi=2147483647 ber=2147483647 mTa=2147483647 miuiLevel=0 mLevel=0,mWcdma=CellSignalStrengthWcdma: ss=2147483647 ber=2147483647 rscp=2147483647 ecno=2147483647 miuiLevel=0 mOptimizedLevel=0 level=0,mTdscdma=CellSignalStrengthTdscdma: rssi=2147483647 ber=2147483647 rscp=2147483647 miuiLevel=0 mOptimizedLevel=0 level=0,mLte=CellSignalStrengthLte: rssi=2147483647 rsrp=2147483647 rsrq=2147483647 rssnr=2147483647 cqiTableIndex=2147483647 cqi=2147483647 ta=2147483647 miuiLevel=0 mOptimizedLevel=0 level=0 parametersUseForLevel=0,mNr=CellSignalStrengthNr:{ csiRsrp = 2147483647 csiRsrq = 2147483647 csiCqiTableIndex = 2147483647 csiCqiReport = [] ssRsrp = -93 ssRsrq = -4 ssSinr = 25 miuiLevel = 5 mOptimizedLevel = 0 level = 1 parametersUseForLevel = 0 timingAdvance = 2147483647 },primary=CellSignalStrengthNr,mNrAsPrimaryInNrNsa=false}
12-30 16:38:15.318 15744 15744 D BufferQueueConsumer: [VRI[Launcher]#2224(BLAST Consumer)2224](id:3d80000008b0,api:0,p:-1,c:15744) disconnect
12-30 16:38:15.318  2633  2895 D NetworkController.MobileSignalController(6): update5GConnectState: true
12-30 16:38:15.318  2633  2895 D NetworkController.MobileSignalController(6): ss use aosp level not 0, 5
12-30 16:38:15.318  2633  2895 D NetworkController.MobileSignalController(6): Show 5G icon, SA
12-30 16:38:15.322 31697 31697 D DecorView[]: getWindowModeFromSystem  windowmode is 1
12-30 16:38:15.334  1774  1797 I system_server: Background young concurrent copying GC freed 15MB AllocSpace bytes, 149(5824KB) LOS objects, 9% free, 198MB/219MB, paused 341us,1.273ms total 136.529ms
12-30 16:38:15.336  1774  1799 W System  : A resource failed to call release. 
12-30 16:38:15.336  1774  1799 W System  : A resource failed to call release. 
12-30 16:38:15.336  1774  1799 W System  : A resource failed to call release. 
12-30 16:38:15.336  1774  1799 W System  : A resource failed to call release. 
12-30 16:38:15.340  1774  1799 W System  : A resource failed to call HardwareBuffer.close. 
12-30 16:38:15.340  1774  1799 W System  : A resource failed to call HardwareBuffer.close. 
12-30 16:38:15.340  1774  1799 W System  : A resource failed to call release. 
12-30 16:38:15.340  1774  1799 W System  : A resource failed to call release. 
12-30 16:38:15.340  1774  1799 W System  : A resource failed to call release. 
12-30 16:38:15.340  1774  1799 W System  : A resource failed to call release. 
12-30 16:38:15.340  1774  1799 W System  : A resource failed to call release. 
12-30 16:38:15.341  1774  1799 W System  : A resource failed to call HardwareBuffer.close. 
12-30 16:38:15.341  1774  1799 W System  : A resource failed to call release. 
12-30 16:38:15.341  1774  1799 W System  : A resource failed to call release. 
12-30 16:38:15.341  1774  1799 W System  : A resource failed to call release. 
12-30 16:38:15.341  1774  1799 W System  : A resource failed to call release. 
12-30 16:38:15.341  1774  1799 W System  : A resource failed to call release. 
12-30 16:38:15.346 31697 31697 I SurfaceFactory: [static] sSurfaceFactory = com.mediatek.view.impl.SurfaceFactoryImpl@62a974a
12-30 16:38:15.346  1229  1971 D SurfaceFlinger: [SF client] NEW(0xb4000075bf6ff900) for (31697:com.yourname.pdftoolkit.debug)
12-30 16:38:15.347 31697 31724 D nativeloader: Load libpowerhalwrap_jni.so using system ns (caller=/system_ext/framework/mediatek-framework.jar): ok
12-30 16:38:15.347 31697 31724 I PowerHalWrapper: PowerHalWrapper.getInstance 
12-30 16:38:15.348 31697 31697 D CompatibilityChangeReporter: Compat change id reported: 237531167; UID 11117; state: DISABLED
12-30 16:38:15.351 31697 31697 W OpenGLRenderer: Unknown dataspace 0
12-30 16:38:15.356 31697 31725 W libc    : Access denied finding property "ro.vendor.display.iris_x7.support"
12-30 16:38:15.358 31697 31697 D VRI[MainActivity]: hardware acceleration = true, forceHwAccelerated = false
12-30 16:38:15.360  1229  1971 D SurfaceFlinger: [SF client] NEW(0xb4000075bf6fd380) for (1774:system_server)
12-30 16:38:15.361  1229  1971 E BufferQueueDebug: [64d56fd com.yourname.pdftoolkit.debug/com.yourname.pdftoolkit.ui.MainActivity#395062](this:0xb4000075d7b39a30,id:-1,api:0,p:-1,c:-1) id info cannot be read from '64d56fd com.yourname.pdftoolkit.debug/com.yourname.pdftoolkit.ui.MainActivity#395062'
12-30 16:38:15.361  1229  1971 I BufferQueueDebug: [64d56fd com.yourname.pdftoolkit.debug/com.yourname.pdftoolkit.ui.MainActivity#395062](this:0xb4000075d7b39a30,id:-1,api:0,p:-1,c:-1) BufferQueue core=(1229:/system/bin/surfaceflinger)
12-30 16:38:15.365 31697 31697 D libMEOW : meow new tls: 0xb400007cf94539c0
12-30 16:38:15.365 31697 31697 D libMEOW : applied 0 plugin for [com.yourname.pdftoolkit.debug].
12-30 16:38:15.365 31697 31697 D libMEOW : rebuild call chain: 0xb400007cf94621c0
12-30 16:38:15.367  2633  2672 D MiuiFreeformModeObserver: activityResumed() intent Intent { cmp=com.yourname.pdftoolkit.debug/com.yourname.pdftoolkit.ui.MainActivity (has extras) }
12-30 16:38:15.367 15744 15744 D RecentsImpl: mActivityStateObserver com.yourname.pdftoolkit.ui.MainActivity
12-30 16:38:15.367 15744 15744 W RecentsImpl: onResumed className=com.yourname.pdftoolkit.ui.MainActivity   mIsInAnotherPro=false   isKeyguardLocked=false   mSecuritySpaceGuideShown=false
12-30 16:38:15.367 15744 15808 D RecentsImpl: showNavStubView
12-30 16:38:15.367 15744 15808 D NavStubView_Touch: setKeepHidden    old=false   new=false
12-30 16:38:15.368 15744 15807 W RecentsImpl: disableTouchBySwipeStatusBar    disable=false
12-30 16:38:15.368 15744 15807 D GestureStubView_Touch: disableTouchBySwipeStatusBar    old=false   new=false
12-30 16:38:15.368 15744 15807 D GestureStubView_Touch: disableTouchBySwipeStatusBar    old=false   new=false
12-30 16:38:15.368 15744 15807 W RecentsImpl: disableBackStubWindow    disableTouch=false
12-30 16:38:15.368 15744 15807 D GestureStubView_Touch: disableTouch    old=true   new=false
12-30 16:38:15.368 15744 15807 D GestureStubView_Touch: updateTouchable    old=true   new=true
12-30 16:38:15.368 15744 15807 D GestureStubView_Touch: disableTouch    old=true   new=false
12-30 16:38:15.368 15744 15807 D GestureStubView_Touch: updateTouchable    old=true   new=true
12-30 16:38:15.368 15744 15807 D RecentsImpl: showBackStubWindow  hasNavigationBar=true
12-30 16:38:15.368 15744 15807 D GestureStubView_Touch: setKeepHidden    old=true   new=false
12-30 16:38:15.368 15744 15807 D GestureStubView_Touch: updateTouchable    old=true   new=false
12-30 16:38:15.368 15744 15807 D GestureStubView_Touch:   updateTouchable---requestApplyInsets
12-30 16:38:15.368 15744 15807 W GestureStubView: adaptRotation   currentRotation=0   mRotation=0
12-30 16:38:15.368 15744 15807 D GestureStubView: resetRenderProperty: showGestureStub   isLayoutParamChanged=false
12-30 16:38:15.368 15744 15807 D GestureStubView_Touch: disableTouch    old=false   new=false
12-30 16:38:15.368 15744 15807 D GestureStubView: showGestureStub
12-30 16:38:15.368 15744 15807 D GestureStubView_Touch: setKeepHidden    old=true   new=false
12-30 16:38:15.368 15744 15807 D GestureStubView_Touch: updateTouchable    old=true   new=false
12-30 16:38:15.368 15744 15807 D GestureStubView_Touch:   updateTouchable---requestApplyInsets
12-30 16:38:15.368 15744 15807 W GestureStubView: adaptRotation   currentRotation=0   mRotation=0
12-30 16:38:15.368 15744 15807 D GestureStubView: resetRenderProperty: showGestureStub   isLayoutParamChanged=false
12-30 16:38:15.368 15744 15807 D GestureStubView_Touch: disableTouch    old=false   new=false
12-30 16:38:15.368 15744 15807 D GestureStubView: showGestureStub
12-30 16:38:15.372 15744 15807 D GestureStubView: gatherTransparentRegion: need render w:54  h:1444
12-30 16:38:15.373  1161  1438 E TRS     : DpAsyncBlitStream:: thie platform unsupport compress format
12-30 16:38:15.373 15744 15807 D GestureStubView: gatherTransparentRegion: need render w:54  h:1444
12-30 16:38:15.390  1161  1438 E TRS     : DpAsyncBlitStream:: thie platform unsupport compress format
12-30 16:38:15.404 31697 31697 W dftoolkit.debug: Method java.lang.Object androidx.compose.runtime.snapshots.SnapshotStateMap.mutate(kotlin.jvm.functions.Function1) failed lock verification and will run slower.
12-30 16:38:15.404 31697 31697 W dftoolkit.debug: Common causes for lock verification issues are non-optimized dex code
12-30 16:38:15.404 31697 31697 W dftoolkit.debug: and incorrect proguard optimizations.
12-30 16:38:15.405 31697 31697 W dftoolkit.debug: Method void androidx.compose.runtime.snapshots.SnapshotStateMap.update(kotlin.jvm.functions.Function1) failed lock verification and will run slower.
12-30 16:38:15.405 31697 31697 W dftoolkit.debug: Method boolean androidx.compose.runtime.snapshots.SnapshotStateMap.removeIf$runtime_release(kotlin.jvm.functions.Function1) failed lock verification and will run slower.
12-30 16:38:15.406  1161  1438 E TRS     : DpAsyncBlitStream:: thie platform unsupport compress format
12-30 16:38:15.406 15744 15744 D Launcher_UnlockAnimationStateMachine: mResetIdleStateRunnable
12-30 16:38:15.406  6724  6740 I iui.powerkeeper: Background concurrent copying GC freed 6388KB AllocSpace bytes, 134(2680KB) LOS objects, 49% free, 9309KB/18MB, paused 117us,19us total 106.377ms
12-30 16:38:15.454 15744 23982 D TaskStackChangeListeners: onTaskDescriptionChanged =  taskId = 6517
12-30 16:38:15.458  1774  2232 D CoreBackPreview: Window{64d56fd u0 com.yourname.pdftoolkit.debug/com.yourname.pdftoolkit.ui.MainActivity}: Setting back callback OnBackInvokedCallbackInfo{mCallback=android.window.IOnBackInvokedCallback$Stub$Proxy@2ac793e, mPriority=0, mIsAnimationCallback=false}
12-30 16:38:15.461  1229  1316 E BufferQueueDebug: [com.yourname.pdftoolkit.debug/com.yourname.pdftoolkit.ui.MainActivity#395063](this:0xb40000760a1fba30,id:-1,api:0,p:-1,c:-1) id info cannot be read from 'com.yourname.pdftoolkit.debug/com.yourname.pdftoolkit.ui.MainActivity#395063'
12-30 16:38:15.461  1229  1316 I BufferQueueDebug: [com.yourname.pdftoolkit.debug/com.yourname.pdftoolkit.ui.MainActivity#395063](this:0xb40000760a1fba30,id:-1,api:0,p:-1,c:-1) BufferQueue core=(1229:/system/bin/surfaceflinger)
12-30 16:38:15.465  1774  2232 W WindowManager: Changing focus from null to Window{64d56fd u0 com.yourname.pdftoolkit.debug/com.yourname.pdftoolkit.ui.MainActivity} displayId=0 Callers=com.android.server.wm.RootWindowContainer.updateFocusedWindowLocked:539 com.android.server.wm.WindowManagerService.updateFocusedWindowLocked:6779 com.android.server.wm.WindowManagerService.relayoutWindow:2894 com.android.server.wm.Session.relayout:263 
12-30 16:38:15.465  2633  2726 D MiuiFullScreenTaskRepository: setFocusedTask taskId=6517, displayId=0, topActivity=ComponentInfo{com.yourname.pdftoolkit.debug/com.yourname.pdftoolkit.ui.MainActivity}
12-30 16:38:15.465  2633  2726 D MiuiFullScreenTaskRepository: addOrUpdateFullScreenTaskInfo taskId=6517, topActivity=ComponentInfo{com.yourname.pdftoolkit.debug/com.yourname.pdftoolkit.ui.MainActivity}
12-30 16:38:15.465  1229  1316 E BufferQueueDebug: [Surface(name=8ee3c46 StatusBar)/@0xb1e778 - animation-leash of insets_animation#395064](this:0xb40000760a1fea30,id:-1,api:0,p:-1,c:-1) id info cannot be read from 'Surface(name=8ee3c46 StatusBar)/@0xb1e778 - animation-leash of insets_animation#395064'
12-30 16:38:15.465  1229  1316 I BufferQueueDebug: [Surface(name=8ee3c46 StatusBar)/@0xb1e778 - animation-leash of insets_animation#395064](this:0xb40000760a1fea30,id:-1,api:0,p:-1,c:-1) BufferQueue core=(1229:/system/bin/surfaceflinger)
12-30 16:38:15.466  1774  2232 D WindowManager: wms.Input focus has changed to Window{64d56fd u0 com.yourname.pdftoolkit.debug/com.yourname.pdftoolkit.ui.MainActivity} display=0 updateInputWindows = true
12-30 16:38:15.466  1774  2232 I WindowManager: Relayout Window{64d56fd u0 com.yourname.pdftoolkit.debug/com.yourname.pdftoolkit.ui.MainActivity}: oldVis=4 newVis=0 focusMayChange = true requestedWidth = 1080 requestedHeight = 2408 outFrames = ClientWindowFrames{frame=[0,0][1080,2408] display=[0,0][1080,2408] parentFrame=[0,0][0,0]} outSurfaceControl = Surface(name=com.yourname.pdftoolkit.debug/com.yourname.pdftoolkit.ui.MainActivity)/@0xcdaeabb
12-30 16:38:15.469 31697 31697 D BufferQueueConsumer: [](id:7bd100000000,api:0,p:-1,c:31697) connect: controlledByApp=false
12-30 16:38:15.472  1774  1845 D SurfaceComposerClient: Transaction::apply InputWindowCommands.focusRequests timestamp=2184169513965337, windowName=64d56fd com.yourname.pdftoolkit.debug/com.yourname.pdftoolkit.ui.MainActivity
12-30 16:38:15.473  1229  1316 I SurfaceFlinger: sf.setTransactionState focusRequest transactionId:7619275073623 frontWin:64d56fd com.yourname.pdftoolkit.debug/com.yourname.pdftoolkit.ui.MainActivity
12-30 16:38:15.473  1161  1438 E TRS     : DpAsyncBlitStream:: thie platform unsupport compress format
12-30 16:38:15.474 31697 31725 D libMEOW : meow new tls: 0xb400007cf946f440
12-30 16:38:15.475 31697 31725 D libMEOW : applied 0 plugin for [com.yourname.pdftoolkit.debug].
12-30 16:38:15.475 31697 31725 D libMEOW : rebuild call chain: 0xb400007d106df5c0
12-30 16:38:15.480   524   524 I hwservicemanager: getTransport: Cannot find entry android.hardware.configstore@1.0::ISurfaceFlingerConfigs/default in either framework or device VINTF manifest.
12-30 16:38:15.487  1229  1229 I SurfaceFlinger: sf.transactionReadyTimelineCheck focusRequest transactionId:7619275073623 vsyncId: -1
12-30 16:38:15.488  1229  1229 D SurfaceFlinger: Focus addInputWindowCommands timestamp=2184169513965337, windowName=64d56fd com.yourname.pdftoolkit.debug/com.yourname.pdftoolkit.ui.MainActivity
12-30 16:38:15.488  1489  1584 D AAL     : 12-30 04:38:15.207 BL= 229,ESS= 256, 12-30 04:38:15.290 BL= 230,ESS= 256, 12-30 04:38:15.356 BL= 231,ESS= 256, 12-30 04:38:15.422 BL= 232,ESS= 256, 12-30 04:38:15.488 BL= 233,ESS= 256, 
12-30 16:38:15.488  1229  1229 D SurfaceFlinger: Find Focus windowName=64d56fd com.yourname.pdftoolkit.debug/com.yourname.pdftoolkit.ui.MainActivity, notVisible=1
12-30 16:38:15.488  1229  1229 D Layer   : Focus: com.yourname.pdftoolkit.debug/com.yourname.pdftoolkit.ui.MainActivity#395063 isHiddenByPolicy s.flags&layer_state_t::eLayerHidden=1
12-30 16:38:15.488  1229  1229 D SurfaceFlinger: Focus inVisible Reason:isVisibleForInput(){hasInputInfo()?canReceiveInput():isVisible()}=0 has=1 can{!isHiddenByPolicy()&&(mBuffer==nullptr||getAlpha()>0.0f)}=0 Hidden=1 Buf=1 getA=1
12-30 16:38:15.489  1774  2232 V AS.AudioDeviceBroker: requestedCommunicationDevice: null mAudioModeOwner: AudioModeInfo: mMode=MODE_NORMAL, mPid=0, mUid=0
12-30 16:38:15.489  1229  1808 D SurfaceFlinger: updateWinowInfo=1, setFocusedWindow timestamp=2184169513965337, windowName=64d56fd com.yourname.pdftoolkit.debug/com.yourname.pdftoolkit.ui.MainActivity
12-30 16:38:15.489  1774  2818 V AS.AudioDeviceBroker: requestedCommunicationDevice: null mAudioModeOwner: AudioModeInfo: mMode=MODE_NORMAL, mPid=0, mUid=0
12-30 16:38:15.489  1161  1438 E TRS     : DpAsyncBlitStream:: thie platform unsupport compress format
12-30 16:38:15.490 31697 31725 W libc    : Access denied finding property "vendor.migl.debug"
12-30 16:38:15.490 31697 31725 E libMiGL : libmigl:This GPU version is note support Variable Shading Rate
12-30 16:38:15.492 31697 31725 E libEGL  : pre_cache appList: ,,,,,,
12-30 16:38:15.496  1229  1316 D MI-SF   : debug.config.media.video.dolby_vision_suports == false
12-30 16:38:15.496  1229  1316 D MI-SF   : debug.config.media.video.dolby_vision_suports == false
12-30 16:38:15.496  1229  1316 D MI-SF   : debug.config.media.video.dolby_vision_suports == false
12-30 16:38:15.496  1229  1316 D MI-SF   : debug.config.media.video.dolby_vision_suports == false
12-30 16:38:15.496  1229  1316 E HWComposer: getSupportedContentTypes: getSupportedContentTypes failed for display 0: Unsupported (8)
12-30 16:38:15.497 31697 31725 E OpenGLRenderer: Unable to match the desired swap behavior.
12-30 16:38:15.500 31697 31697 W dftoolkit.debug: Method boolean androidx.compose.runtime.snapshots.SnapshotStateList.conditionalUpdate(kotlin.jvm.functions.Function1) failed lock verification and will run slower.
12-30 16:38:15.500 31697 31697 W dftoolkit.debug: Method java.lang.Object androidx.compose.runtime.snapshots.SnapshotStateList.mutate(kotlin.jvm.functions.Function1) failed lock verification and will run slower.
12-30 16:38:15.500 31697 31697 W dftoolkit.debug: Method void androidx.compose.runtime.snapshots.SnapshotStateList.update(kotlin.jvm.functions.Function1) failed lock verification and will run slower.
12-30 16:38:15.504  1229  1229 I BufferQueueDebug: [Surface(name=8ee3c46 StatusBar)/@0xb1e778 - animation-leash of insets_animation#395058](this:0xb40000760a1a7a30,id:-1,api:0,p:-1,c:1229) onDestructor()
12-30 16:38:15.506  1161  1438 E TRS     : DpAsyncBlitStream:: thie platform unsupport compress format
12-30 16:38:15.561 31697 31697 D CompatibilityChangeReporter: Compat change id reported: 171228096; UID 11117; state: ENABLED
12-30 16:38:15.725  1178  1240 I libPerfCtl: xgfGetFPS pid:2633 fps:60
12-30 16:38:15.725  1178  1240 I libPerfCtl: xgfGetFPS pid:15744 fps:57
12-30 16:38:15.762 29552 29605 I SystemUpdate-SuperDownload: stop foreground service: DownloadService, Build.VERSION.SDK_INT = 34
12-30 16:38:15.851  1489  1584 D AAL     : 12-30 04:38:15.570 BL= 234,ESS= 256, 12-30 04:38:15.637 BL= 235,ESS= 256, 12-30 04:38:15.703 BL= 236,ESS= 256, 12-30 04:38:15.769 BL= 237,ESS= 256, 12-30 04:38:15.851 BL= 238,ESS= 256, 
12-30 16:38:15.984  1453  1588 D ULogGuard: Monitoring: 16 threads, 0 requests, 0 time-bombs; 3 guards. ResetFlags = 0x7
12-30 16:38:15.984  1161  1438 E TRS     : DpAsyncBlitStream:: thie platform unsupport compress format
12-30 16:38:15.987  1229  1229 I BufferQueueProducer: [FramebufferSurface](this:0xb4000076d69188d0,id:-1,api:1,p:1229,c:1229) queueBuffer: fps=26.85 dur=1042.66 max=480.82 min=4.73
12-30 16:38:15.987  1161  1438 I hwcomposer: [HWCDisplay] [Display_0 (type:1)] fps:26.853441,dur:1042.70,max:480.92,min:4.77  
12-30 16:38:16.019  1489  2224 D AALLightSensor: oldLux=27 [SA:19 LA:19] newLux=27 (oriLux: 20)
12-30 16:38:16.078 31697 31697 D View    : [ANR Warning]onLayout time too long, this =androidx.compose.ui.platform.AndroidComposeView{a3f66fa VFED..... ......ID 0,0-1080,2332}time =601 ms
12-30 16:38:16.078 31697 31697 D View    : [ANR Warning]onLayout time too long, this =androidx.compose.ui.platform.ComposeView{7758f54 V.E...... ......ID 0,0-1080,2332}time =601 ms
12-30 16:38:16.078 31697 31697 D View    : [ANR Warning]onLayout time too long, this =android.widget.FrameLayout{db1cefd V.E...... ......ID 0,76-1080,2408 #1020002 android:id/content}time =601 ms
12-30 16:38:16.078 31697 31697 D View    : [ANR Warning]onLayout time too long, this =android.widget.LinearLayout{67467f2 V.E...... ......ID 0,0-1080,2408}time =601 ms
12-30 16:38:16.078 31697 31697 D View    : [ANR Warning]onLayout time too long, this =DecorView@e682e43[MainActivity]time =601 ms
12-30 16:38:16.079 31697 31697 D VRI[MainActivity]: vri.reportNextDraw android.view.ViewRootImpl.performTraversals:4376 android.view.ViewRootImpl.doTraversal:2992 android.view.ViewRootImpl$TraversalRunnable.run:10469 android.view.Choreographer$CallbackRecord.run:1671 android.view.Choreographer$CallbackRecord.run:1680 
12-30 16:38:16.080 31697 31697 D VRI[MainActivity]: vri.Setup new sync=wmsSync-VRI[MainActivity]#0
12-30 16:38:16.099  1489  1584 D AAL     : 12-30 04:38:15.918 BL= 239,ESS= 256, 12-30 04:38:15.984 BL= 240,ESS= 256, 12-30 04:38:16.050 BL= 241,ESS= 256, 
12-30 16:38:16.131 11854 12036 I bt_shim_scanner: handle_remote_properties: handle_remote_properties Update device_type=0x3 addr_type=0x1
12-30 16:38:16.133  3925 31678 I NearbyDiscovery: (REDACTED) BloomFilterAdvManager: Detected bloom filter but too far away, ignoring. %sm, %s
12-30 16:38:16.142 31697 31725 D OpenGLRenderer: makeCurrent grContext:0xb400007d10835d80 reset mTextureAvailable
12-30 16:38:16.143 31697 31725 D dftoolkit.debug: MiuiProcessManagerServiceStub setSchedFifo
12-30 16:38:16.143 31697 31725 I MiuiProcessManagerImpl: setSchedFifo pid:31697, mode:3
12-30 16:38:16.144  1774  2818 D ProcessManager: beginSchedThreads is not Enabled
12-30 16:38:16.144 31697 31725 W libc    : Access denied finding property "ro.vendor.magt.mtk_magt_support"
12-30 16:38:16.144 31697 31725 D MAGT_SYNC_FRAME: MAGT Sync: MAGT is not supported. Disabling Sync.
12-30 16:38:16.145 31697 31725 D hw-ProcessState: Binder ioctl to enable oneway spam detection failed: Invalid argument
12-30 16:38:16.147 31697 31725 W libc    : Access denied finding property "ro.vendor.display.iris_x7.support"
12-30 16:38:16.171 31697 31725 E LB      : fail to open file: No such file or directory
12-30 16:38:16.171 31697 31725 E LB      : fail to open node: No such file or directory
12-30 16:38:16.171 31697 31725 W libc    : Access denied finding property "ro.vendor.display.iris_x7.support"
12-30 16:38:16.171 31697 31725 D BLASTBufferQueue: [VRI[MainActivity]#0](f:0,a:1) acquireNextBufferLocked size=1080x2408 mFrameNumber=1 applyTransaction=true mTimestamp=2184170217605568(auto) mPendingTransactions.size=0 graphicBufferId=136137578381315 transform=0
12-30 16:38:16.172 31697 31697 D VRI[MainActivity]: vri.reportDrawFinished
12-30 16:38:16.173  1229  1318 E surfaceflinger: == MALI DEBUG ===eglp_winsys_populate_image_templates ==12288
12-30 16:38:16.173  1774  2818 W WindowManager: finishDrawingWindow: Window{64d56fd u0 com.yourname.pdftoolkit.debug/com.yourname.pdftoolkit.ui.MainActivity} mDrawState=DRAW_PENDING
12-30 16:38:16.173  1774  2818 D WindowManager: wms.finishDrawingLocked: mDrawState=COMMIT_DRAW_PENDING Window{64d56fd u0 com.yourname.pdftoolkit.debug/com.yourname.pdftoolkit.ui.MainActivity} in Surface(name=com.yourname.pdftoolkit.debug/com.yourname.pdftoolkit.ui.MainActivity)/@0xb30db31
12-30 16:38:16.173 31697 31697 W Looper  : PerfMonitor doFrame : time=805ms vsyncFrame=0 latency=112ms procState=-1 historyMsgCount=4 (msgIndex=1 wall=125ms seq=3 h=android.app.ActivityThread$H w=110) (msgIndex=2 wall=100ms seq=4 late=124ms h=android.app.ActivityThread$H w=159)
12-30 16:38:16.175  1229  1971 E BufferQueueDebug: [Surface(name=64d56fd com.yourname.pdftoolkit.debug/com.yourname.pdftoolkit.ui.MainActivity)/@0xf7c7216 - animation-leash of starting_reveal#395065](this:0xb4000075d7b3fa30,id:-1,api:0,p:-1,c:-1) id info cannot be read from 'Surface(name=64d56fd com.yourname.pdftoolkit.debug/com.yourname.pdftoolkit.ui.MainActivity)/@0xf7c7216 - animation-leash of starting_reveal#395065'
12-30 16:38:16.175  1229  1971 I BufferQueueDebug: [Surface(name=64d56fd com.yourname.pdftoolkit.debug/com.yourname.pdftoolkit.ui.MainActivity)/@0xf7c7216 - animation-leash of starting_reveal#395065](this:0xb4000075d7b3fa30,id:-1,api:0,p:-1,c:-1) BufferQueue core=(1229:/system/bin/surfaceflinger)
12-30 16:38:16.176  1774  1845 W WindowManager: real show surface com.yourname.pdftoolkit.debug/com.yourname.pdftoolkit.ui.MainActivity sc:Surface(name=com.yourname.pdftoolkit.debug/com.yourname.pdftoolkit.ui.MainActivity)/@0xb30db31
12-30 16:38:16.178  2633  2862 D View    : [Warning] assignParent to null: this = android.widget.FrameLayout{f07fd23 V.E...... ......I. 0,0-1080,2408}
12-30 16:38:16.185  1774  1803 I ActivityTaskManager: Displayed com.yourname.pdftoolkit.debug/com.yourname.pdftoolkit.ui.MainActivity for user 0: +1s193ms
12-30 16:38:16.185  1161  1438 E TRS     : DpAsyncBlitStream:: thie platform unsupport compress format
12-30 16:38:16.188 31697 31706 I OpenGLRenderer: Davey! duration=915ms; Flags=1, FrameTimelineVsyncId=745072881, IntendedVsync=2184169302669290, Vsync=2184169401827948, InputEventId=0, HandleInputStart=2184169415752645, AnimationStart=2184169415767414, PerformTraversalsStart=2184169416084337, DrawStart=2184170127813029, FrameDeadline=2184169319369290, FrameInterval=2184169414771414, FrameStartTime=16526443, SyncQueued=2184170188263491, SyncStart=2184170188447799, IssueDrawCommandsStart=2184170190133029, SwapBuffers=2184170216181260, FrameCompleted=2184170218637876, DequeueBufferDuration=22385, QueueBufferDuration=521538, GpuCompleted=2184170218637876, SwapBuffersCompleted=2184170218357876, DisplayPresentTime=0, CommandSubmissionCompleted=2184170216181260, 
12-30 16:38:16.190  2633  2862 W WindowOnBackDispatcher: sendCancelIfRunning: isInProgress=falsecallback=android.view.ViewRootImpl$$ExternalSyntheticLambda22@cdebc84
12-30 16:38:16.190  2633  2862 D BLASTBufferQueue: [VRI[debug]#19007](f:0,a:1) destructor()
12-30 16:38:16.190  2633  2862 D BufferQueueConsumer: [VRI[debug]#19007(BLAST Consumer)19007](id:a4900004c87,api:0,p:-1,c:2633) disconnect
12-30 16:38:16.192  1774  2232 W InputManager-JNI: Input channel object 'c693ae2 Splash Screen com.yourname.pdftoolkit.debug (client)' was disposed without first being removed with the input manager!
12-30 16:38:16.192  1229  1316 E BufferQueueDebug: [Surface(name=c693ae2 Splash Screen com.yourname.pdftoolkit.debug)/@0x3df633 - animation-leash of window_animation#395066](this:0xb40000760a13fa30,id:-1,api:0,p:-1,c:-1) id info cannot be read from 'Surface(name=c693ae2 Splash Screen com.yourname.pdftoolkit.debug)/@0x3df633 - animation-leash of window_animation#395066'
12-30 16:38:16.192  1229  1316 I BufferQueueDebug: [Surface(name=c693ae2 Splash Screen com.yourname.pdftoolkit.debug)/@0x3df633 - animation-leash of window_animation#395066](this:0xb40000760a13fa30,id:-1,api:0,p:-1,c:-1) BufferQueue core=(1229:/system/bin/surfaceflinger)
12-30 16:38:16.198  1774  1844 I PowerHalWrapper: amsBoostNotify pid:15744,activity:com.miui.home.launcher.Launcher, package:com.mi.android.globallauncher, mProcessCreatePackcom.yourname.pdftoolkit.debug 
12-30 16:38:16.198  1774  1844 I PowerHalWrapper: state: 0 
12-30 16:38:16.198  1774  1844 I mtkpower_client: [Legacy][PowerHal_Wrap_notifyAppState] com.mi.android.globallauncher/com.miui.home.launcher.Launcher pid=15744 state:0
12-30 16:38:16.199  1774  1844 I PowerHalWrapper: amsBoostNotify AMS_BOOST_PROCESS_CREATE_BOOST:true 
12-30 16:38:16.200  1178  1262 I libPowerHal: [perfNotifyAppState] pack:com.mi.android.globallauncher, act:com.miui.home.launcher.Launcher, state:0, pid:15744, uid:10073, fps:-1
12-30 16:38:16.200  1161  1438 E TRS     : DpAsyncBlitStream:: thie platform unsupport compress format
12-30 16:38:16.201  1774  2818 D CoreBackPreview: Window{c693ae2 u0 Splash Screen com.yourname.pdftoolkit.debug EXITING}: Setting back callback null
12-30 16:38:16.203 15744 15744 D Launcher.Lifecycle: onStop:UserHandle{0},6b6a5b2,false
12-30 16:38:16.203 15744 15744 D SoscSplitStateController: updateDividerFixedState: isFixed = false
12-30 16:38:16.203 15744 15744 D Launcher_UnlockAnimationStateMachine: onStop = IDLE
12-30 16:38:16.203  2633  2726 D SoScSplitScreenController: updateDividerFixedState isFixed:false
12-30 16:38:16.205 28300 29000 D LauncherOverlay: setActivityState:0
12-30 16:38:16.205 28300 28300 D LauncherOverlay.Window: onStop
12-30 16:38:16.208 31697 31697 I Choreographer: Skipped 49 frames!  The application may be doing too much work on its main thread.
12-30 16:38:16.215  1229  1229 I BufferQueueProducer: [StatusBar#102](this:0xb40000761f4cca30,id:-1,api:0,p:-1,c:1229) queueBuffer: fps=8.01 dur=1123.91 max=776.85 min=16.32
12-30 16:38:16.216  1161  1438 E TRS     : DpAsyncBlitStream:: thie platform unsupport compress format
12-30 16:38:16.220  1774  1842 D Aurogon :  uid = 10073 switch to BG
12-30 16:38:16.220  6016 26664 D PMonitor:  onForegroundActivitiesChanged:pid = 15744,activity-uid=10073,foregroundActivities=false
12-30 16:38:16.223  1774  2125 I MiuiNetworkPolicy: updateUidState uid = 99644, uidState = 5
12-30 16:38:16.224 11854 12052 I BtGatt.ScanManager: msg.what = MSG_IMPORTANCE_CHANGE, msg.arg1 = IMPORTANCE_CHANGE
12-30 16:38:16.224 31697 31701 I dftoolkit.debug: Compiler allocated 6231KB to compile void android.view.ViewRootImpl.performTraversals()
12-30 16:38:16.225  1774  2125 I MiuiNetworkPolicy: updateUidState uid = 99154, uidState = 5
12-30 16:38:16.225  1774  2125 I MiuiNetworkPolicy: updateUidState uid = 10314, uidState = 5
12-30 16:38:16.225  1774  2125 I MiuiNetworkPolicy: updateUidState uid = 10178, uidState = 5
12-30 16:38:16.225  1774  2125 I MiuiNetworkPolicy: updateUidState uid = 10142, uidState = 5
12-30 16:38:16.225  1774  2125 I MiuiNetworkPolicy: updateUidState uid = 10111, uidState = 4
12-30 16:38:16.225  1774  2125 I MiuiNetworkPolicy: updateUidState uid = 10104, uidState = 5
12-30 16:38:16.227  1774  2125 I MiuiNetworkPolicy: updateUidState uid = 10073, uidState = 5
12-30 16:38:16.233  1161  1438 E TRS     : DpAsyncBlitStream:: thie platform unsupport compress format
12-30 16:38:16.248  1229  1229 I BufferQueueDebug: [com.mi.android.globallauncher/com.miui.home.launcher.Launcher#395038](this:0xb4000075ea35ea30,id:-1,api:0,p:-1,c:1229) onDestructor()
12-30 16:38:16.248  1229  1229 I BufferQueueDebug: [LauncherOverlayWindow:com.mi.globalminusscreen#395037](this:0xb40000760a2b2a30,id:-1,api:0,p:-1,c:1229) onDestructor()
12-30 16:38:16.250  1161  1438 E TRS     : DpAsyncBlitStream:: thie platform unsupport compress format
12-30 16:38:16.266  1161  1438 E TRS     : DpAsyncBlitStream:: thie platform unsupport compress format
12-30 16:38:16.282  1161  1438 E TRS     : DpAsyncBlitStream:: thie platform unsupport compress format
12-30 16:38:16.299  1161  1438 E TRS     : DpAsyncBlitStream:: thie platform unsupport compress format
12-30 16:38:16.315  1161  1438 E TRS     : DpAsyncBlitStream:: thie platform unsupport compress format
12-30 16:38:16.325  1774  1844 D TaskSnapshot_Helper: app is not pre-defined.
12-30 16:38:16.325  1774  1844 W TaskSnapshot_CInjector: couldPersist()... false.
12-30 16:38:16.332  1161  1438 E TRS     : DpAsyncBlitStream:: thie platform unsupport compress format
12-30 16:38:16.334  1462  1462 I thermal_repeater: [recvMdThermalInfo] ret=23, strLen=127,  4, 44, 20, 0, 32767, 0
12-30 16:38:16.348  1161  1438 E TRS     : DpAsyncBlitStream:: thie platform unsupport compress format
12-30 16:38:16.365  1161  1438 E TRS     : DpAsyncBlitStream:: thie platform unsupport compress format
12-30 16:38:16.365  1774  1845 D WindowManager: setParent old=ActivityRecord{f2e9718 u0 com.yourname.pdftoolkit.debug/com.yourname.pdftoolkit.ui.MainActivity t6517},new=null,this window=Window{c693ae2 u0 Splash Screen com.yourname.pdftoolkit.debug},callers=com.android.server.wm.WindowContainer.removeChild:821 com.android.server.wm.ActivityRecord.removeChild:5150 com.android.server.wm.ActivityRecord.removeChild:458 com.android.server.wm.WindowContainer.removeImmediately:879 com.android.server.wm.WindowState.removeImmediately:2492 com.android.server.wm.WindowState.destroySurface:3577 
12-30 16:38:16.382  1161  1438 E TRS     : DpAsyncBlitStream:: thie platform unsupport compress format
12-30 16:38:16.397  1229  1229 I BufferQueueDebug: [Splash Screen com.yourname.pdftoolkit.debug#395056](this:0xb4000075d7adaa30,id:-1,api:0,p:-1,c:1229) onDestructor()
12-30 16:38:16.397  1229  1229 I BufferQueueDebug: [Surface(name=c693ae2 Splash Screen com.yourname.pdftoolkit.debug)/@0x3df633 - animation-leash of window_animation#395066](this:0xb40000760a13fa30,id:-1,api:0,p:-1,c:1229) onDestructor()
12-30 16:38:16.397  1229  1229 I BufferQueueDebug: [c693ae2 Splash Screen com.yourname.pdftoolkit.debug#395055](this:0xb40000760a1a4a30,id:-1,api:0,p:-1,c:1229) onDestructor()
12-30 16:38:16.398  1161  1438 E TRS     : DpAsyncBlitStream:: thie platform unsupport compress format
12-30 16:38:16.491  1774  4333 V AS.AudioDeviceBroker: requestedCommunicationDevice: null mAudioModeOwner: AudioModeInfo: mMode=MODE_NORMAL, mPid=0, mUid=0
12-30 16:38:16.492  1774  4333 V AS.AudioDeviceBroker: requestedCommunicationDevice: null mAudioModeOwner: AudioModeInfo: mMode=MODE_NORMAL, mPid=0, mUid=0
12-30 16:38:16.569  2628  2628 W Settings: Setting airplane_mode_on has moved from android.provider.Settings.System to android.provider.Settings.Global, returning read-only value.
12-30 16:38:16.571  2633  2895 D MobileStatusTracker(6): onSignalStrengthsChanged signalStrength=SignalStrength:{mCdma=CellSignalStrengthCdma: cdmaDbm=2147483647 cdmaEcio=2147483647 evdoDbm=2147483647 evdoEcio=2147483647 evdoSnr=2147483647 miuiLevel=0 mOptimizedLevel=0 level=0,mGsm=CellSignalStrengthGsm: rssi=2147483647 ber=2147483647 mTa=2147483647 miuiLevel=0 mLevel=0,mWcdma=CellSignalStrengthWcdma: ss=2147483647 ber=2147483647 rscp=2147483647 ecno=2147483647 miuiLevel=0 mOptimizedLevel=0 level=0,mTdscdma=CellSignalStrengthTdscdma: rssi=2147483647 ber=2147483647 rscp=2147483647 miuiLevel=0 mOptimizedLevel=0 level=0,mLte=CellSignalStrengthLte: rssi=2147483647 rsrp=2147483647 rsrq=2147483647 rssnr=2147483647 cqiTableIndex=2147483647 cqi=2147483647 ta=2147483647 miuiLevel=0 mOptimizedLevel=0 level=0 parametersUseForLevel=0,mNr=CellSignalStrengthNr:{ csiRsrp = 2147483647 csiRsrq = 2147483647 csiCqiTableIndex = 2147483647 csiCqiReport = [] ssRsrp = -93 ssRsrq = -7 ssSinr = 25 miuiLevel = 5 mOptimizedLevel = 0 level = 1 parametersUseForLevel = 0 timingAdvance = 2147483647 },primary=CellSignalStrengthNr,mNrAsPrimaryInNrNsa=false}
12-30 16:38:16.572  2633  2895 D NetworkController.MobileSignalController(6): update5GConnectState: true
12-30 16:38:16.572  2633  2895 D NetworkController.MobileSignalController(6): ss use aosp level not 0, 5
12-30 16:38:16.572  2633  2895 D NetworkController.MobileSignalController(6): Show 5G icon, SA
12-30 16:38:16.602 31697 31725 W libc    : Access denied finding property "ro.vendor.display.iris_x7.support"
12-30 16:38:16.602 31697 31697 W Looper  : PerfMonitor doFrame : time=395ms vsyncFrame=0 latency=820ms procState=-1 historyMsgCount=5 (msgIndex=1 wall=805ms seq=7 late=112ms h=android.view.Choreographer$FrameHandler c=android.view.Choreographer$FrameDisplayEventReceiver)
12-30 16:38:16.608 31697 31697 I HandWritingStubImpl: refreshLastKeyboardType: 1
12-30 16:38:16.608 31697 31697 I HandWritingStubImpl: getCurrentKeyboardType: 1
12-30 16:38:16.609  1229  1318 E surfaceflinger: == MALI DEBUG ===eglp_winsys_populate_image_templates ==12288
12-30 16:38:16.609  1774  4333 D CompatibilityChangeReporter: Compat change id reported: 214016041; UID 11117; state: ENABLED
12-30 16:38:16.609  1774  4333 I ImeTracker: com.yourname.pdftoolkit.debug:1213bdd3: onRequestHide at ORIGIN_SERVER_HIDE_INPUT reason HIDE_UNSPECIFIED_WINDOW
12-30 16:38:16.610  1774  4333 I ImeTracker: com.yourname.pdftoolkit.debug:1213bdd3: onCancelled at PHASE_SERVER_SHOULD_HIDE
12-30 16:38:16.610  6724 10407 D MirrorManager:  sendAcceptInput 0 0
12-30 16:38:16.610  1229  1971 D MI-SF   : updateScene: module = 270 (Unknown), value = 0, pkg = com.yourname.pdftoolkit.debug
12-30 16:38:16.612  1161  1438 E TRS     : DpAsyncBlitStream:: thie platform unsupport compress format
12-30 16:38:16.615 11854 12052 I BtGatt.ScanManager: msg.what = MSG_IMPORTANCE_CHANGE, msg.arg1 = IMPORTANCE_CHANGE
12-30 16:38:16.616  1774  2125 I MiuiNetworkPolicy: updateUidState uid = 10178, uidState = 3
12-30 16:38:16.616 31697 31706 I OpenGLRenderer: Davey! duration=1221ms; Flags=0, FrameTimelineVsyncId=745072994, IntendedVsync=2184169434877737, Vsync=2184170244665800, InputEventId=0, HandleInputStart=2184170254761645, AnimationStart=2184170254763722, PerformTraversalsStart=2184170526241260, DrawStart=2184170526440645, FrameDeadline=2184170244850098, FrameInterval=2184170254522491, FrameStartTime=16526287, SyncQueued=2184170648519491, SyncStart=2184170648643799, IssueDrawCommandsStart=2184170648934799, SwapBuffers=2184170654032106, FrameCompleted=2184170656344953, DequeueBufferDuration=15692, QueueBufferDuration=195384, GpuCompleted=2184170656344953, SwapBuffersCompleted=2184170654928645, DisplayPresentTime=0, CommandSubmissionCompleted=2184170654032106, 
12-30 16:38:16.618  3925  4113 I FontLog : (REDACTED) Received query %s, URI %s
12-30 16:38:16.619  3925  4113 I FontLog : (REDACTED) Query [%s] resolved to %s
12-30 16:38:16.619 13757 13757 I GoogleInputMethodService: GoogleInputMethodService.onFinishInput():2092 
12-30 16:38:16.620 13757 13757 I Module  : DeviceLockedStatusModuleProvider$Module.updateDeviceLockedStatus():103 repeatCheckTimes = 0, locked = false
12-30 16:38:16.620  1229  1971 E BufferQueueDebug: [Surface(name=f32605b InputMethod)/@0xd41c36 - animation-leash of insets_animation#395067](this:0xb4000075ea2bfa30,id:-1,api:0,p:-1,c:-1) id info cannot be read from 'Surface(name=f32605b InputMethod)/@0xd41c36 - animation-leash of insets_animation#395067'
