12-30 16:38:14.175 30712 31007 E MvfstCallbacks.cpp: onConnectionSetupError: error=TransportError: Internal Error, Error on socket write Operation not permitted, 
12-30 16:38:14.176 30712 31007 W LibevQuicAsyncUDPSocket.h: setTosOrTrafficClass not implemented in LibevQuicAsyncUDPSocket
12-30 16:38:14.192 30712 31007 E MvfstCallbacks.cpp: onConnectionSetupError: error=TransportError: Internal Error, Error on socket write Operation not permitted, 
12-30 16:38:14.195 30712 31007 E msys    : E[N mns]_OnDiskCacheGetData(632)=>Start post callback cache refresh DNS resolution
12-30 16:38:14.196 30712 31007 W LibevQuicAsyncUDPSocket.h: setTosOrTrafficClass not implemented in LibevQuicAsyncUDPSocket
12-30 16:38:14.207 30712 31007 E MvfstCallbacks.cpp: onConnectionSetupError: error=TransportError: Internal Error, Error on socket write Operation not permitted, 
12-30 16:38:14.208 30712 31007 W LibevQuicAsyncUDPSocket.h: setTosOrTrafficClass not implemented in LibevQuicAsyncUDPSocket
12-30 16:38:14.217 30712 31007 E MvfstCallbacks.cpp: onConnectionSetupError: error=TransportError: Internal Error, Error on socket write Operation not permitted, 
12-30 16:38:14.218 30712 31007 E msys    : E[N mns]_LogError(228)=>Failed to resolve using system DNS resolver, getaddrinfo(): No address associated with hostname
12-30 16:38:14.483  1774  2818 V AS.AudioDeviceBroker: requestedCommunicationDevice: null mAudioModeOwner: AudioModeInfo: mMode=MODE_NORMAL, mPid=0, mUid=0
12-30 16:38:14.484  1774  2818 V AS.AudioDeviceBroker: requestedCommunicationDevice: null mAudioModeOwner: AudioModeInfo: mMode=MODE_NORMAL, mPid=0, mUid=0
12-30 16:38:14.725  1178  1240 I libPerfCtl: xgfGetFPS pid:2633 fps:-1
12-30 16:38:14.817 11854 12036 I bt_shim_scanner: handle_remote_properties: handle_remote_properties Update device_type=0x3 addr_type=0x1
12-30 16:38:14.817  2628  2628 W Settings: Setting airplane_mode_on has moved from android.provider.Settings.System to android.provider.Settings.Global, returning read-only value.
12-30 16:38:14.821  2633  2895 D MobileStatusTracker(6): onSignalStrengthsChanged signalStrength=SignalStrength:{mCdma=CellSignalStrengthCdma: cdmaDbm=2147483647 cdmaEcio=2147483647 evdoDbm=2147483647 evdoEcio=2147483647 evdoSnr=2147483647 miuiLevel=0 mOptimizedLevel=0 level=0,mGsm=CellSignalStrengthGsm: rssi=2147483647 ber=2147483647 mTa=2147483647 miuiLevel=0 mLevel=0,mWcdma=CellSignalStrengthWcdma: ss=2147483647 ber=2147483647 rscp=2147483647 ecno=2147483647 miuiLevel=0 mOptimizedLevel=0 level=0,mTdscdma=CellSignalStrengthTdscdma: rssi=2147483647 ber=2147483647 rscp=2147483647 miuiLevel=0 mOptimizedLevel=0 level=0,mLte=CellSignalStrengthLte: rssi=2147483647 rsrp=2147483647 rsrq=2147483647 rssnr=2147483647 cqiTableIndex=2147483647 cqi=2147483647 ta=2147483647 miuiLevel=0 mOptimizedLevel=0 level=0 parametersUseForLevel=0,mNr=CellSignalStrengthNr:{ csiRsrp = 2147483647 csiRsrq = 2147483647 csiCqiTableIndex = 2147483647 csiCqiReport = [] ssRsrp = -93 ssRsrq = -9 ssSinr = 25 miuiLevel = 5 mOptimizedLevel = 0 level = 1 parametersUseForLevel = 0 timingAdvance = 2147483647 },primary=CellSignalStrengthNr,mNrAsPrimaryInNrNsa=false}
12-30 16:38:14.822  2633  2895 D NetworkController.MobileSignalController(6): update5GConnectState: true
12-30 16:38:14.822  3925 31678 I NearbyDiscovery: (REDACTED) BloomFilterAdvManager: Detected bloom filter but too far away, ignoring. %sm, %s
12-30 16:38:14.823  2633  2895 D NetworkController.MobileSignalController(6): ss use aosp level not 0, 5
12-30 16:38:14.823  2633  2895 D NetworkController.MobileSignalController(6): Show 5G icon, SA
12-30 16:38:14.906  1774  2061 D MIUIInput: [MotionEvent] publisher action=0x0, deviceId=4, 2184168949, channel '20a690b com.mi.android.globallauncher/com.miui.home.launcher.Launcher (server)'
12-30 16:38:14.906  1774  2063 W ServiceManagerCppClient: Failed to get isDeclared for vendor.mediatek.hardware.mtkpower.IMtkPowerService/default: Status(-1, EX_SECURITY): 'SELinux denied.'
12-30 16:38:14.906  1774  2061 D MIUIInput: [MotionEvent] publisher action=0x4, deviceId=4, 2184168949, channel 'cd42935 LauncherOverlayWindow:com.mi.globalminusscreen (server)'
12-30 16:38:14.907  1774  2063 I mtkpower_client: IMtkPowerService_isDeclared 0
12-30 16:38:14.907  1774  2061 D MIUIInput: [MotionEvent] publisher action=0x0, deviceId=4, 2184168949, channel 'a4e90d2 com.miui.miwallpaper.wallpaperservice.MiuiKeyguardPictorialWallpaper (server)'
12-30 16:38:14.907  1774  2061 D MIUIInput: [MotionEvent] publisher action=0x0, deviceId=4, 2184168949, channel '[Gesture Monitor] onehanded-touch (server)'
12-30 16:38:14.907  1774  2061 D MIUIInput: [MotionEvent] publisher action=0x0, deviceId=4, 2184168949, channel '[Gesture Monitor] miui-gesture (server)'
12-30 16:38:14.908 15744 15744 D EventBus: No subscribers registered for event class com.miui.home.launcher.common.messages.EndSpringAnimatorMessage
12-30 16:38:14.908 15744 15744 D EventBus: No subscribers registered for event class org.greenrobot.eventbus.NoSubscriberEvent
12-30 16:38:14.909 15744 15744 D FeedSwipeController: touchState : 0 scrolling : false normalEditing : false WidgetThumbnailViewShowing : false UninstallDialogShowing : false isMinusScreenShowing: false
12-30 16:38:14.909 15744 15744 D FeedSwipeController: can not use
12-30 16:38:14.909 15744 15744 D Launcher.StatusBarController: try intercept touch, isProxySurvive=true
12-30 16:38:14.909  1178  1262 I libPowerHal: [perfLockAcq] idx:0 hdl:1817544 hint:25 pid:1178 duration:1000 lock_user:mtkpower@1.0-se => ret_hdl:1817544
12-30 16:38:14.910  1178  1262 I libPowerHal: MTKPOWER_HINT_APP_TOUCH: cpu_ctrl set cpu freq: 2000000 -1 2203000 -1
12-30 16:38:14.910  1178  1262 I libPowerHal: [PE] MTKPOWER_HINT_APP_TOUCH update cmd:1000000, param:0
12-30 16:38:14.910  1178  1262 I libPowerHal: [PE] MTKPOWER_HINT_APP_TOUCH update cmd:410000, param:1
12-30 16:38:14.910 15744 15744 D Launcher.Workspace: Workspace touch down
12-30 16:38:14.910  1161  1459 I hwcomposer: [DRMDEV] (0) failed to waitNextVsync: -1  
12-30 16:38:14.910 15744 15744 D ScreenView_Workspace: onIntercept:0.0
12-30 16:38:14.910 15744 15744 D ScreenView_Workspace: not intercept
12-30 16:38:14.911  1178  1262 I libPowerHal: [PE] MTKPOWER_HINT_APP_TOUCH update cmd:1408300, param:100
12-30 16:38:14.911 15744 15744 D Launcher.CellLayout: touch item:ShortcutInfo, id=1256, itemType=0, user=UserHandle{0}, mIconType=0, pkgName=com.yourname.pdftoolkit.debug, className=com.yourname.pdftoolkit.ui.MainActivity, screenId=2, container=-100, cellX=0, cellY=5, spanX=1, spanY=1
12-30 16:38:14.911  1178  1262 I libPowerHal: [PE] MTKPOWER_HINT_APP_TOUCH update cmd:3408600 param:1
12-30 16:38:14.911  1178  1262 I libPowerHal: [PE] MTKPOWER_HINT_APP_TOUCH update cmd:1000000 param:0
12-30 16:38:14.911 15744 15744 D Launcher.itemIcon: folmeDown
12-30 16:38:14.911 15744 15845 D Launcher.Boost: bindcore 200
12-30 16:38:14.911  1178  1262 I libPowerHal: [perfLockRel] hdl:1817542, idx:-1
12-30 16:38:14.924  1161  1459 I hwcomposer: [DRMDEV] (0) failed to waitNextVsync: -1  
12-30 16:38:14.940  1229  1229 I BufferQueueProducer: [com.mi.android.globallauncher/com.miui.home.launcher.Launcher#395038](this:0xb4000075ea35ea30,id:-1,api:0,p:-1,c:1229) queueBuffer: fps=1.22 dur=11474.04 max=11259.27 min=16.41
12-30 16:38:14.941  1161  1459 I hwcomposer: [DRMDEV] (0) failed to waitNextVsync: -1  
12-30 16:38:14.941  1161  1438 E TRS     : DpAsyncBlitStream:: thie platform unsupport compress format
12-30 16:38:14.945  1229  1229 I BufferQueueProducer: [FramebufferSurface](this:0xb4000076d69188d0,id:-1,api:1,p:1229,c:1229) queueBuffer: fps=0.97 dur=1031.87 max=1031.87 min=1031.87
12-30 16:38:14.945  1161  1438 I hwcomposer: [HWCDisplay] [Display_0 (type:1)] fps:0.969674,dur:1031.27,max:1031.27,min:1031.27  
12-30 16:38:14.976  1161  1438 E TRS     : DpAsyncBlitStream:: thie platform unsupport compress format
12-30 16:38:14.978  1774  2061 D MIUIInput: [MotionEvent] publisher action=0x1, deviceId=4, 2184169024, channel '20a690b com.mi.android.globallauncher/com.miui.home.launcher.Launcher (server)'
12-30 16:38:14.978  1774  2061 D MIUIInput: [MotionEvent] publisher action=0x1, deviceId=4, 2184169024, channel 'a4e90d2 com.miui.miwallpaper.wallpaperservice.MiuiKeyguardPictorialWallpaper (server)'
12-30 16:38:14.978  1774  2061 D MIUIInput: [MotionEvent] publisher action=0x1, deviceId=4, 2184169024, channel '[Gesture Monitor] onehanded-touch (server)'
12-30 16:38:14.978  1774  2061 D MIUIInput: [MotionEvent] publisher action=0x1, deviceId=4, 2184169024, channel '[Gesture Monitor] miui-gesture (server)'
12-30 16:38:14.978  1774  2063 W ServiceManagerCppClient: Failed to get isDeclared for vendor.mediatek.hardware.mtkpower.IMtkPowerService/default: Status(-1, EX_SECURITY): 'SELinux denied.'
12-30 16:38:14.978  1774  2063 I mtkpower_client: IMtkPowerService_isDeclared 0
12-30 16:38:14.979 15744 15744 D Launcher.Workspace: Workspace touch up or cancel
12-30 16:38:14.979 15744 15744 D ScreenView_Workspace: oninterceput up
12-30 16:38:14.979  1178  1204 I mtkpower@impl: [mtkPowerHint] hint:25, hold:80, ext:0, ext_hold:0
12-30 16:38:14.979  1178  1262 I libPowerHal: [perfLockAcq] idx:1 hdl:1817545 hint:25 pid:1178 duration:80 lock_user:mtkpower@1.0-se => ret_hdl:1817545
12-30 16:38:14.980  1178  1262 I libPowerHal: [perfLockRel] hdl:1817544, idx:0
12-30 16:38:14.980 15744 15744 D Launcher.itemIcon: folmeUp
12-30 16:38:14.981 15744 15744 E QuickstepAppTransitionManagerImpl: getActivityLaunchOptions iconLoc=Rect(56, 1768 - 217, 1929)
12-30 16:38:14.981 15744 15744 D TaskViewUtils: getSoscLaunchPosition: soscState = -1, launchPosition = 1
12-30 16:38:14.981 15744 15744 D LauncherSoscController: Shell transition animation start, waiting to run: null
12-30 16:38:14.983  1774  2232 D CompatibilityChangeReporter: Compat change id reported: 161252188; UID 11117; state: DISABLED
12-30 16:38:14.986  1774  2232 D WindowManager: Collecting in transition 29280: ActivityRecord{f2e9718 u0 com.yourname.pdftoolkit.debug/com.yourname.pdftoolkit.ui.MainActivity init visibleRequested:false
12-30 16:38:14.986  1774  2232 D MiuiFreeFormManagerService: activeOrFullscreenFreeformTaskIfNeed startDefaultAr:true
12-30 16:38:14.987  1774  2232 I PowerHalWrapper: PowerHalWrapper.getInstance 
12-30 16:38:14.987  1774  2232 D PerfMTKStubImpl: initBoostParamByDevice
12-30 16:38:14.988  1229  1316 E BufferQueueDebug: [Task=6517#395053](this:0xb40000760a23ba30,id:-1,api:0,p:-1,c:-1) id info cannot be read from 'Task=6517#395053'
12-30 16:38:14.988  1229  1316 I BufferQueueDebug: [Task=6517#395053](this:0xb40000760a23ba30,id:-1,api:0,p:-1,c:-1) BufferQueue core=(1229:/system/bin/surfaceflinger)
12-30 16:38:14.989  1774  2232 D WindowManager: setLockTaskAuth: task=Task{d6fd571 #6517 type=standard A=11117:com.yourname.pdftoolkit.debug} mLockTaskAuth=LOCK_TASK_AUTH_PINNABLE
12-30 16:38:14.989  1774  2232 D WindowManager: Collecting in transition 29280: Task{d6fd571 #6517 type=standard A=11117:com.yourname.pdftoolkit.debug} init visibleRequested:false
12-30 16:38:14.990  1774  2232 W AppContinuityRouterStub: mNotificationPolicyService or activityRecord is null.
12-30 16:38:14.991  1229  1316 E BufferQueueDebug: [ActivityRecord{f2e9718 u0 com.yourname.pdftoolkit.debug/com.yourname.pdftoolkit.ui.MainActivity t6517}#395054](this:0xb40000760a24da30,id:-1,api:0,p:-1,c:-1) id info cannot be read from 'ActivityRecord{f2e9718 u0 com.yourname.pdftoolkit.debug/com.yourname.pdftoolkit.ui.MainActivity t6517}#395054'
12-30 16:38:14.991  1229  1316 I BufferQueueDebug: [ActivityRecord{f2e9718 u0 com.yourname.pdftoolkit.debug/com.yourname.pdftoolkit.ui.MainActivity t6517}#395054](this:0xb40000760a24da30,id:-1,api:0,p:-1,c:-1) BufferQueue core=(1229:/system/bin/surfaceflinger)
12-30 16:38:14.992  1774  2232 D WindowManager: setLockTaskAuth: task=Task{d6fd571 #6517 type=standard A=11117:com.yourname.pdftoolkit.debug} mLockTaskAuth=LOCK_TASK_AUTH_PINNABLE
12-30 16:38:14.992  1774  2232 D MiuiFreeFormManagerService: onStartActivityInner as = Task{d6fd571 #6517 type=standard A=11117:com.yourname.pdftoolkit.debug} op = ActivityOptions(10656727), mPackageName=null, mAnimationType=13, mStartX=0, mStartY=0, mWidth=0, mHeight=0, mLaunchDisplayId=-1, activityOptionsInjector=ActivityOptionsInjector={freeformScale: -1.0, miniFreeformMode: false, needAnimation: true, useCustomLaunchBounds:false}
12-30 16:38:14.992  2633  2726 D OneHandedController: stopOneHanded state is 0
12-30 16:38:14.993  1774  2232 D ActivityTaskManager: Task#startActivityLocked isOrhasTask=true newTask=true
12-30 16:38:14.993  1178  1205 I mtkpower@impl: [setMode] type:5, enabled:1
12-30 16:38:14.994  1161  1438 E TRS     : DpAsyncBlitStream:: thie platform unsupport compress format
12-30 16:38:14.994  1178  1262 I libPowerHal: [perfLockAcq] idx:0 hdl:1817546 hint:11 pid:1178 duration:30000 lock_user:mtkpower@1.0-se => ret_hdl:1817546
12-30 16:38:14.994  1178  1262 I libPowerHal: [PE] LAUNCH update cmd:300c000, param:15
12-30 16:38:14.996  1774  2232 I PowerHalWrapper: amsBoostNotify pid:15744,activity:com.miui.home.launcher.Launcher, package:com.mi.android.globallauncher, mProcessCreatePackcom.yourname.pdftoolkit.debug 
12-30 16:38:14.996  1774  2232 I PowerHalWrapper: state: 0 
12-30 16:38:14.996  1774  2232 I mtkpower_client: [Legacy][PowerHal_Wrap_notifyAppState] com.mi.android.globallauncher/com.miui.home.launcher.Launcher pid=15744 state:0
12-30 16:38:14.997  1178  1262 I libPowerHal: [perfNotifyAppState] pack:com.mi.android.globallauncher, act:com.miui.home.launcher.Launcher, state:0, pid:15744, uid:10073, fps:-1
12-30 16:38:14.997  1774  2232 I PowerHalWrapper: amsBoostNotify AMS_BOOST_PROCESS_CREATE_BOOST:false 
12-30 16:38:14.998  2633  2863 D TaskSnapshot_Helper: app is not pre-defined.
12-30 16:38:14.999  1774  2232 I PowerHalWrapper: <amsBoostResume> last:com.mi.android.globallauncher, next:com.yourname.pdftoolkit.debug 
12-30 16:38:15.000  1229  1316 D SurfaceFlinger: [SF client] NEW(0xb4000075bfb85700) for (2633:com.android.systemui)
12-30 16:38:15.000  1774  2232 W ServiceManagerCppClient: Failed to get isDeclared for vendor.mediatek.hardware.mtkpower.IMtkPowerService/default: Status(-1, EX_SECURITY): 'SELinux denied.'
12-30 16:38:15.000  1774  2232 I mtkpower_client: IMtkPowerService_isDeclared 0
12-30 16:38:15.001  1178  1262 I libPowerHal: [perfLockRel] hdl:1817527, idx:-1
12-30 16:38:15.001  1774  2232 W ServiceManagerCppClient: Failed to get isDeclared for vendor.mediatek.hardware.mtkpower.IMtkPowerService/default: Status(-1, EX_SECURITY): 'SELinux denied.'
12-30 16:38:15.001  1774  2232 I mtkpower_client: IMtkPowerService_isDeclared 0
12-30 16:38:15.002  1178  1262 I libPowerHal: [perfLockAcq] idx:2 hdl:1817547 hint:22 pid:1178 duration:10000 lock_user:mtkpower@1.0-se => ret_hdl:1817547
12-30 16:38:15.002  2633  2907 W libc    : Access denied finding property "ro.vendor.display.iris_x7.support"
12-30 16:38:15.002  1774  2232 D WindowManager: Collecting in transition 29280: ActivityRecord{f2e9718 u0 com.yourname.pdftoolkit.debug/com.yourname.pdftoolkit.ui.MainActivity t6517} init visibleRequested:false
12-30 16:38:15.002  1774  2232 D WindowManager: Requesting StartTransition: TransitionRecord{20cc4 id=29280 type=OPEN flags=0x0}
12-30 16:38:15.002  2633  2862 D VRI[debug]: hardware acceleration = true, forceHwAccelerated = false
12-30 16:38:15.003  1774  2232 I ActivityTaskManager: START u0 {act=android.intent.action.MAIN cat=[android.intent.category.LAUNCHER] flg=0x10200000 cmp=com.yourname.pdftoolkit.debug/com.yourname.pdftoolkit.ui.MainActivity bnds=[56,1768][217,1929] (has extras)} with LAUNCH_SINGLE_TASK from uid 10073 (BAL_ALLOW_ALLOWLISTED_COMPONENT) result code=0
12-30 16:38:15.004  2633  2726 I SoScUtils: monitorTransitionRequest mRequestOpenTransition:null mRequestOpenTriggerTask:-1 mRequestCloseTransition:null mRequestCloseTriggerTask:-1 mRequestCloseStageType:-1
12-30 16:38:15.004  1229  1316 E BufferQueueDebug: [c693ae2 Splash Screen com.yourname.pdftoolkit.debug#395055](this:0xb40000760a1a4a30,id:-1,api:0,p:-1,c:-1) id info cannot be read from 'c693ae2 Splash Screen com.yourname.pdftoolkit.debug#395055'
12-30 16:38:15.004  1229  1316 I BufferQueueDebug: [c693ae2 Splash Screen com.yourname.pdftoolkit.debug#395055](this:0xb40000760a1a4a30,id:-1,api:0,p:-1,c:-1) BufferQueue core=(1229:/system/bin/surfaceflinger)
12-30 16:38:15.004  2633  2726 D WindowManagerShell: wct=WindowContainerTransaction { changes = {} hops = [] errorCallbackToken=null taskFragmentOrganizer=null }, hander=com.android.wm.shell.transition.SoScMixedHandler@183fa6f, transitionToken=android.os.BinderProxy@960424a, request=TransitionRequestInfo { type = OPEN, triggerTask = TaskInfo{userId=0 taskId=6517 displayId=0 isRunning=true baseIntent=Intent { act=android.intent.action.MAIN cat=[android.intent.category.LAUNCHER] flg=0x10200000 cmp=com.yourname.pdftoolkit.debug/com.yourname.pdftoolkit.ui.MainActivity } baseActivity=ComponentInfo{com.yourname.pdftoolkit.debug/com.yourname.pdftoolkit.ui.MainActivity} topActivity=ComponentInfo{com.yourname.pdftoolkit.debug/com.yourname.pdftoolkit.ui.MainActivity} origActivity=null realActivity=ComponentInfo{com.yourname.pdftoolkit.debug/com.yourname.pdftoolkit.ui.MainActivity} numActivities=1 lastActiveTime=3569413346 supportsSplitScreenMultiWindow=true supportsMultiWindow=true resizeMode=1 isResizeable=true minWidth=-1 minHeight=-1 defaultMinSize=200 token=WCT{android.window.IWindowContainerToken$Stub$Proxy@16af5bb} topActivityType=1 pictureInPictureParams=null shouldDockBigOverlays=false launchIntoPipHostTaskId=-1 lastParentTaskIdBeforePip=-1 displayCutoutSafeInsets=Rect(0, 76 - 0, 0) topActivityInfo=ActivityInfo{b0bcad8 com.yourname.pdftoolkit.ui.MainActivity} launchCookies=[] positionInParent=Point(0, 0) parentTaskId=-1 isFocused=false isVisible=false isVisibleRequested=false isSleeping=false topActivityInSizeCompat=false topActivityEligibleForLetterboxEducation= false topActivityLetterboxed= false isFromDoubleTap= false topActivityLetterboxVerticalPosition= -1 topActivityLetterboxHorizontalPosition= -1 topActivityLetterboxWidth=-1 topActivityLetterboxHeight=-1 locusId=null displayAreaFeatureId=1 cameraCompatControlState=hidden mIsCastMode=false mTopActivityMediaSize=null mTopActivityRecordName=ActivityRecord{f2e9718 u0 com.yourname.pdftoolkit.debug/com.yourname.pdftoolkit.ui.MainActivity t6517} mTopActivityOrientation=-2 mTopActivityWindowIsNowVisible=false isTranslucent=true isEmbedded=false shouldBeVisible=true mBehindAppLockPkg=null mOriginatingUid=0}, remoteTransition = RemoteTransition { remoteTransition = android.window.IRemoteTransition$Stub$Proxy@6e35e31, appThread = null, debugName = null }, displayChange = null }
12-30 16:38:15.006  1774  2232 D WindowManager: Set transition=TransitionRecord{20cc4 id=29280 type=OPEN flags=0x0}, ready=false, SyncId=29280 used=true, override=false, defer=0, states=Display{#0 state=ON size=1080x2408 ROTATION_0}:false
12-30 16:38:15.007 15744 15744 D Launcher.Lifecycle: onPause:UserHandle{0},6b6a5b2,true
12-30 16:38:15.007 15744 15744 D Launcher_UnlockAnimationStateMachine: onPause = IDLE
12-30 16:38:15.007 15744 15744 D Launcher_UnlockAnimationStateMachine: setState:PAUSE_WAIT
12-30 16:38:15.007 15744 15744 I Launcher.widget: onInvisible Your screen time
12-30 16:38:15.007 28300 29431 D LauncherOverlay: setActivityState:1
12-30 16:38:15.007 28300 28300 D LauncherOverlay.Window: onPause
12-30 16:38:15.010 15744 25680 D TaskStackChangeListeners: onTaskDescriptionChanged =  taskId = 6517
12-30 16:38:15.010  1229  1229 I BpBinder: onLastStrongRef automatically unlinking death recipients: 
12-30 16:38:15.011  1774  5607 D WindowManager: Collecting in transition 29280: ActivityRecord{f2e9718 u0 com.yourname.pdftoolkit.debug/com.yourname.pdftoolkit.ui.MainActivity t6517} init visibleRequested:false
12-30 16:38:15.011  1161  1438 E TRS     : DpAsyncBlitStream:: thie platform unsupport compress format
12-30 16:38:15.012  2633  2633 I FocusedNotifPromptContr: onTopActivityMayChanged: topActivity=com.yourname.pdftoolkit.debug
12-30 16:38:15.012  1774  5607 D WindowManager: Collecting in transition 29280: ActivityRecord{40bc7ed u0 com.mi.android.globallauncher/com.miui.home.launcher.Launcher t5204} init visibleRequested:true
12-30 16:38:15.012  1774  5607 D WindowManager: Collecting in transition 29280: WallpaperWindowToken{2a027f token=android.os.Binder@d1c379e} init visibleRequested:true
12-30 16:38:15.012  1774  5607 D WindowManager: Collecting in transition 29280: WallpaperWindowToken{1669035 token=android.os.BinderProxy@c9c326c} init visibleRequested:true
12-30 16:38:15.012  2633  2633 I FocusedNotifPromptContr: topActivityMayChanged: topActivity=com.yourname.pdftoolkit.debug
12-30 16:38:15.012  2633  2633 D KeyguardEditorHelper: onTopActivityMayChanged, topActivity=ComponentInfo{com.yourname.pdftoolkit.debug/com.yourname.pdftoolkit.ui.MainActivity}; mState=IDEL
12-30 16:38:15.013  2633  2726 D OneHandedController: stopOneHanded state is 0
12-30 16:38:15.018  1229  1971 E BufferQueueDebug: [Splash Screen com.yourname.pdftoolkit.debug#395056](this:0xb4000075d7adaa30,id:-1,api:0,p:-1,c:-1) id info cannot be read from 'Splash Screen com.yourname.pdftoolkit.debug#395056'
12-30 16:38:15.018  1229  1971 I BufferQueueDebug: [Splash Screen com.yourname.pdftoolkit.debug#395056](this:0xb4000075d7adaa30,id:-1,api:0,p:-1,c:-1) BufferQueue core=(1229:/system/bin/surfaceflinger)
12-30 16:38:15.023  1774  4115 W WindowManager: Changing focus from Window{20a690b u0 com.mi.android.globallauncher/com.miui.home.launcher.Launcher} to null displayId=0 Callers=com.android.server.wm.RootWindowContainer.updateFocusedWindowLocked:539 com.android.server.wm.WindowManagerService.updateFocusedWindowLocked:6779 com.android.server.wm.WindowManagerService.relayoutWindow:2894 com.android.server.wm.Session.relayout:263 
12-30 16:38:15.023  1774  4115 D WindowManager: wms.Input focus has changed to null display=0 updateInputWindows = true
12-30 16:38:15.023  1774  2232 D CoreBackPreview: Window{c693ae2 u0 Splash Screen com.yourname.pdftoolkit.debug}: Setting back callback OnBackInvokedCallbackInfo{mCallback=android.window.IOnBackInvokedCallback$Stub$Proxy@f753130, mPriority=0, mIsAnimationCallback=false}
12-30 16:38:15.024  2633  2726 D OneHandedController: stopOneHanded state is 0
12-30 16:38:15.024  1774  1844 I PowerHalWrapper: amsBoostProcessCreate package:com.yourname.pdftoolkit.debug 
12-30 16:38:15.024  2633  2862 D BufferQueueConsumer: [](id:a4900004c87,api:0,p:-1,c:2633) connect: controlledByApp=false
12-30 16:38:15.025  1774  1844 W ServiceManagerCppClient: Failed to get isDeclared for vendor.mediatek.hardware.mtkpower.IMtkPowerService/default: Status(-1, EX_SECURITY): 'SELinux denied.'
12-30 16:38:15.025  1774  1844 I mtkpower_client: IMtkPowerService_isDeclared 0
12-30 16:38:15.025  2633  2907 E OpenGLRenderer: Unable to match the desired swap behavior.
12-30 16:38:15.025  1774  1844 W ServiceManagerCppClient: Failed to get isDeclared for vendor.mediatek.hardware.mtkpower.IMtkPowerService/default: Status(-1, EX_SECURITY): 'SELinux denied.'
12-30 16:38:15.025  1774  1844 I mtkpower_client: IMtkPowerService_isDeclared 0
12-30 16:38:15.026  2633  2862 D VRI[debug]: vri.reportNextDraw android.view.ViewRootImpl.performTraversals:4376 android.view.ViewRootImpl.doTraversal:2992 android.view.ViewRootImpl$TraversalRunnable.run:10469 android.view.Choreographer$CallbackRecord.run:1671 android.view.Choreographer$CallbackRecord.run:1680 
12-30 16:38:15.026  2633  2862 D VRI[debug]: vri.Setup new sync=wmsSync-VRI[debug]#83
12-30 16:38:15.026  1178  1262 I libPowerHal: [perfLockAcq] idx:3 hdl:1817548 hint:21 pid:1178 duration:10000 lock_user:mtkpower@1.0-se => ret_hdl:1817548
12-30 16:38:15.026  1178  1262 I libPowerHal: [PE] MTKPOWER_HINT_PROCESS_CREATE update cmd:2020000, param:15
12-30 16:38:15.026  1774  1844 D CompatibilityChangeReporter: Compat change id reported: 135634846; UID 11117; state: DISABLED
12-30 16:38:15.027  1774  1844 D CompatibilityChangeReporter: Compat change id reported: 177438394; UID 11117; state: DISABLED
12-30 16:38:15.027  1774  1844 D CompatibilityChangeReporter: Compat change id reported: 135772972; UID 11117; state: DISABLED
12-30 16:38:15.027  1178  1262 I libPowerHal: [perfLockRel] hdl:1817479, idx:-1
12-30 16:38:15.027  1774  1844 D CompatibilityChangeReporter: Compat change id reported: 135754954; UID 11117; state: ENABLED
12-30 16:38:15.027  1161  1438 E TRS     : DpAsyncBlitStream:: thie platform unsupport compress format
12-30 16:38:15.027  1774  1855 D CompatibilityChangeReporter: Compat change id reported: 143937733; UID 11117; state: ENABLED
12-30 16:38:15.028  2633  2907 D OpenGLRenderer: makeCurrent grContext:0xb400007c5d24da60 reset mTextureAvailable
12-30 16:38:15.029 15744 20388 D RecentsModel: onTaskStackChangedBackground
12-30 16:38:15.029 15744 20388 D EventBus: No subscribers registered for event class com.miui.home.recents.messages.RecentTasksChangedEvent
12-30 16:38:15.029 15744 20388 D EventBus: No subscribers registered for event class org.greenrobot.eventbus.NoSubscriberEvent
12-30 16:38:15.029 15744 15883 D RecentsModel: onTaskStackChangedBackground    MSG_TASK_STACK_CHANGE
12-30 16:38:15.029 15744 15883 D RecentsModel: preloadRecents
12-30 16:38:15.029 15744 15883 W RecentsModel: getRunningTask
12-30 16:38:15.032  1774  2125 I MiuiNetworkPolicy: updateUidState uid = 10178, uidState = 3
12-30 16:38:15.032 11854 12052 I BtGatt.ScanManager: msg.what = MSG_IMPORTANCE_CHANGE, msg.arg1 = IMPORTANCE_CHANGE
12-30 16:38:15.036  1145  1145 D Zygote  : Forked child process 31697
12-30 16:38:15.036  2633  2907 D BLASTBufferQueue: [VRI[debug]#19007](f:0,a:1) acquireNextBufferLocked size=1080x2408 mFrameNumber=1 applyTransaction=true mTimestamp=2184169081775414(auto) mPendingTransactions.size=0 graphicBufferId=11308649056280 transform=0
12-30 16:38:15.036  2633  2862 D VRI[debug]: vri.reportDrawFinished
12-30 16:38:15.037  1774  4333 W WindowManager: finishDrawingWindow: Window{c693ae2 u0 Splash Screen com.yourname.pdftoolkit.debug} mDrawState=DRAW_PENDING
12-30 16:38:15.037  1229  1318 E surfaceflinger: == MALI DEBUG ===eglp_winsys_populate_image_templates ==12288
12-30 16:38:15.037 15744 15883 W RecentsModel: getRunningTask   taskInfo=TaskInfo{userId=0 taskId=5204 displayId=0 isRunning=true baseIntent=Intent { act=android.intent.action.MAIN cat=[android.intent.category.HOME] flg=0x10000100 cmp=com.mi.android.globallauncher/com.miui.home.launcher.Launcher } baseActivity=ComponentInfo{com.mi.android.globallauncher/com.miui.home.launcher.Launcher} topActivity=ComponentInfo{com.mi.android.globallauncher/com.miui.home.launcher.Launcher} origActivity=null realActivity=ComponentInfo{com.mi.android.globallauncher/com.miui.home.launcher.Launcher} numActivities=1 lastActiveTime=3569413375 supportsSplitScreenMultiWindow=true supportsMultiWindow=true resizeMode=2 isResizeable=true minWidth=-1 minHeight=-1 defaultMinSize=200 token=WCT{android.window.IWindowContainerToken$Stub$Proxy@d8d5acc} topActivityType=2 pictureInPictureParams=null shouldDockBigOverlays=false launchIntoPipHostTaskId=-1 lastParentTaskIdBeforePip=-1 displayCutoutSafeInsets=Rect(0, 76 - 0, 0) topActivityInfo=ActivityInfo{ca20115 com.miui.home.launcher.Launcher} launchCookies=[] positionInParent=Point(0, 0) parentTaskId=-1 isFocused=true isVisible=true isVisibleRequested=false isSleeping=false topActivityInSizeCompat=false topActivityEligibleForLetterboxEducation= false topActivityLetterboxed= false isFromDoubleTap= false topActivityLetterboxVerticalPosition= -1 topActivityLetterboxHorizontalPosition= -1 topActivityLetterboxWidth=-1 topActivityLetterboxHeight=-1 locusId=null displayAreaFeatureId=1 cameraCompatControlState=hidden mIsCastMode=false mTopActivityMediaSize=null mTopActivityRecordName=ActivityRecord{40bc7ed u0 com.mi.android.globallauncher/com.miui.home.launcher.Launcher t5204} mTopActivityOrientation=-2 mTopActivityWindowIsNowVisible=false isTranslucent=true isEmbedded=false shouldBeVisible=false mBehindAppLockPkg=null mOriginatingUid=0}
12-30 16:38:15.037 15744 15883 W RecentsModel: getTaskInfoIgnoreHomeAndFreeform   taskInfo=ComponentInfo{com.mi.android.globallauncher/com.miui.home.launcher.Launcher}
12-30 16:38:15.038 15744 15883 E ActivityManagerWrapper: get all recent tasks force including 5204
12-30 16:38:15.038  1774  1845 D WindowManager: Set transition=TransitionRecord{20cc4 id=29280 type=OPEN flags=0x0}, ready=true, SyncId=29280 
12-30 16:38:15.039  1774  1845 D SurfaceComposerClient: Transaction::apply InputWindowCommands.focusRequests timestamp=2184169074406799, windowName=<null>
12-30 16:38:15.039  1229  1971 I SurfaceFlinger: sf.setTransactionState focusRequest transactionId:7619275073593 frontWin:<null>
12-30 16:38:15.040 31697 31697 E Zygote  : process_name_ptr:31697 com.yourname.pdftoolkit.debug
12-30 16:38:15.040 31697 31697 E zygote64: Failed to parse /product/etc/mfz.xml: Tinyxml2 error (3): Error=XML_ERROR_FILE_NOT_FOUND ErrorID=3 (0x3) Line number=0: filename=/product/etc/mfz.xml
12-30 16:38:15.040 31697 31697 E zygote64: MemoryFreeze XMLFile not found
12-30 16:38:15.040  1774  2818 D SchedBoost: com.mi.android.globallauncher boosting, skip reset priority
12-30 16:38:15.040  1774  1845 I SmartPower: com.yourname.pdftoolkit.debug/11117(0): died->visible(11778ms) R(become visible) adj=-10000.
12-30 16:38:15.040  1774  1845 W WindowManager: real show surface Splash Screen com.yourname.pdftoolkit.debug sc:Surface(name=Splash Screen com.yourname.pdftoolkit.debug)/@0x413443a
12-30 16:38:15.041  1774  1845 D WindowManager: Final targets: [Task{d6fd571 #6517 type=standard A=11117:com.yourname.pdftoolkit.debug}, Task{604b10d #5203 type=home}]
12-30 16:38:15.041  1229  1971 E BufferQueueDebug: [Transition Root: Task=6517#395057](this:0xb4000075d7b15a30,id:-1,api:0,p:-1,c:-1) id info cannot be read from 'Transition Root: Task=6517#395057'
12-30 16:38:15.041  1229  1971 I BufferQueueDebug: [Transition Root: Task=6517#395057](this:0xb4000075d7b15a30,id:-1,api:0,p:-1,c:-1) BufferQueue core=(1229:/system/bin/surfaceflinger)
12-30 16:38:15.042  1774  2125 I MiuiNetworkPolicy: updateUidState uid = 99154, uidState = 3
12-30 16:38:15.042  1229  1229 I SurfaceFlinger: sf.transactionReadyTimelineCheck focusRequest transactionId:7619275073593 vsyncId: -1
12-30 16:38:15.043  1229  1229 D SurfaceFlinger: Focus addInputWindowCommands timestamp=2184169074406799, windowName=<null>
12-30 16:38:15.043  1774  1845 D WindowManager: Calling onTransitionReady info={id=29280 t=OPEN f=0x0 trk=0 r=[0@Point(0, 0)] c=[{WCT{RemoteToken{f0ffce1 Task{d6fd571 #6517 type=standard A=11117:com.yourname.pdftoolkit.debug}}} m=OPEN f=NONE leash=Surface(name=Task=6517)/@0x9d9e8eb sb=Rect(0, 0 - 1080, 2408) eb=Rect(0, 0 - 1080, 2408) d=0},{WCT{RemoteToken{9e8fb06 Task{604b10d #5203 type=home}}} m=TO_BACK f=SHOW_WALLPAPER leash=Surface(name=Task=5203)/@0xb5ed5eb sb=Rect(0, 0 - 1080, 2408) eb=Rect(0, 0 - 1080, 2408) d=0}] noAni=[false]}, mToken=Token{fe16a06 TransitionRecord{20cc4 id=29280 type=OPEN flags=0x0}}
12-30 16:38:15.043  1774  2818 I SmartPower: com.google.android.gms/10178(16618): idle->background(2075ms) R(service create com.google.android.gms/.measurement.service.MeasurementBrokerService) adj=0.
12-30 16:38:15.043  1229  1229 D SurfaceFlinger: Find Focus windowName=<null>, notVisible=1
12-30 16:38:15.043  1229  1229 D SurfaceFlinger: Focus inVisible Reason:isVisibleForInput(){hasInputInfo()?canReceiveInput():isVisible()}=0 has=1 can{!isHiddenByPolicy()&&(mBuffer==nullptr||getAlpha()>0.0f)}=0 Hidden=0 Buf=0 getA=0
12-30 16:38:15.043  1229  1229 D SurfaceFlinger: Find Focus windowName=<null>, notVisible=1
12-30 16:38:15.043  1229  1229 D SurfaceFlinger: Focus inVisible Reason:isVisibleForInput(){hasInputInfo()?canReceiveInput():isVisible()}=0 has=1 can{!isHiddenByPolicy()&&(mBuffer==nullptr||getAlpha()>0.0f)}=0 Hidden=0 Buf=0 getA=0
12-30 16:38:15.044  1229  1808 D SurfaceFlinger: updateWinowInfo=1, setFocusedWindow timestamp=2184169074406799, windowName=<null>
12-30 16:38:15.044  1774  1845 I BLASTSyncEngine: finishNow: after onTransactionReady, mSyncId=29280
12-30 16:38:15.044  1161  1438 E TRS     : DpAsyncBlitStream:: thie platform unsupport compress format
12-30 16:38:15.045 15744 15744 D Launcher.Lifecycle: onWindowFocusChanged:false,UserHandle{0},6b6a5b2,true
12-30 16:38:15.047  1229  1316 E BufferQueueDebug: [Surface(name=8ee3c46 StatusBar)/@0xb1e778 - animation-leash of insets_animation#395058](this:0xb40000760a1a7a30,id:-1,api:0,p:-1,c:-1) id info cannot be read from 'Surface(name=8ee3c46 StatusBar)/@0xb1e778 - animation-leash of insets_animation#395058'
12-30 16:38:15.047  1229  1316 I BufferQueueDebug: [Surface(name=8ee3c46 StatusBar)/@0xb1e778 - animation-leash of insets_animation#395058](this:0xb40000760a1a7a30,id:-1,api:0,p:-1,c:-1) BufferQueue core=(1229:/system/bin/surfaceflinger)
12-30 16:38:15.047 16618 16618 D BoundBrokerSvc: onBind: Intent { act=com.google.android.gms.measurement.START pkg=com.google.android.gms }
12-30 16:38:15.047 16618 16618 D BoundBrokerSvc: Loading bound service for intent: Intent { act=com.google.android.gms.measurement.START pkg=com.google.android.gms }
12-30 16:38:15.050  1229  1971 E BufferQueueDebug: [ee44afb ActivityRecordInputSink com.yourname.pdftoolkit.debug/com.yourname.pdftoolkit.ui.MainActivity#395059](this:0xb4000075d7b2aa30,id:-1,api:0,p:-1,c:-1) id info cannot be read from 'ee44afb ActivityRecordInputSink com.yourname.pdftoolkit.debug/com.yourname.pdftoolkit.ui.MainActivity#395059'
12-30 16:38:15.050  1229  1971 I BufferQueueDebug: [ee44afb ActivityRecordInputSink com.yourname.pdftoolkit.debug/com.yourname.pdftoolkit.ui.MainActivity#395059](this:0xb4000075d7b2aa30,id:-1,api:0,p:-1,c:-1) BufferQueue core=(1229:/system/bin/surfaceflinger)
12-30 16:38:15.050  1774  1855 I ActivityManager: Start proc 31697:com.yourname.pdftoolkit.debug/u0a1117 for next-top-activity {com.yourname.pdftoolkit.debug/com.yourname.pdftoolkit.ui.MainActivity} caller=com.mi.android.globallauncher
12-30 16:38:15.054 31697 31697 I dftoolkit.debug: Late-enabling -Xcheck:jni
12-30 16:38:15.057 15744 15883 E ActivityManagerWrapper: getRecentTasks: size=1
12-30 16:38:15.057  2633  2726 D MiuiFullScreenTaskRepository: addOrUpdateFullScreenTaskInfo taskId=6517, topActivity=ComponentInfo{com.yourname.pdftoolkit.debug/com.yourname.pdftoolkit.ui.MainActivity}
12-30 16:38:15.057 15744 15883 E ActivityManagerWrapper: getRecentTasks: mainTaskId=6517   userId=0   windowMode=1   baseIntent=Intent { act=android.intent.action.MAIN flag=270532608 cmp=ComponentInfo{com.yourname.pdftoolkit.debug/com.yourname.pdftoolkit.ui.MainActivity} }
12-30 16:38:15.057  1774  2125 I MiuiNetworkPolicy: updateUidState uid = 11117, uidState = 19
12-30 16:38:15.057  2633  2633 E onWindowDecorRectChanged: start size:1
12-30 16:38:15.057  2633  2633 E onWindowDecorRectChanged: windowDecorRects: Rect(454, 12 - 625, 105)
12-30 16:38:15.058 15744 25680 D RemoteAnimationAdapterCompat: startAnimation   start
12-30 16:38:15.059  1229  1316 E BufferQueueDebug: [Surface(name=Task=6517)/@0x88d0c2a_transition-leash#395060](this:0xb40000760a1aaa30,id:-1,api:0,p:-1,c:-1) id info cannot be read from 'Surface(name=Task=6517)/@0x88d0c2a_transition-leash#395060'
12-30 16:38:15.059  1229  1316 I BufferQueueDebug: [Surface(name=Task=6517)/@0x88d0c2a_transition-leash#395060](this:0xb40000760a1aaa30,id:-1,api:0,p:-1,c:-1) BufferQueue core=(1229:/system/bin/surfaceflinger)
12-30 16:38:15.060  1178  1262 I mtkpower@impl: [powerd_req] TIMER_MSG_PERF_LOCK_TIMEOUT hdl:1817545
12-30 16:38:15.060  1178  1262 I libPowerHal: [perfLockRel] hdl:1817545, idx:1
12-30 16:38:15.060  1178  1262 I libPowerHal: [PD] MTKPOWER_HINT_APP_TOUCH update cmd:410000 param:0
12-30 16:38:15.060  1178  1262 I libPowerHal: [PD] MTKPOWER_HINT_APP_TOUCH update cmd:3408600 param:0
12-30 16:38:15.061  1161  1438 E TRS     : DpAsyncBlitStream:: thie platform unsupport compress format
12-30 16:38:15.063  1229  1316 E BufferQueueDebug: [Surface(name=Task=5203)/@0x59b57b8_transition-leash#395061](this:0xb40000760a1ada30,id:-1,api:0,p:-1,c:-1) id info cannot be read from 'Surface(name=Task=5203)/@0x59b57b8_transition-leash#395061'
12-30 16:38:15.063  1229  1316 I BufferQueueDebug: [Surface(name=Task=5203)/@0x59b57b8_transition-leash#395061](this:0xb40000760a1ada30,id:-1,api:0,p:-1,c:-1) BufferQueue core=(1229:/system/bin/surfaceflinger)
12-30 16:38:15.066  1229  1316 E LayerState: Stripped attempt to set eInputInfoChanged in sanitize
12-30 16:38:15.075  1229  1229 I BufferQueueDebug: [Surface(name=8ee3c46 StatusBar)/@0xb1e778 - animation-leash of insets_animation#395049](this:0xb40000760a230a30,id:-1,api:0,p:-1,c:1229) onDestructor()
12-30 16:38:15.077  1161  1438 E TRS     : DpAsyncBlitStream:: thie platform unsupport compress format
12-30 16:38:15.077 15744 25680 E LauncherAnimationRunner: onAnimationStart
12-30 16:38:15.077 15744 25680 E LauncherAnimationRunner: onAnimationStart:   target=RemoteAnimationTargetCompat{taskId=6517, mode=0, isTranslucent=false, clipRect=Rect(0, 0 - 0, 0), position=Point(0, 0), sourceContainerBounds=Rect(0, 0 - 1080, 2408), prefixOrderIndex=2, isNotInRecents=false, contentInsets=Rect(0, 0 - 0, 0), activityType=1, packageName=com.yourname.pdftoolkit.debug, startBounds=Rect(0, 0 - 1080, 2408), windowType=-1}
12-30 16:38:15.077 15744 25680 E LauncherAnimationRunner: onAnimationStart:   target=RemoteAnimationTargetCompat{taskId=5203, mode=1, isTranslucent=false, clipRect=Rect(0, 0 - 0, 0), position=Point(0, 0), sourceContainerBounds=Rect(0, 0 - 1080, 2408), prefixOrderIndex=1, isNotInRecents=false, contentInsets=Rect(0, 0 - 0, 0), activityType=2, packageName=com.mi.android.globallauncher, startBounds=Rect(0, 0 - 1080, 2408), windowType=-1}
12-30 16:38:15.077 15744 25680 D RemoteAnimationAdapterCompat: startAnimation   end
12-30 16:38:15.080 15744 15744 D BoostRtHelper: boostGesture priority
12-30 16:38:15.080 15744 15744 E QuickstepAppTransitionManagerImpl: startIconLaunchAnimator:launcherClosing=true   iconLoc=Rect(56, 1768 - 217, 1929)
12-30 16:38:15.080 15744 15744 E QuickstepAppTransitionManagerImpl: startOpeningWindowAnimators:iconLoc=Rect(56, 1768 - 217, 1929)
12-30 16:38:15.080 15744 15744 E QuickstepAppTransitionManagerImpl: getWindowTargetBounds    bounds=Rect(0, 0 - 1080, 2408)
12-30 16:38:15.080 15744 15744 E ClipAnimationHelper: updateSourceStack  mSourceInsets=Rect(0, 0 - 0, 0), mSourceStackBounds=Rect(0, 0 - 1080, 2408)
12-30 16:38:15.080 15744 15744 E ClipAnimationHelper: updateHomeStack  mSourceInsets=Rect(0, 0 - 0, 0), mHomeStackBounds=Rect(0, 0 - 1080, 2408)
12-30 16:38:15.080 15744 15744 E ClipAnimationHelper: updateTargetRect  mSourceRect=RectF(0.0, 0.0, 1080.0, 2408.0)   mTargetRect=RectF(0.0, 0.0, 1080.0, 2408.0)   mSourceWindowClipInsets=RectF(0.0, 0.0, 0.0, 0.0)   mHomeStackBounds=Rect(0, 0 - 1080, 2408)   targetRect=Rect(0, 0 - 1080, 2408)
12-30 16:38:15.080 15744 15744 I QuickstepAppTransitionManagerImpl: startOpeningWindowAnimators, currentDisplayRotation=0, homeRotation=0, startRectF=RectF(43.19998, 96.31995, 1036.8, 2311.6802), endRectF=RectF(0.0, 0.0, 1080.0, 2408.0), startRadius = 106.0, endRadius = 106.0, isUseTranslucentAnim = false
12-30 16:38:15.080 15744 15744 E QuickstepAppTransitionManagerImpl: startLauncherContentAnimator:isAppOpening=true
12-30 16:38:15.081  1774  2177 D PerfMTKStubImpl: perfLockAcquire
12-30 16:38:15.081  1774  2177 I mtkpower_client: perf_lock_acq, hdl:1817535, dur:2000, num:8, pid:1774, tid:2177
12-30 16:38:15.081 15744 15777 D Launcher.Boost: setTurboSchedActionWithPriority::threadIds = [15744, 15834]
12-30 16:38:15.082  1774  2177 W ServiceManagerCppClient: Failed to get isDeclared for vendor.mediatek.hardware.mtkpower.IMtkPowerService/default: Status(-1, EX_SECURITY): 'SELinux denied.'
12-30 16:38:15.082  1774  2177 I mtkpower_client: IMtkPowerService_isDeclared 0
12-30 16:38:15.083  1774  2177 I mtkpower_client: ret_hdl:1817549
12-30 16:38:15.083  1774  2177 D SchedBoost: startBoostInternal 2000
12-30 16:38:15.083  1178  1262 I libPowerHal: [perfLockAcq] idx:1 hdl:1817549 hint:-1 pid:1774 duration:2000 lock_user:system_server => ret_hdl:1817549
12-30 16:38:15.083  1178  1262 I libPowerHal: [setGPUFreq] system_server user set gpu freq min:0, max:-1
12-30 16:38:15.083  1178  1262 I libPowerHal: system_server: set gpu opp level: 0
12-30 16:38:15.084  1178  1262 I libPowerHal: system_server: set gpu opp level max: 0
12-30 16:38:15.084  1178  1262 I libPowerHal: [setGPUFreq] Soft min/max = (0, 0); Hard min/max = (33, 0)
12-30 16:38:15.084  1178  1262 I libPowerHal: [setGPUFreq] final min/max = (0, 0)
12-30 16:38:15.084  1178  1262 I libPowerHal: system_server: set gpu opp level: 0
12-30 16:38:15.084  1178  1262 I libPowerHal: system_server: set gpu opp level max: 0
12-30 16:38:15.091  1229  1229 I BufferQueueProducer: [StatusBar#102](this:0xb40000761f4cca30,id:-1,api:0,p:-1,c:1229) queueBuffer: fps=0.84 dur=1186.76 max=1186.76 min=1186.76
12-30 16:38:15.093  1161  1438 E TRS     : DpAsyncBlitStream:: thie platform unsupport compress format
12-30 16:38:15.093 31697 31697 I dftoolkit.debug: Using CollectorTypeCC GC.
12-30 16:38:15.100 21560 21565 I adbd    : jdwp connection from 31697
12-30 16:38:15.105 31697 31697 D nativeloader: Load libframework-connectivity-tiramisu-jni.so using APEX ns com_android_tethering for caller /apex/com.android.tethering/javalib/framework-connectivity-t.jar: ok
12-30 16:38:15.109  1161  1438 E TRS     : DpAsyncBlitStream:: thie platform unsupport compress format
12-30 16:38:15.112 15744 15845 D Launcher.Boost: bindcore 68
12-30 16:38:15.114 15744 23982 D RecentsModel: onTaskStackChangedBackground
12-30 16:38:15.114  5378  7123 I SCTaskStackListener: onTaskStackChanged! inSplit = false
12-30 16:38:15.114  2633  2633 I FocusedNotifPromptContr: onTopActivityMayChanged: topActivity=com.mi.android.globallauncher
12-30 16:38:15.114  2633  2633 I FocusedNotifPromptContr: topActivityMayChanged: topActivity=com.mi.android.globallauncher
12-30 16:38:15.114  2633  2633 D KeyguardEditorHelper: onTopActivityMayChanged, topActivity=ComponentInfo{com.mi.android.globallauncher/com.miui.home.launcher.Launcher}; mState=IDEL
12-30 16:38:15.115  5378 23180 I SCTaskStackListener: onTaskStackChanged! inSplit = false
12-30 16:38:15.115 15744 20388 D RecentsModel: onTaskStackChangedBackground
12-30 16:38:15.115 15744 20388 D EventBus: No subscribers registered for event class com.miui.home.recents.messages.RecentTasksChangedEvent
12-30 16:38:15.116 15744 20388 D EventBus: No subscribers registered for event class org.greenrobot.eventbus.NoSubscriberEvent
12-30 16:38:15.116 15744 15883 D RecentsModel: onTaskStackChangedBackground    MSG_TASK_STACK_CHANGE
12-30 16:38:15.116 15744 15883 D RecentsModel: preloadRecents
12-30 16:38:15.116 15744 15883 W RecentsModel: getRunningTask
12-30 16:38:15.116 31697 31697 I MessageMonitor: Load libmiui_runtime
12-30 16:38:15.117 15744 15883 W RecentsModel: getRunningTask   taskInfo=TaskInfo{userId=0 taskId=5204 displayId=0 isRunning=true baseIntent=Intent { act=android.intent.action.MAIN cat=[android.intent.category.HOME] flg=0x10000100 cmp=com.mi.android.globallauncher/com.miui.home.launcher.Launcher } baseActivity=ComponentInfo{com.mi.android.globallauncher/com.miui.home.launcher.Launcher} topActivity=ComponentInfo{com.mi.android.globallauncher/com.miui.home.launcher.Launcher} origActivity=null realActivity=ComponentInfo{com.mi.android.globallauncher/com.miui.home.launcher.Launcher} numActivities=1 lastActiveTime=3569413462 supportsSplitScreenMultiWindow=true supportsMultiWindow=true resizeMode=2 isResizeable=true minWidth=-1 minHeight=-1 defaultMinSize=200 token=WCT{android.window.IWindowContainerToken$Stub$Proxy@c6bd739} topActivityType=2 pictureInPictureParams=null shouldDockBigOverlays=false launchIntoPipHostTaskId=-1 lastParentTaskIdBeforePip=-1 displayCutoutSafeInsets=Rect(0, 76 - 0, 0) topActivityInfo=ActivityInfo{494317e com.miui.home.launcher.Launcher} launchCookies=[] positionInParent=Point(0, 0) parentTaskId=-1 isFocused=true isVisible=true isVisibleRequested=false isSleeping=false topActivityInSizeCompat=false topActivityEligibleForLetterboxEducation= false topActivityLetterboxed= false isFromDoubleTap= false topActivityLetterboxVerticalPosition= -1 topActivityLetterboxHorizontalPosition= -1 topActivityLetterboxWidth=-1 topActivityLetterboxHeight=-1 locusId=null displayAreaFeatureId=1 cameraCompatControlState=hidden mIsCastMode=false mTopActivityMediaSize=null mTopActivityRecordName=ActivityRecord{40bc7ed u0 com.mi.android.globallauncher/com.miui.home.launcher.Launcher t5204} mTopActivityOrientation=-2 mTopActivityWindowIsNowVisible=false isTranslucent=true isEmbedded=false shouldBeVisible=false mBehindAppLockPkg=null mOriginatingUid=0}
12-30 16:38:15.117 15744 15883 W RecentsModel: getTaskInfoIgnoreHomeAndFreeform   taskInfo=ComponentInfo{com.mi.android.globallauncher/com.miui.home.launcher.Launcher}
12-30 16:38:15.118 15744 15883 E ActivityManagerWrapper: get all recent tasks force including 5204
12-30 16:38:15.119 15744 15776 D StatusBarController: handleMessage: flag 800000  disable false
12-30 16:38:15.119 15744 15744 D Launcher_WallpaperUtils: changeStatusBarMode:false
12-30 16:38:15.120  1774  2232 D SymlinkUtils: attachApplication file op go pass: 0 ms
12-30 16:38:15.121 15744 15883 E ActivityManagerWrapper: getRecentTasks: size=1
12-30 16:38:15.121 15744 15883 E ActivityManagerWrapper: getRecentTasks: mainTaskId=6517   userId=0   windowMode=1   baseIntent=Intent { act=android.intent.action.MAIN flag=270532608 cmp=ComponentInfo{com.yourname.pdftoolkit.debug/com.yourname.pdftoolkit.ui.MainActivity} }
12-30 16:38:15.122  1774  2232 W MiuiBoosterUtils: enable_miuibooster : false ,isInit: true
12-30 16:38:15.123  2633  2726 D MiuiFullScreenTaskRepository: addOrUpdateFullScreenTaskInfo taskId=6517, topActivity=ComponentInfo{com.yourname.pdftoolkit.debug/com.yourname.pdftoolkit.ui.MainActivity}
12-30 16:38:15.126  1161  1438 E TRS     : DpAsyncBlitStream:: thie platform unsupport compress format
12-30 16:38:15.126  1774  2232 I PowerHalWrapper: amsBoostNotify pid:31697,activity:com.yourname.pdftoolkit.ui.MainActivity, package:com.yourname.pdftoolkit.debug, mProcessCreatePackcom.yourname.pdftoolkit.debug 
12-30 16:38:15.126  1774  2232 I PowerHalWrapper: state: 1 
12-30 16:38:15.127  1774  2232 I mtkpower_client: [Legacy][PowerHal_Wrap_notifyAppState] com.yourname.pdftoolkit.debug/com.yourname.pdftoolkit.ui.MainActivity pid=31697 state:1
12-30 16:38:15.127  1178  1262 I libPowerHal: [perfNotifyAppState] pack:com.yourname.pdftoolkit.debug, act:com.yourname.pdftoolkit.ui.MainActivity, state:1, pid:31697, uid:11117, fps:-1
12-30 16:38:15.127  1178  1262 I libPowerHal: [perfNotifyAppState] foreground:com.yourname.pdftoolkit.debug, pid:31697, uid:11117
12-30 16:38:15.127  1178  1262 E UxUtility: notifyAppState error = NULL
12-30 16:38:15.127  1178  1262 I TouchUtility: notifyAppState error = NULL
12-30 16:38:15.128  1178  1204 I mtkpower@impl: [notifyAppState] pc:1, com.mi.android.globallauncher => com.yourname.pdftoolkit.debug
12-30 16:38:15.129  1774  2232 I PowerHalWrapper: amsBoostNotify AMS_BOOST_PROCESS_CREATE_BOOST:true 
12-30 16:38:15.129  1774  2232 W AppContinuityRouterStub: mNotificationPolicyService or activityRecord is null.
12-30 16:38:15.131  6724 10407 D PerfEngineController: ForegroundInfo{mForegroundPackageName='com.yourname.pdftoolkit.debug', mForegroundUid=11117, mForegroundPid=31697, mLastForegroundPackageName='com.mi.android.globallauncher', mLastForegroundUid=10073, mLastForegroundPid=15744, mMultiWindowForegroundPackageName='com.yourname.pdftoolkit.debug', mMultiWindowForegroundUid=11117, mFlags=1}
12-30 16:38:15.131 15744 20388 D AppObserver: ForegroundInfo{mForegroundPackageName='com.yourname.pdftoolkit.debug', mForegroundUid=11117, mForegroundPid=31697, mLastForegroundPackageName='com.mi.android.globallauncher', mLastForegroundUid=10073, mLastForegroundPid=15744, mMultiWindowForegroundPackageName='com.yourname.pdftoolkit.debug', mMultiWindowForegroundUid=11117, mFlags=1}
12-30 16:38:15.131  5378  7123 I ProcessMonitor: onForegroundInfoChanged: ForegroundInfo{mForegroundPackageName='com.yourname.pdftoolkit.debug', mForegroundUid=11117, mForegroundPid=31697, mLastForegroundPackageName='com.mi.android.globallauncher', mLastForegroundUid=10073, mLastForegroundPid=15744, mMultiWindowForegroundPackageName='com.yourname.pdftoolkit.debug', mMultiWindowForegroundUid=11117, mFlags=1}
12-30 16:38:15.132  6728 11395 I GST     : forePkg: com.yourname.pdftoolkit.debug, preForePkg: com.mi.android.globallauncher
12-30 16:38:15.134  1774  1844 D ActivityManager: mediaResourceManagerBinder get success
12-30 16:38:15.134  1774  2125 I MiuiNetworkPolicy: updateUidState uid = 11117, uidState = 2
12-30 16:38:15.134  1774  1842 D Aurogon :  uid = 11117 switch to FG
12-30 16:38:15.134  1436  8219 D ResourceManagerService: update package name: com.yourname.pdftoolkit.debug
12-30 16:38:15.134  6016 26664 D PMonitor:  onForegroundActivitiesChanged:pid = 31697,activity-uid=11117,foregroundActivities=true
12-30 16:38:15.135  5378 23180 D v1      : myUserId = 0	currentUserId0
12-30 16:38:15.136  5378  7123 I GameBoosterService: onForegroundInfoChanged: Cur=com.yourname.pdftoolkit.debug	 last=com.mi.android.globallauncher
12-30 16:38:15.136  1436  8219 D ResourceManagerService: packageName: com.yourname.pdftoolkit.debug, uid : 11117, hashCode : 34373462
12-30 16:38:15.137  1436  8219 D ResourceManagerService: ResourceManagerService::setCodecsVppMode
12-30 16:38:15.137  1436  8219 D ResourceManagerService: all codecs setVppMode return fail
