
> Configure project :app
No keystore found or F-Droid build - skipping signing

> Task :app:preBuild UP-TO-DATE
> Task :app:prePlaystoreReleaseBuild UP-TO-DATE
> Task :app:generatePlaystoreReleaseBuildConfig FROM-CACHE
> Task :app:generatePlaystoreReleaseResValues
> Task :app:mapPlaystoreReleaseSourceSetPaths
> Task :app:generatePlaystoreReleaseResources FROM-CACHE
> Task :app:checkPlaystoreReleaseAarMetadata
> Task :app:mergePlaystoreReleaseResources FROM-CACHE
> Task :app:packagePlaystoreReleaseResources FROM-CACHE
> Task :app:parsePlaystoreReleaseLocalResources FROM-CACHE
> Task :app:createPlaystoreReleaseCompatibleScreenManifests
> Task :app:extractDeepLinksPlaystoreRelease
> Task :app:processPlaystoreReleaseMainManifest FROM-CACHE
> Task :app:processPlaystoreReleaseManifest FROM-CACHE
> Task :app:processPlaystoreReleaseManifestForPackage FROM-CACHE
> Task :app:processPlaystoreReleaseResources FROM-CACHE
> Task :app:kspPlaystoreReleaseKotlin FROM-CACHE
> Task :app:compilePlaystoreReleaseKotlin
./gradlew : e: file:///C:/Users/chait/Projects/pdf_tools/app/src/main/java/com/
yourname/pdftoolkit/ui/MainActivity.kt:48:22 Unresolved reference: 
AppCompatActivity
At line:1 char:1
+ ./gradlew :app:compilePlaystoreReleaseKotlin 2>&1 | Out-File compile- ...
+ ~~~~~~~~~~~~~~~~~~~~~~~~~~~~~~~~~~~~~~~~~~~~~~~~~
    + CategoryInfo          : NotSpecified: (e: file:///C:/U...pCompatActivity 
   :String) [], RemoteException
    + FullyQualifiedErrorId : NativeCommandError
 
e: file:///C:/Users/chait/Projects/pdf_tools/app/src/main/java/com/yourname/pdf
toolkit/ui/MainActivity.kt:65:5 'onCreate' overrides nothing
e: file:///C:/Users/chait/Projects/pdf_tools/app/src/main/java/com/yourname/pdf
toolkit/ui/MainActivity.kt:67:44 Type mismatch: inferred type is MainActivity 
but Context was expected
e: file:///C:/Users/chait/Projects/pdf_tools/app/src/main/java/com/yourname/pdf
toolkit/ui/MainActivity.kt:68:9 Unresolved reference. None of the following 
candidates is applicable because of receiver type mismatch: 
public fun ComponentActivity.enableEdgeToEdge(statusBarStyle: SystemBarStyle = 
..., navigationBarStyle: SystemBarStyle = ...): Unit defined in 
androidx.activity
e: file:///C:/Users/chait/Projects/pdf_tools/app/src/main/java/com/yourname/pdf
toolkit/ui/MainActivity.kt:69:15 Unresolved reference: onCreate
e: file:///C:/Users/chait/Projects/pdf_tools/app/src/main/java/com/yourname/pdf
toolkit/ui/MainActivity.kt:74:26 Unresolved reference: intent
e: file:///C:/Users/chait/Projects/pdf_tools/app/src/main/java/com/yourname/pdf
toolkit/ui/MainActivity.kt:81:9 Unresolved reference. None of the following 
candidates is applicable because of receiver type mismatch: 
public fun ComponentActivity.setContent(parent: CompositionContext? = ..., 
content: () -> Unit): Unit defined in androidx.activity.compose
e: file:///C:/Users/chait/Projects/pdf_tools/app/src/main/java/com/yourname/pdf
toolkit/ui/MainActivity.kt:103:57 Type mismatch: inferred type is MainActivity 
but Activity was expected
e: file:///C:/Users/chait/Projects/pdf_tools/app/src/main/java/com/yourname/pdf
toolkit/ui/MainActivity.kt:130:5 'onDestroy' overrides nothing
e: file:///C:/Users/chait/Projects/pdf_tools/app/src/main/java/com/yourname/pdf
toolkit/ui/MainActivity.kt:131:15 Unresolved reference: onDestroy
e: file:///C:/Users/chait/Projects/pdf_tools/app/src/main/java/com/yourname/pdf
toolkit/ui/MainActivity.kt:132:13 Unresolved reference: isFinishing
e: file:///C:/Users/chait/Projects/pdf_tools/app/src/main/java/com/yourname/pdf
toolkit/ui/MainActivity.kt:138:66 Unresolved reference: applicationContext
e: file:///C:/Users/chait/Projects/pdf_tools/app/src/main/java/com/yourname/pdf
toolkit/ui/MainActivity.kt:147:5 'onNewIntent' overrides nothing
e: file:///C:/Users/chait/Projects/pdf_tools/app/src/main/java/com/yourname/pdf
toolkit/ui/MainActivity.kt:148:15 Unresolved reference: onNewIntent
e: file:///C:/Users/chait/Projects/pdf_tools/app/src/main/java/com/yourname/pdf
toolkit/ui/MainActivity.kt:149:9 Unresolved reference: setIntent
e: file:///C:/Users/chait/Projects/pdf_tools/app/src/main/java/com/yourname/pdf
toolkit/ui/MainActivity.kt:208:24 Unresolved reference: contentResolver
e: file:///C:/Users/chait/Projects/pdf_tools/app/src/main/java/com/yourname/pdf
toolkit/ui/MainActivity.kt:258:17 Unresolved reference. None of the following 
candidates is applicable because of receiver type mismatch: 
public val LifecycleOwner.lifecycleScope: LifecycleCoroutineScope defined in 
androidx.lifecycle
e: file:///C:/Users/chait/Projects/pdf_tools/app/src/main/java/com/yourname/pdf
toolkit/ui/MainActivity.kt:259:41 Suspend function 'getAccessibleUri' should 
be called only from a coroutine or another suspend function
e: file:///C:/Users/chait/Projects/pdf_tools/app/src/main/java/com/yourname/pdf
toolkit/ui/MainActivity.kt:294:13 Type mismatch: inferred type is MainActivity 
but Context was expected
e: file:///C:/Users/chait/Projects/pdf_tools/app/src/main/java/com/yourname/pdf
toolkit/ui/MainActivity.kt:304:45 Unresolved reference: applicationContext
e: file:///C:/Users/chait/Projects/pdf_tools/app/src/main/java/com/yourname/pdf
toolkit/ui/MainActivity.kt:320:13 Unresolved reference: contentResolver
e: file:///C:/Users/chait/Projects/pdf_tools/app/src/main/java/com/yourname/pdf
toolkit/ui/MainActivity.kt:346:33 Unresolved reference: cacheDir
e: file:///C:/Users/chait/Projects/pdf_tools/app/src/main/java/com/yourname/pdf
toolkit/ui/MainActivity.kt:357:30 Overload resolution ambiguity: 
public constructor File(p0: File!, p1: String!) defined in java.io.File
public constructor File(p0: String!, p1: String!) defined in java.io.File
e: file:///C:/Users/chait/Projects/pdf_tools/app/src/main/java/com/yourname/pdf
toolkit/ui/MainActivity.kt:363:17 Unresolved reference: contentResolver
e: file:///C:/Users/chait/Projects/pdf_tools/app/src/main/java/com/yourname/pdf
toolkit/ui/MainActivity.kt:382:21 Overload resolution ambiguity: 
public constructor FileOutputStream(p0: File!) defined in 
java.io.FileOutputStream
public constructor FileOutputStream(p0: FileDescriptor!) defined in 
java.io.FileOutputStream
public constructor FileOutputStream(p0: String!) defined in 
java.io.FileOutputStream
e: file:///C:/Users/chait/Projects/pdf_tools/app/src/main/java/com/yourname/pdf
toolkit/ui/MainActivity.kt:382:56 Cannot infer a type for this parameter. 
Please specify it explicitly.
e: file:///C:/Users/chait/Projects/pdf_tools/app/src/main/java/com/yourname/pdf
toolkit/ui/MainActivity.kt:383:45 Overload resolution ambiguity: 
public fun File.copyTo(target: File, overwrite: Boolean = ..., bufferSize: Int 
= ...): File defined in kotlin.io
public fun InputStream.copyTo(out: OutputStream, bufferSize: Int = ...): Long 
defined in kotlin.io
public fun Reader.copyTo(out: Writer, bufferSize: Int = ...): Long defined in 
kotlin.io
e: file:///C:/Users/chait/Projects/pdf_tools/app/src/main/java/com/yourname/pdf
toolkit/ui/MainActivity.kt:392:25 Type mismatch: inferred type is MainActivity 
but Context was expected
e: file:///C:/Users/chait/Projects/pdf_tools/app/src/main/java/com/yourname/pdf
toolkit/ui/MainActivity.kt:393:27 Unresolved reference: packageName
e: file:///C:/Users/chait/Projects/pdf_tools/app/src/main/java/com/yourname/pdf
toolkit/ui/MainActivity.kt:486:25 Unresolved reference: contentResolver
e: file:///C:/Users/chait/Projects/pdf_tools/app/src/main/java/com/yourname/pdf
toolkit/ui/MainActivity.kt:486:83 Cannot infer a type for this parameter. 
Please specify it explicitly.

> Task :app:compilePlaystoreReleaseKotlin FAILED
[Incubating] Problems report is available at: file:///C:/Users/chait/Projects/pdf_tools/build/reports/problems/problems-report.html

FAILURE: Build failed with an exception.

* What went wrong:
Execution failed for task ':app:compilePlaystoreReleaseKotlin'.
> A failure occurred while executing org.jetbrains.kotlin.compilerRunner.Gradle
CompilerRunnerWithWorkers$GradleKotlinCompilerWorkAction
   > Compilation error. See log for more details

* Try:
> Run with --stacktrace option to get the stack trace.
> Run with --info or --debug option to get more log output.
> Run with --scan to get full insights.
> Get more help at https://help.gradle.org.

Deprecated Gradle features were used in this build, making it incompatible with Gradle 9.0.

You can use '--warning-mode all' to show the individual deprecation warnings and determine if they come from your own scripts or plugins.

For more on this, please refer to https://docs.gradle.org/8.11.1/userguide/command_line_interface.html#sec:command_line_warnings in the Gradle documentation.

BUILD FAILED in 2m 6s
16 actionable tasks: 6 executed, 10 from cache
